D/ActivityManager(  486): ACT-IDLE_NOW_MSG from windowsVisible() for idle: ActivityRecord{425791d0 u0 com.example.sanchita.mobilecontrol/.MobileControl}
V/ActivityManager(  486): Stopping ActivityRecord{42734400 u0 com.example.sanchita.mobilecontrol/.SignUp}: nowVisible=true waitingVisible=false finishing=true
V/ActivityManager(  486): Ready to stop: ActivityRecord{42734400 u0 com.example.sanchita.mobilecontrol/.SignUp}
D/KeyguardViewMediator(  486): setHidden false
D/KeyguardUpdateMonitor(  486): sendKeyguardVisibilityChanged(true)
D/KeyguardUpdateMonitor(  486): handleKeyguardVisibilityChanged(1)
D/KeyguardViewMediator(  486): handleMessage enter msg name=SET_HIDDEN
D/KeyguardViewMediator(  486): handleMessage exit msg name=SET_HIDDEN
D/OpenGLRenderer(31180): Flushing caches (mode 0)
D/KeyguardViewMediator(  486): setHidden false
D/KeyguardUpdateMonitor(  486): sendKeyguardVisibilityChanged(true)
D/KeyguardUpdateMonitor(  486): handleKeyguardVisibilityChanged(1)
D/KeyguardViewMediator(  486): handleMessage enter msg name=SET_HIDDEN
D/KeyguardViewMediator(  486): handleMessage exit msg name=SET_HIDDEN
D/KeyguardViewMediator(  486): setHidden false
D/KeyguardUpdateMonitor(  486): sendKeyguardVisibilityChanged(true)
D/KeyguardUpdateMonitor(  486): handleKeyguardVisibilityChanged(1)
D/KeyguardViewMediator(  486): handleMessage enter msg name=SET_HIDDEN
D/KeyguardViewMediator(  486): handleMessage exit msg name=SET_HIDDEN
D/IPCThreadState(  486): [DN #5] BR_CLEAR_DEATH_NOTIFICATION_DONE cookie 0x5cd50f48
I/BufferQueue(  135): [com.example.sanchita.mobilecontrol/com.example.sanchita.mobilecontrol.SignUp](this:0x432e9728,api:0) consumerDisconnect
I/BufferQueue(  135): [com.example.sanchita.mobilecontrol/com.example.sanchita.mobilecontrol.SignUp](this:0x432e9728,api:0) ~BufferQueue
V/ActivityManager(  486): getTasks: max=1, flags=0, receiver=null
V/ActivityManager(  486): com.example.sanchita.mobilecontrol/.MobileControl: task=TaskRecord{427c9870 #2244 A com.example.sanchita.mobilecontrol U 0}
V/ActivityManager(  486): We have pending thumbnails: null
D/NetworkControllerGemini(  574): refreshViews(0), DataConnected=false
D/NetworkControllerGemini(  574): refreshViews(0), set parameters to signal cluster view.
D/SignalClusterViewGemini(  574): setWifiIndicators, visible=true, strengthIcon=2130838059, activityIcon=2130838050, contentDescription=Wifi three bars.
D/NetworkControllerGemini(  574): refreshViews(0), tempPhoneSignalIconId.0 = 2130837990  tempPhoneSignalIconId.1 = 0  tempMobileActivityIconId= 0  tempDataTypeIconId= 2130837939
D/SignalClusterViewGemini(  574): setMobileDataIndicators(0), visible=true, strengthIcon[0] ~ [1] 2130837990 ~ 0
D/SignalClusterViewGemini(  574): setIsAirplaneMode=false
D/SignalClusterViewGemini(  574): setRoamingFlagandResource(0), roaming=true, roamingId=2130837968
D/SignalClusterViewGemini(  574): setRoamingFlagandResource(1), roaming=false, roamingId=0
D/SignalClusterViewGemini(  574): setShowSimIndicator(0), showSimIndicator=false simIndicatorResource = 2130838089
D/SignalClusterViewGemini(  574): setDataNetType3G(0), dataNetType=Type_G
D/SignalClusterViewGemini(  574): apply(), mWifiVisible is true
D/SIMHelper(  574): isSimInserted(0), SimInserted=true
D/SignalClusterViewGemini(  574): apply(), slotId=0, mMobileVisible=true, mShouldMobileGroupVisible=true
D/SignalClusterViewGemini(  574): apply(), slotId=0, mRoaming=true mMobileActivityId=0 mMobileTypeId=2130837939 mMobileStrengthId[0] = 2130837990 mMobileStrengthId[1] = 0
D/SIMHelper(  574): isSimInserted(0), SimInserted=true
D/SIMHelper(  574): isSimInserted(0), SimInserted=true
D/SignalClusterViewGemini(  574): apply(), slot=0, mDataNetType=Type_G resId= 0 simColorId = 0
D/SignalClusterViewGemini(  574): apply(). mIsAirplaneMode is false
D/SIMHelper(  574): isSimInserted(1), SimInserted=true
D/SignalClusterViewGemini(  574): apply(), slotId=1, mMobileVisible=true, mShouldMobileGroupVisible=true
D/SignalClusterViewGemini(  574): apply(), slotId=1, mRoaming=false mMobileActivityId=0 mMobileTypeId=2130837942 mMobileStrengthId[0] = 2130837992 mMobileStrengthId[1] = 0
D/SIMHelper(  574): isSimInserted(1), SimInserted=true
D/SIMHelper(  574): isSimInserted(1), SimInserted=true
D/SignalClusterViewGemini(  574): apply(), slot=1, mDataNetType=Type_G resId= 0 simColorId = 1
D/SignalClusterViewGemini(  574): apply(). mIsAirplaneMode is false
D/NetworkControllerGemini(  574): refreshViews(1), DataConnected=false
D/SignalClusterViewGemini(  574): setRoamingFlagandResource(0), roaming=true, roamingId=2130837968
D/SignalClusterViewGemini(  574): setRoamingFlagandResource(1), roaming=false, roamingId=0
D/SignalClusterViewGemini(  574): setShowSimIndicator(1), showSimIndicator=false simIndicatorResource = 0
D/SignalClusterViewGemini(  574): setDataNetType3G(1), dataNetType=Type_G
D/SignalClusterViewGemini(  574): apply(), mWifiVisible is true
D/SIMHelper(  574): isSimInserted(0), SimInserted=true
D/SignalClusterViewGemini(  574): apply(), slotId=0, mMobileVisible=true, mShouldMobileGroupVisible=true
D/SignalClusterViewGemini(  574): apply(), slotId=0, mRoaming=true mMobileActivityId=0 mMobileTypeId=2130837939 mMobileStrengthId[0] = 2130837990 mMobileStrengthId[1] = 0
D/SIMHelper(  574): isSimInserted(0), SimInserted=true
D/SIMHelper(  574): isSimInserted(0), SimInserted=true
D/SignalClusterViewGemini(  574): apply(), slot=0, mDataNetType=Type_G resId= 0 simColorId = 0
D/SignalClusterViewGemini(  574): apply(). mIsAirplaneMode is false
D/SIMHelper(  574): isSimInserted(1), SimInserted=true
D/SignalClusterViewGemini(  574): apply(), slotId=1, mMobileVisible=true, mShouldMobileGroupVisible=true
D/SignalClusterViewGemini(  574): apply(), slotId=1, mRoaming=false mMobileActivityId=0 mMobileTypeId=2130837942 mMobileStrengthId[0] = 2130837992 mMobileStrengthId[1] = 0
D/SIMHelper(  574): isSimInserted(1), SimInserted=true
D/SIMHelper(  574): isSimInserted(1), SimInserted=true
D/SignalClusterViewGemini(  574): apply(), slot=1, mDataNetType=Type_G resId= 0 simColorId = 1
D/SignalClusterViewGemini(  574): apply(). mIsAirplaneMode is false
I/SurfaceTextureClient(  574): [STC::queueBuffer] (this:0x516265c8) fps:3.31, dur:1811.27, max:820.31, min:28.43
I/BufferQueue(  135): [StatusBar](this:0x41d9ce28,api:1) [queue] fps:3.31, dur:1811.71, max:820.74, min:28.51
I/BufferQueue(  135): [StatusBar](this:0x41d9ce28,api:1) [release] fps:3.33, dur:1802.44, max:811.98, min:19.74
I/BufferQueue(  135): [com.example.sanchita.mobilecontrol/com.example.sanchita.mobilecontrol.MobileControl](this:0x432ea160,api:1) new GraphicBuffer needed
D/BufferQueue(  135):     [OLD] gb:NULL
I/GraphicBuffer(  135): allocate buffer (w:480 h:854 f:1) err(0)
I/BufferQueue(  135):     [NEW] gb=0x418db700, handle=0x41b3e190, w=480, h=854, s=480, fmt=1
I/SurfaceTexture(  135): [com.example.sanchita.mobilecontrol/com.example.sanchita.mobilecontrol.MobileControl](this:0x432c3bb8,api:1) [void* android::SurfaceTexture::createImage(EGLDisplay, const android::sp<android::GraphicBuffer>&)]
D/SurfaceTexture(  135):     GraphicBuffer: gb=0x418db700 handle=0x41b3e190
D/SurfaceTexture(  135):     EGLImage: dpy=0x1, img=0x10000003
V/ActivityManager(  486): getTasks: max=1, flags=0, receiver=null
V/ActivityManager(  486): com.example.sanchita.mobilecontrol/.MobileControl: task=TaskRecord{427c9870 #2244 A com.example.sanchita.mobilecontrol U 0}
V/ActivityManager(  486): We have pending thumbnails: null
V/ActivityManager(  486): getTasks: max=1, flags=0, receiver=null
V/ActivityManager(  486): com.example.sanchita.mobilecontrol/.MobileControl: task=TaskRecord{427c9870 #2244 A com.example.sanchita.mobilecontrol U 0}
V/ActivityManager(  486): We have pending thumbnails: null
V/ActivityManager(  486): getTasks: max=1, flags=0, receiver=null
V/ActivityManager(  486): com.example.sanchita.mobilecontrol/.MobileControl: task=TaskRecord{427c9870 #2244 A com.example.sanchita.mobilecontrol U 0}
V/ActivityManager(  486): We have pending thumbnails: null
V/ActivityManager(  486): getTasks: max=1, flags=0, receiver=null
V/ActivityManager(  486): com.example.sanchita.mobilecontrol/.MobileControl: task=TaskRecord{427c9870 #2244 A com.example.sanchita.mobilecontrol U 0}
V/ActivityManager(  486): We have pending thumbnails: null
V/ActivityManager(  486): getTasks: max=1, flags=0, receiver=null
V/ActivityManager(  486): com.example.sanchita.mobilecontrol/.MobileControl: task=TaskRecord{427c9870 #2244 A com.example.sanchita.mobilecontrol U 0}
V/ActivityManager(  486): We have pending thumbnails: null
V/ActivityManager(  486): getTasks: max=1, flags=0, receiver=null
V/ActivityManager(  486): com.example.sanchita.mobilecontrol/.MobileControl: task=TaskRecord{427c9870 #2244 A com.example.sanchita.mobilecontrol U 0}
V/ActivityManager(  486): We have pending thumbnails: null
I/BufferQueue(  135): [com.example.sanchita.mobilecontrol/com.example.sanchita.mobilecontrol.MobileControl](this:0x432ea160,api:1) new GraphicBuffer needed
D/BufferQueue(  135):     [OLD] gb:NULL
I/GraphicBuffer(  135): allocate buffer (w:480 h:854 f:1) err(0)
I/BufferQueue(  135):     [NEW] gb=0x419771e0, handle=0x4277aa20, w=480, h=854, s=480, fmt=1
I/SurfaceTextureClient(31180): [STC::queueBuffer] (this:0x533ec9a0) fps:1.97, dur:1014.48, max:520.64, min:493.84
I/BufferQueue(  135): [com.example.sanchita.mobilecontrol/com.example.sanchita.mobilecontrol.MobileControl](this:0x432ea160,api:1) [queue] fps:1.97, dur:1014.58, max:520.61, min:493.98
I/SurfaceTexture(  135): [com.example.sanchita.mobilecontrol/com.example.sanchita.mobilecontrol.MobileControl](this:0x432c3bb8,api:1) [void* android::SurfaceTexture::createImage(EGLDisplay, const android::sp<android::GraphicBuffer>&)]
D/SurfaceTexture(  135):     GraphicBuffer: gb=0x419771e0 handle=0x4277aa20
D/SurfaceTexture(  135):     EGLImage: dpy=0x1, img=0x10000005
D/ConnectivityService(  486): getActiveNetworkInfo:NetworkInfo: type: WIFI[], state: CONNECTED/CONNECTED, reason: (unspecified), extra: "RabilalAsylum", roaming: false, failover: false, isAvailable: true, simId: 0/10032
D/ConnectivityService(  486): getActiveNetworkInfo:NetworkInfo: type: WIFI[], state: CONNECTED/CONNECTED, reason: (unspecified), extra: "RabilalAsylum", roaming: false, failover: false, isAvailable: true, simId: 0/10032
V/ActivityManager(  486): getTasks: max=1, flags=0, receiver=null
V/ActivityManager(  486): com.example.sanchita.mobilecontrol/.MobileControl: task=TaskRecord{427c9870 #2244 A com.example.sanchita.mobilecontrol U 0}
V/ActivityManager(  486): We have pending thumbnails: null
D/InputReader(  486): InputReader::monitor: lock
D/InputReader(  486): InputReader::monitor: wait 
D/InputReader(  486): InputReader::monitor: unlock
D/InputReader(  486): InputReader::monitor: done
V/ActivityManager(  486): getTasks: max=1, flags=0, receiver=null
V/ActivityManager(  486): com.example.sanchita.mobilecontrol/.MobileControl: task=TaskRecord{427c9870 #2244 A com.example.sanchita.mobilecontrol U 0}
V/ActivityManager(  486): We have pending thumbnails: null
V/ActivityManager(  486): getTasks: max=1, flags=0, receiver=null
V/ActivityManager(  486): com.example.sanchita.mobilecontrol/.MobileControl: task=TaskRecord{427c9870 #2244 A com.example.sanchita.mobilecontrol U 0}
V/ActivityManager(  486): We have pending thumbnails: null
V/ActivityManager(  486): getTasks: max=1, flags=0, receiver=null
V/ActivityManager(  486): com.example.sanchita.mobilecontrol/.MobileControl: task=TaskRecord{427c9870 #2244 A com.example.sanchita.mobilecontrol U 0}
V/ActivityManager(  486): We have pending thumbnails: null
V/ActivityManager(  486): getTasks: max=1, flags=0, receiver=null
V/ActivityManager(  486): com.example.sanchita.mobilecontrol/.MobileControl: task=TaskRecord{427c9870 #2244 A com.example.sanchita.mobilecontrol U 0}
V/ActivityManager(  486): We have pending thumbnails: null
I/SurfaceFlinger(  135): [SurfaceFlinger] fps:9.181996,dur:1306.91,max:317.22,min:19.73
I/SurfaceTextureClient(  135): [STC::queueBuffer] (this:0x41449630) fps:9.20, dur:1304.47, max:317.21, min:17.68
I/BufferQueue(  135): [FramebufferSurface](this:0x4148a008,api:1) [release] fps:9.20, dur:1304.46, max:317.21, min:17.68
I/BufferQueue(  135): [FramebufferSurface](this:0x4148a008,api:1) [queue] fps:9.18, dur:1307.30, max:316.90, min:19.79
V/ActivityManager(  486): getTasks: max=1, flags=0, receiver=null
V/ActivityManager(  486): com.example.sanchita.mobilecontrol/.MobileControl: task=TaskRecord{427c9870 #2244 A com.example.sanchita.mobilecontrol U 0}
V/ActivityManager(  486): We have pending thumbnails: null
V/ActivityManager(  486): getTasks: max=1, flags=0, receiver=null
V/ActivityManager(  486): com.example.sanchita.mobilecontrol/.MobileControl: task=TaskRecord{427c9870 #2244 A com.example.sanchita.mobilecontrol U 0}
V/ActivityManager(  486): We have pending thumbnails: null
V/ActivityManager(  486): getTasks: max=1, flags=0, receiver=null
V/ActivityManager(  486): com.example.sanchita.mobilecontrol/.MobileControl: task=TaskRecord{427c9870 #2244 A com.example.sanchita.mobilecontrol U 0}
V/ActivityManager(  486): We have pending thumbnails: null
I/SurfaceTextureClient(  574): [STC::queueBuffer] (this:0x516265c8) fps:2.54, dur:1179.66, max:495.21, min:189.58
I/BufferQueue(  135): [StatusBar](this:0x41d9ce28,api:1) [queue] fps:2.54, dur:1179.22, max:495.37, min:189.00
I/BufferQueue(  135): [StatusBar](this:0x41d9ce28,api:1) [release] fps:2.52, dur:1188.48, max:495.26, min:198.07
V/ActivityManager(  486): getTasks: max=1, flags=0, receiver=null
V/ActivityManager(  486): com.example.sanchita.mobilecontrol/.MobileControl: task=TaskRecord{427c9870 #2244 A com.example.sanchita.mobilecontrol U 0}
V/ActivityManager(  486): We have pending thumbnails: null
D/ADB_SERVICES(10721): adb socket read list (15) 
D/ADB_SERVICES(10721): read_data=102966
D/ADB_SERVICES(10721): max_read_time=0.000156 max_send_time=0.000142 
D/ADB_SERVICES(10721): adb local_socket_ready list (15) 
V/ActivityManager(  486): getTasks: max=1, flags=0, receiver=null
V/ActivityManager(  486): com.example.sanchita.mobilecontrol/.MobileControl: task=TaskRecord{427c9870 #2244 A com.example.sanchita.mobilecontrol U 0}
V/ActivityManager(  486): We have pending thumbnails: null
V/ActivityManager(  486): getTasks: max=1, flags=0, receiver=null
V/ActivityManager(  486): com.example.sanchita.mobilecontrol/.MobileControl: task=TaskRecord{427c9870 #2244 A com.example.sanchita.mobilecontrol U 0}
V/ActivityManager(  486): We have pending thumbnails: null
I/BufferQueue(  135): [com.example.sanchita.mobilecontrol/com.example.sanchita.mobilecontrol.MobileControl](this:0x432ea160,api:1) [release] fps:2.02, dur:1485.31, max:495.17, min:494.99
V/ActivityManager(  486): getTasks: max=1, flags=0, receiver=null
V/ActivityManager(  486): com.example.sanchita.mobilecontrol/.MobileControl: task=TaskRecord{427c9870 #2244 A com.example.sanchita.mobilecontrol U 0}
V/ActivityManager(  486): We have pending thumbnails: null
V/ActivityManager(  486): getTasks: max=1, flags=0, receiver=null
V/ActivityManager(  486): com.example.sanchita.mobilecontrol/.MobileControl: task=TaskRecord{427c9870 #2244 A com.example.sanchita.mobilecontrol U 0}
V/ActivityManager(  486): We have pending thumbnails: null
V/ActivityManager(  486): getTasks: max=1, flags=0, receiver=null
V/ActivityManager(  486): com.example.sanchita.mobilecontrol/.MobileControl: task=TaskRecord{427c9870 #2244 A com.example.sanchita.mobilecontrol U 0}
V/ActivityManager(  486): We have pending thumbnails: null
D/KeyguardViewMediator(  486): setHidden false
D/KeyguardUpdateMonitor(  486): sendKeyguardVisibilityChanged(true)
D/KeyguardUpdateMonitor(  486): handleKeyguardVisibilityChanged(1)
D/KeyguardViewMediator(  486): handleMessage enter msg name=SET_HIDDEN
D/KeyguardViewMediator(  486): handleMessage exit msg name=SET_HIDDEN
V/ActivityManager(  486): getTasks: max=1, flags=0, receiver=null
V/ActivityManager(  486): com.example.sanchita.mobilecontrol/.MobileControl: task=TaskRecord{427c9870 #2244 A com.example.sanchita.mobilecontrol U 0}
V/ActivityManager(  486): We have pending thumbnails: null
D/StateMachine(  486): handleMessage: E msg.what=131155
D/StateMachine(  486): processMsg: ConnectedState
D/WifiStateMachine(  486): ConnectedState{ what=131155 when=-4ms arg1=964 target=Handler (com.android.internal.util.StateMachine$SmHandler) {42339cd8} }
D/StateMachine(  486): processMsg: L2ConnectedState
D/WifiStateMachine(  486): L2ConnectedState{ what=131155 when=-5ms arg1=964 target=Handler (com.android.internal.util.StateMachine$SmHandler) {42339cd8} }
D/WifiNative-wlan0(  486): doString: SIGNAL_POLL
D/WifiCommon(  486): [wlan0] SET "SIGNAL_POLL"
D/wpa_supplicant(22171): RX ctrl_iface - hexdump(len=11): 53 49 47 4e 41 4c 5f 50 4f 4c 4c
D/wpa_supplicant(22171): wlan0: Control interface command 'SIGNAL_POLL'
D/wpa_supplicant(22171): nl80211: survey data missing!
I/WifiStateMachine(  486): fetchRssiAndLinkSpeedNative, newRssi:-65, newLinkSpeed:135
D/StateMachine(  486): handleMessage: X
V/ActivityManager(  486): getTasks: max=1, flags=0, receiver=null
V/ActivityManager(  486): com.example.sanchita.mobilecontrol/.MobileControl: task=TaskRecord{427c9870 #2244 A com.example.sanchita.mobilecontrol U 0}
V/ActivityManager(  486): We have pending thumbnails: null
V/ActivityManager(  486): Broadcast sticky: Intent { act=android.intent.action.SIG_STR flg=0x10 (has extras) } ordered=false userid=-1 callerApp=ProcessRecord{42111858 486:system/1000}
D/NetworkControllerGemini(  574): PhoneStateListener:onSignalStrengthsChanged, sim1 before.
D/NetworkControllerGemini(  574): PhoneStateListener:onSignalStrengthsChanged, signalStrength=4
D/NetworkControllerGemini(  574): updateDataNetType(1), DataNetType=1.
D/SIMHelper(  574): isSimInserted(1), SimInserted=true
D/NetworkControllerGemini(  574): updateDataNetType(1), simColorId=1
D/PhoneInterfaceManager(  639): isNetworkRoaming simId=1
D/SIMHelper(  574): isSimInserted(1), SimInserted=true
D/NetworkControllerGemini(  574): updateDataNetType(1), DataNetType3G=Type_G tempDataTypeIconId= 2130837942.
D/SIMHelper(  574): isSimInserted(1), SimInserted=true
D/NetworkControllerGemini(  574): updateTelephonySignalStrength(1), regState=1
D/NetworkControllerGemini(  574): updateTelephonySignalStrength(1), hasService=true
I/SurfaceTextureClient(31180): [STC::queueBuffer] (this:0x533ec9a0) fps:2.00, dur:1499.84, max:517.35, min:487.31
I/BufferQueue(  135): [com.example.sanchita.mobilecontrol/com.example.sanchita.mobilecontrol.MobileControl](this:0x432ea160,api:1) [queue] fps:2.00, dur:1500.53, max:518.14, min:487.22
D/Bluetooth HS/HF(  639): [BT][HFG] [API] mStateReceiver.onReceive(android.intent.action.SIG_STR)
D/PhoneInterfaceManager(  639): isNetworkRoaming simId=1
D/Bluetooth HS/HF(  639): [BT][HFG] [API] mHandler.handleMessage(10)
D/NetworkControllerGemini(  574): updateTelephonySignalStrength(1), isRoaming=false, mInetCondition=1
D/SIMHelper(  574): isSimInserted(1), SimInserted=true
D/NetworkControllerGemini(  574): updateTelephonySignalStrength(1), simColorId=1
D/NetworkControllerGemini(  574): updateTelephonySignalStrength(1), tempDataNetType = Type_G , simColorId=1  tempPhoneSignalIconId[0] = 2130837992  tempPhoneSignalIconId[1] = 0
D/NetworkControllerGemini(  574):  updateTelephonySignalStrength(1) tempSIMCUSignVisible= true
D/NetworkControllerGemini(  574): refreshViews(1), DataConnected=false
D/SignalClusterViewGemini(  574): setRoamingFlagandResource(0), roaming=true, roamingId=2130837968
D/SignalClusterViewGemini(  574): setRoamingFlagandResource(1), roaming=false, roamingId=0
D/SignalClusterViewGemini(  574): setShowSimIndicator(1), showSimIndicator=false simIndicatorResource = 0
D/SignalClusterViewGemini(  574): setDataNetType3G(1), dataNetType=Type_G
D/SignalClusterViewGemini(  574): apply(), mWifiVisible is true
D/SIMHelper(  574): isSimInserted(0), SimInserted=true
D/SignalClusterViewGemini(  574): apply(), slotId=0, mMobileVisible=true, mShouldMobileGroupVisible=true
D/SignalClusterViewGemini(  574): apply(), slotId=0, mRoaming=true mMobileActivityId=0 mMobileTypeId=2130837939 mMobileStrengthId[0] = 2130837990 mMobileStrengthId[1] = 0
D/SIMHelper(  574): isSimInserted(0), SimInserted=true
D/SIMHelper(  574): isSimInserted(0), SimInserted=true
D/SignalClusterViewGemini(  574): apply(), slot=0, mDataNetType=Type_G resId= 0 simColorId = 0
D/SignalClusterViewGemini(  574): apply(). mIsAirplaneMode is false
D/SIMHelper(  574): isSimInserted(1), SimInserted=true
D/SignalClusterViewGemini(  574): apply(), slotId=1, mMobileVisible=true, mShouldMobileGroupVisible=true
D/SignalClusterViewGemini(  574): apply(), slotId=1, mRoaming=false mMobileActivityId=0 mMobileTypeId=2130837942 mMobileStrengthId[0] = 2130837992 mMobileStrengthId[1] = 0
D/SIMHelper(  574): isSimInserted(1), SimInserted=true
D/SIMHelper(  574): isSimInserted(1), SimInserted=true
D/SignalClusterViewGemini(  574): apply(), slot=1, mDataNetType=Type_G resId= 0 simColorId = 1
D/SignalClusterViewGemini(  574): apply(). mIsAirplaneMode is false
D/NetworkControllerGemini(  574): PhoneStateListener:onSignalStrengthsChanged, sim1 after.
I/SurfaceFlinger(  135): [SurfaceFlinger] fps:2.967280,dur:1011.03,max:515.70,min:178.44
I/SurfaceTextureClient(  135): [STC::queueBuffer] (this:0x41449630) fps:2.97, dur:1011.29, max:516.04, min:178.37
I/BufferQueue(  135): [FramebufferSurface](this:0x4148a008,api:1) [release] fps:2.97, dur:1011.28, max:516.09, min:178.31
I/BufferQueue(  135): [FramebufferSurface](this:0x4148a008,api:1) [queue] fps:2.97, dur:1010.17, max:514.94, min:178.25
V/ActivityManager(  486): getTasks: max=1, flags=0, receiver=null
V/ActivityManager(  486): com.example.sanchita.mobilecontrol/.MobileControl: task=TaskRecord{427c9870 #2244 A com.example.sanchita.mobilecontrol U 0}
V/ActivityManager(  486): We have pending thumbnails: null
V/ActivityManager(  486): getTasks: max=1, flags=0, receiver=null
V/ActivityManager(  486): com.example.sanchita.mobilecontrol/.MobileControl: task=TaskRecord{427c9870 #2244 A com.example.sanchita.mobilecontrol U 0}
V/ActivityManager(  486): We have pending thumbnails: null
I/SurfaceTextureClient(  574): [STC::queueBuffer] (this:0x516265c8) fps:0.99, dur:1010.24, max:1010.24, min:1010.24
I/BufferQueue(  135): [StatusBar](this:0x41d9ce28,api:1) [queue] fps:0.99, dur:1010.47, max:1010.47, min:1010.47
V/ActivityManager(  486): getTasks: max=1, flags=0, receiver=null
V/ActivityManager(  486): com.example.sanchita.mobilecontrol/.MobileControl: task=TaskRecord{427c9870 #2244 A com.example.sanchita.mobilecontrol U 0}
V/ActivityManager(  486): We have pending thumbnails: null
I/BufferQueue(  135): [StatusBar](this:0x41d9ce28,api:1) [release] fps:0.99, dur:1010.17, max:1010.17, min:1010.17
V/ActivityManager(  486): getTasks: max=1, flags=0, receiver=null
V/ActivityManager(  486): com.example.sanchita.mobilecontrol/.MobileControl: task=TaskRecord{427c9870 #2244 A com.example.sanchita.mobilecontrol U 0}
V/ActivityManager(  486): We have pending thumbnails: null
V/ActivityManager(  486): getTasks: max=1, flags=0, receiver=null
V/ActivityManager(  486): com.example.sanchita.mobilecontrol/.MobileControl: task=TaskRecord{427c9870 #2244 A com.example.sanchita.mobilecontrol U 0}
V/ActivityManager(  486): We have pending thumbnails: null
V/ActivityManager(  486): getTasks: max=1, flags=0, receiver=null
V/ActivityManager(  486): com.example.sanchita.mobilecontrol/.MobileControl: task=TaskRecord{427c9870 #2244 A com.example.sanchita.mobilecontrol U 0}
V/ActivityManager(  486): We have pending thumbnails: null
I/BufferQueue(  135): [com.example.sanchita.mobilecontrol/com.example.sanchita.mobilecontrol.MobileControl](this:0x432ea160,api:1) [release] fps:1.98, dur:1010.08, max:515.84, min:494.24
V/ActivityManager(  486): getTasks: max=1, flags=0, receiver=null
V/ActivityManager(  486): com.example.sanchita.mobilecontrol/.MobileControl: task=TaskRecord{427c9870 #2244 A com.example.sanchita.mobilecontrol U 0}
V/ActivityManager(  486): We have pending thumbnails: null
V/ActivityManager(  486): getTasks: max=1, flags=0, receiver=null
V/ActivityManager(  486): com.example.sanchita.mobilecontrol/.MobileControl: task=TaskRecord{427c9870 #2244 A com.example.sanchita.mobilecontrol U 0}
V/ActivityManager(  486): We have pending thumbnails: null
V/ActivityManager(  486): getTasks: max=1, flags=0, receiver=null
V/ActivityManager(  486): com.example.sanchita.mobilecontrol/.MobileControl: task=TaskRecord{427c9870 #2244 A com.example.sanchita.mobilecontrol U 0}
V/ActivityManager(  486): We have pending thumbnails: null
V/ActivityManager(  486): getTasks: max=1, flags=0, receiver=null
V/ActivityManager(  486): com.example.sanchita.mobilecontrol/.MobileControl: task=TaskRecord{427c9870 #2244 A com.example.sanchita.mobilecontrol U 0}
V/ActivityManager(  486): We have pending thumbnails: null
D/NetworkControllerGemini(  574): refreshViews(0), DataConnected=false
D/NetworkControllerGemini(  574): refreshViews(0), set parameters to signal cluster view.
D/SignalClusterViewGemini(  574): setWifiIndicators, visible=true, strengthIcon=2130838059, activityIcon=2130838051, contentDescription=Wifi three bars.
D/NetworkControllerGemini(  574): refreshViews(0), tempPhoneSignalIconId.0 = 2130837990  tempPhoneSignalIconId.1 = 0  tempMobileActivityIconId= 0  tempDataTypeIconId= 2130837939
D/SignalClusterViewGemini(  574): setMobileDataIndicators(0), visible=true, strengthIcon[0] ~ [1] 2130837990 ~ 0
D/SignalClusterViewGemini(  574): setIsAirplaneMode=false
D/SignalClusterViewGemini(  574): setRoamingFlagandResource(0), roaming=true, roamingId=2130837968
D/SignalClusterViewGemini(  574): setRoamingFlagandResource(1), roaming=false, roamingId=0
D/SignalClusterViewGemini(  574): setShowSimIndicator(0), showSimIndicator=false simIndicatorResource = 2130838089
D/SignalClusterViewGemini(  574): setDataNetType3G(0), dataNetType=Type_G
D/SignalClusterViewGemini(  574): apply(), mWifiVisible is true
D/SIMHelper(  574): isSimInserted(0), SimInserted=true
D/SignalClusterViewGemini(  574): apply(), slotId=0, mMobileVisible=true, mShouldMobileGroupVisible=true
D/SignalClusterViewGemini(  574): apply(), slotId=0, mRoaming=true mMobileActivityId=0 mMobileTypeId=2130837939 mMobileStrengthId[0] = 2130837990 mMobileStrengthId[1] = 0
D/SIMHelper(  574): isSimInserted(0), SimInserted=true
D/SIMHelper(  574): isSimInserted(0), SimInserted=true
D/SignalClusterViewGemini(  574): apply(), slot=0, mDataNetType=Type_G resId= 0 simColorId = 0
D/SignalClusterViewGemini(  574): apply(). mIsAirplaneMode is false
D/SIMHelper(  574): isSimInserted(1), SimInserted=true
D/SignalClusterViewGemini(  574): apply(), slotId=1, mMobileVisible=true, mShouldMobileGroupVisible=true
D/SignalClusterViewGemini(  574): apply(), slotId=1, mRoaming=false mMobileActivityId=0 mMobileTypeId=2130837942 mMobileStrengthId[0] = 2130837992 mMobileStrengthId[1] = 0
D/SIMHelper(  574): isSimInserted(1), SimInserted=true
D/SIMHelper(  574): isSimInserted(1), SimInserted=true
D/SignalClusterViewGemini(  574): apply(), slot=1, mDataNetType=Type_G resId= 0 simColorId = 1
D/SignalClusterViewGemini(  574): apply(). mIsAirplaneMode is false
D/NetworkControllerGemini(  574): refreshViews(1), DataConnected=false
V/ActivityManager(  486): getTasks: max=1, flags=0, receiver=null
V/ActivityManager(  486): com.example.sanchita.mobilecontrol/.MobileControl: task=TaskRecord{427c9870 #2244 A com.example.sanchita.mobilecontrol U 0}
V/ActivityManager(  486): We have pending thumbnails: null
D/SignalClusterViewGemini(  574): setRoamingFlagandResource(0), roaming=true, roamingId=2130837968
D/SignalClusterViewGemini(  574): setRoamingFlagandResource(1), roaming=false, roamingId=0
D/SignalClusterViewGemini(  574): setShowSimIndicator(1), showSimIndicator=false simIndicatorResource = 0
D/SignalClusterViewGemini(  574): setDataNetType3G(1), dataNetType=Type_G
D/SignalClusterViewGemini(  574): apply(), mWifiVisible is true
D/SIMHelper(  574): isSimInserted(0), SimInserted=true
D/SignalClusterViewGemini(  574): apply(), slotId=0, mMobileVisible=true, mShouldMobileGroupVisible=true
D/SignalClusterViewGemini(  574): apply(), slotId=0, mRoaming=true mMobileActivityId=0 mMobileTypeId=2130837939 mMobileStrengthId[0] = 2130837990 mMobileStrengthId[1] = 0
D/SIMHelper(  574): isSimInserted(0), SimInserted=true
D/SIMHelper(  574): isSimInserted(0), SimInserted=true
D/SignalClusterViewGemini(  574): apply(), slot=0, mDataNetType=Type_G resId= 0 simColorId = 0
D/SignalClusterViewGemini(  574): apply(). mIsAirplaneMode is false
D/SIMHelper(  574): isSimInserted(1), SimInserted=true
D/SignalClusterViewGemini(  574): apply(), slotId=1, mMobileVisible=true, mShouldMobileGroupVisible=true
D/SignalClusterViewGemini(  574): apply(), slotId=1, mRoaming=false mMobileActivityId=0 mMobileTypeId=2130837942 mMobileStrengthId[0] = 2130837992 mMobileStrengthId[1] = 0
D/SIMHelper(  574): isSimInserted(1), SimInserted=true
D/SIMHelper(  574): isSimInserted(1), SimInserted=true
D/SignalClusterViewGemini(  574): apply(), slot=1, mDataNetType=Type_G resId= 0 simColorId = 1
D/SignalClusterViewGemini(  574): apply(). mIsAirplaneMode is false
I/SurfaceFlinger(  135): [SurfaceFlinger] fps:4.953290,dur:1009.43,max:317.06,min:19.86
I/SurfaceTextureClient(  135): [STC::queueBuffer] (this:0x41449630) fps:4.95, dur:1009.23, max:316.97, min:19.75
I/BufferQueue(  135): [FramebufferSurface](this:0x4148a008,api:1) [release] fps:4.95, dur:1009.22, max:316.96, min:19.79
I/BufferQueue(  135): [FramebufferSurface](this:0x4148a008,api:1) [queue] fps:4.95, dur:1010.22, max:316.82, min:19.80
V/ActivityManager(  486): getTasks: max=1, flags=0, receiver=null
V/ActivityManager(  486): com.example.sanchita.mobilecontrol/.MobileControl: task=TaskRecord{427c9870 #2244 A com.example.sanchita.mobilecontrol U 0}
V/ActivityManager(  486): We have pending thumbnails: null
V/ActivityManager(  486): getTasks: max=1, flags=0, receiver=null
V/ActivityManager(  486): com.example.sanchita.mobilecontrol/.MobileControl: task=TaskRecord{427c9870 #2244 A com.example.sanchita.mobilecontrol U 0}
V/ActivityManager(  486): We have pending thumbnails: null
V/ActivityManager(  486): getTasks: max=1, flags=0, receiver=null
V/ActivityManager(  486): com.example.sanchita.mobilecontrol/.MobileControl: task=TaskRecord{427c9870 #2244 A com.example.sanchita.mobilecontrol U 0}
V/ActivityManager(  486): We have pending thumbnails: null
V/ActivityManager(  486): getTasks: max=1, flags=0, receiver=null
V/ActivityManager(  486): com.example.sanchita.mobilecontrol/.MobileControl: task=TaskRecord{427c9870 #2244 A com.example.sanchita.mobilecontrol U 0}
V/ActivityManager(  486): We have pending thumbnails: null
V/ActivityManager(  486): getTasks: max=1, flags=0, receiver=null
V/ActivityManager(  486): com.example.sanchita.mobilecontrol/.MobileControl: task=TaskRecord{427c9870 #2244 A com.example.sanchita.mobilecontrol U 0}
V/ActivityManager(  486): We have pending thumbnails: null
I/SurfaceTextureClient(31180): [STC::queueBuffer] (this:0x533ec9a0) fps:2.00, dur:1502.93, max:513.19, min:493.06
I/BufferQueue(  135): [com.example.sanchita.mobilecontrol/com.example.sanchita.mobilecontrol.MobileControl](this:0x432ea160,api:1) [queue] fps:2.00, dur:1502.26, max:513.12, min:492.31
V/ActivityManager(  486): getTasks: max=1, flags=0, receiver=null
V/ActivityManager(  486): com.example.sanchita.mobilecontrol/.MobileControl: task=TaskRecord{427c9870 #2244 A com.example.sanchita.mobilecontrol U 0}
V/ActivityManager(  486): We have pending thumbnails: null
I/BufferQueue(  135): [com.example.sanchita.mobilecontrol/com.example.sanchita.mobilecontrol.MobileControl](this:0x432ea160,api:1) [release] fps:1.98, dur:1010.25, max:514.89, min:495.35
V/ActivityManager(  486): getTasks: max=1, flags=0, receiver=null
V/ActivityManager(  486): com.example.sanchita.mobilecontrol/.MobileControl: task=TaskRecord{427c9870 #2244 A com.example.sanchita.mobilecontrol U 0}
V/ActivityManager(  486): We have pending thumbnails: null
V/ActivityManager(  486): getTasks: max=1, flags=0, receiver=null
V/ActivityManager(  486): com.example.sanchita.mobilecontrol/.MobileControl: task=TaskRecord{427c9870 #2244 A com.example.sanchita.mobilecontrol U 0}
V/ActivityManager(  486): We have pending thumbnails: null
V/ActivityManager(  486): getTasks: max=1, flags=0, receiver=null
V/ActivityManager(  486): com.example.sanchita.mobilecontrol/.MobileControl: task=TaskRecord{427c9870 #2244 A com.example.sanchita.mobilecontrol U 0}
V/ActivityManager(  486): We have pending thumbnails: null
V/ActivityManager(  486): getTasks: max=1, flags=0, receiver=null
V/ActivityManager(  486): com.example.sanchita.mobilecontrol/.MobileControl: task=TaskRecord{427c9870 #2244 A com.example.sanchita.mobilecontrol U 0}
V/ActivityManager(  486): We have pending thumbnails: null
D/NetworkControllerGemini(  574): refreshViews(0), DataConnected=false
D/NetworkControllerGemini(  574): refreshViews(0), set parameters to signal cluster view.
D/SignalClusterViewGemini(  574): setWifiIndicators, visible=true, strengthIcon=2130838059, activityIcon=2130838050, contentDescription=Wifi three bars.
D/NetworkControllerGemini(  574): refreshViews(0), tempPhoneSignalIconId.0 = 2130837990  tempPhoneSignalIconId.1 = 0  tempMobileActivityIconId= 0  tempDataTypeIconId= 2130837939
D/SignalClusterViewGemini(  574): setMobileDataIndicators(0), visible=true, strengthIcon[0] ~ [1] 2130837990 ~ 0
D/SignalClusterViewGemini(  574): setIsAirplaneMode=false
D/SignalClusterViewGemini(  574): setRoamingFlagandResource(0), roaming=true, roamingId=2130837968
D/SignalClusterViewGemini(  574): setRoamingFlagandResource(1), roaming=false, roamingId=0
D/SignalClusterViewGemini(  574): setShowSimIndicator(0), showSimIndicator=false simIndicatorResource = 2130838089
D/SignalClusterViewGemini(  574): setDataNetType3G(0), dataNetType=Type_G
D/SignalClusterViewGemini(  574): apply(), mWifiVisible is true
D/SIMHelper(  574): isSimInserted(0), SimInserted=true
D/SignalClusterViewGemini(  574): apply(), slotId=0, mMobileVisible=true, mShouldMobileGroupVisible=true
D/SignalClusterViewGemini(  574): apply(), slotId=0, mRoaming=true mMobileActivityId=0 mMobileTypeId=2130837939 mMobileStrengthId[0] = 2130837990 mMobileStrengthId[1] = 0
D/SIMHelper(  574): isSimInserted(0), SimInserted=true
D/SIMHelper(  574): isSimInserted(0), SimInserted=true
D/SignalClusterViewGemini(  574): apply(), slot=0, mDataNetType=Type_G resId= 0 simColorId = 0
D/SignalClusterViewGemini(  574): apply(). mIsAirplaneMode is false
D/SIMHelper(  574): isSimInserted(1), SimInserted=true
D/SignalClusterViewGemini(  574): apply(), slotId=1, mMobileVisible=true, mShouldMobileGroupVisible=true
D/SignalClusterViewGemini(  574): apply(), slotId=1, mRoaming=false mMobileActivityId=0 mMobileTypeId=2130837942 mMobileStrengthId[0] = 2130837992 mMobileStrengthId[1] = 0
D/SIMHelper(  574): isSimInserted(1), SimInserted=true
D/SIMHelper(  574): isSimInserted(1), SimInserted=true
D/SignalClusterViewGemini(  574): apply(), slot=1, mDataNetType=Type_G resId= 0 simColorId = 1
D/SignalClusterViewGemini(  574): apply(). mIsAirplaneMode is false
D/NetworkControllerGemini(  574): refreshViews(1), DataConnected=false
D/SignalClusterViewGemini(  574): setRoamingFlagandResource(0), roaming=true, roamingId=2130837968
D/SignalClusterViewGemini(  574): setRoamingFlagandResource(1), roaming=false, roamingId=0
D/SignalClusterViewGemini(  574): setShowSimIndicator(1), showSimIndicator=false simIndicatorResource = 0
D/SignalClusterViewGemini(  574): setDataNetType3G(1), dataNetType=Type_G
D/SignalClusterViewGemini(  574): apply(), mWifiVisible is true
D/SIMHelper(  574): isSimInserted(0), SimInserted=true
D/SignalClusterViewGemini(  574): apply(), slotId=0, mMobileVisible=true, mShouldMobileGroupVisible=true
D/SignalClusterViewGemini(  574): apply(), slotId=0, mRoaming=true mMobileActivityId=0 mMobileTypeId=2130837939 mMobileStrengthId[0] = 2130837990 mMobileStrengthId[1] = 0
D/SIMHelper(  574): isSimInserted(0), SimInserted=true
D/SIMHelper(  574): isSimInserted(0), SimInserted=true
D/SignalClusterViewGemini(  574): apply(), slot=0, mDataNetType=Type_G resId= 0 simColorId = 0
D/SignalClusterViewGemini(  574): apply(). mIsAirplaneMode is false
D/SIMHelper(  574): isSimInserted(1), SimInserted=true
D/SignalClusterViewGemini(  574): apply(), slotId=1, mMobileVisible=true, mShouldMobileGroupVisible=true
D/SignalClusterViewGemini(  574): apply(), slotId=1, mRoaming=false mMobileActivityId=0 mMobileTypeId=2130837942 mMobileStrengthId[0] = 2130837992 mMobileStrengthId[1] = 0
D/SIMHelper(  574): isSimInserted(1), SimInserted=true
D/SIMHelper(  574): isSimInserted(1), SimInserted=true
D/SignalClusterViewGemini(  574): apply(), slot=1, mDataNetType=Type_G resId= 0 simColorId = 1
D/SignalClusterViewGemini(  574): apply(). mIsAirplaneMode is false
I/SurfaceTextureClient(  574): [STC::queueBuffer] (this:0x516265c8) fps:2.18, dur:1838.03, max:847.09, min:156.66
I/BufferQueue(  135): [StatusBar](this:0x41d9ce28,api:1) [queue] fps:2.18, dur:1838.01, max:847.26, min:156.79
I/BufferQueue(  135): [StatusBar](this:0x41d9ce28,api:1) [release] fps:2.20, dur:1822.25, max:831.91, min:158.36
V/ActivityManager(  486): getTasks: max=1, flags=0, receiver=null
V/ActivityManager(  486): com.example.sanchita.mobilecontrol/.MobileControl: task=TaskRecord{427c9870 #2244 A com.example.sanchita.mobilecontrol U 0}
V/ActivityManager(  486): We have pending thumbnails: null
V/ActivityManager(  486): getTasks: max=1, flags=0, receiver=null
V/ActivityManager(  486): com.example.sanchita.mobilecontrol/.MobileControl: task=TaskRecord{427c9870 #2244 A com.example.sanchita.mobilecontrol U 0}
V/ActivityManager(  486): We have pending thumbnails: null
V/ActivityManager(  486): getTasks: max=1, flags=0, receiver=null
V/ActivityManager(  486): com.example.sanchita.mobilecontrol/.MobileControl: task=TaskRecord{427c9870 #2244 A com.example.sanchita.mobilecontrol U 0}
V/ActivityManager(  486): We have pending thumbnails: null
I/SurfaceFlinger(  135): [SurfaceFlinger] fps:3.423434,dur:1168.42,max:495.34,min:158.37
I/SurfaceTextureClient(  135): [STC::queueBuffer] (this:0x41449630) fps:3.42, dur:1168.53, max:495.70, min:158.32
I/BufferQueue(  135): [FramebufferSurface](this:0x4148a008,api:1) [release] fps:3.42, dur:1168.53, max:495.70, min:158.27
I/BufferQueue(  135): [FramebufferSurface](this:0x4148a008,api:1) [queue] fps:3.42, dur:1168.53, max:495.12, min:158.45
V/ActivityManager(  486): getTasks: max=1, flags=0, receiver=null
V/ActivityManager(  486): com.example.sanchita.mobilecontrol/.MobileControl: task=TaskRecord{427c9870 #2244 A com.example.sanchita.mobilecontrol U 0}
V/ActivityManager(  486): We have pending thumbnails: null
D/InputReader(  486): AP_PROF:AppLaunch_dispatchPtr:Down:344454191
I/AP_PROF (  486): unable to open /proc/mtprof/status entry
D/PowerManagerService(  486): userActivityFromNative
D/PowerManagerService(  486): userActivityNoUpdateLocked: eventTime=344454191, event=2, flags=0x0, uid=1000
D/PowerManagerNotifier(  486): onUserActivity: event=2, uid=1000
V/Provider/Settings(  486):  from settings cache , name = display_keylight_timeout , value = 0
D/PowerManagerService(  486): updateUserActivitySummaryLocked: mWakefulness=Awake, mUserActivitySummary=0x5, nextTimeout=344455570 (in 1375 ms)
D/PowerManagerService(  486): newScreenState = 2
D/PowerManagerDisplayController(  486): requestPowerState: screenState=2, useProximitySensor=false, screenBrightness=30, screenAutoBrightnessAdjustment=0.0, useAutoBrightness=false, useEcoBrightness=false, blockScreenOn=false, waitForNegativeProximity=false
I/PowerManagerService(  486): setBrightness mButtonLight, screenBrightness=30
D/PowerManagerService(  486): updateScreenStateLocked: mDisplayReady=true, newScreenState=2, mWakefulness=1, mWakeLockSummary=0x0, mUserActivitySummary=0x5, mBootCompleted=true
D/PowerManagerService(  486): handleSandman: canDream=false, mWakefulness=Awake
V/ActivityManager(  486): getTasks: max=1, flags=0, receiver=null
V/ActivityManager(  486): com.example.sanchita.mobilecontrol/.MobileControl: task=TaskRecord{427c9870 #2244 A com.example.sanchita.mobilecontrol U 0}
V/ActivityManager(  486): We have pending thumbnails: null
D/InputReader(  486): AP_PROF:AppLaunch_dispatchPtr:Up:344454302
V/Provider/Settings(  486):  from settings cache , name = selected_input_method_subtype , value = -921088104
V/Provider/Settings(  486):  from settings cache , name = enabled_input_methods , value = com.google.android.googlequicksearchbox/com.google.android.voicesearch.ime.VoiceInputMethodService:com.google.android.inputmethod.latin/com.android.inputmethod.latin.LatinIME
V/Provider/Settings(  486):  from settings cache , name = enabled_input_methods , value = com.google.android.googlequicksearchbox/com.google.android.voicesearch.ime.VoiceInputMethodService:com.google.android.inputmethod.latin/com.android.inputmethod.latin.LatinIME
V/Provider/Settings(  486):  from settings cache , name = enabled_input_methods , value = com.google.android.googlequicksearchbox/com.google.android.voicesearch.ime.VoiceInputMethodService:com.google.android.inputmethod.latin/com.android.inputmethod.latin.LatinIME
V/Provider/Settings(  486):  from settings cache , name = enabled_input_methods , value = com.google.android.googlequicksearchbox/com.google.android.voicesearch.ime.VoiceInputMethodService:com.google.android.inputmethod.latin/com.android.inputmethod.latin.LatinIME
I/LatinIME(11864): Starting input. Cursor position = 0,0
V/Provider/Settings(  486):  from settings cache , name = enabled_input_methods , value = com.google.android.googlequicksearchbox/com.google.android.voicesearch.ime.VoiceInputMethodService:com.google.android.inputmethod.latin/com.android.inputmethod.latin.LatinIME
V/Provider/Settings(  486):  from settings cache , name = enabled_input_methods , value = com.google.android.googlequicksearchbox/com.google.android.voicesearch.ime.VoiceInputMethodService:com.google.android.inputmethod.latin/com.android.inputmethod.latin.LatinIME
V/Provider/Settings(  486):  from settings cache , name = enabled_input_methods , value = com.google.android.googlequicksearchbox/com.google.android.voicesearch.ime.VoiceInputMethodService:com.google.android.inputmethod.latin/com.android.inputmethod.latin.LatinIME
V/Provider/Settings(  486):  from settings cache , name = enabled_input_methods , value = com.google.android.googlequicksearchbox/com.google.android.voicesearch.ime.VoiceInputMethodService:com.google.android.inputmethod.latin/com.android.inputmethod.latin.LatinIME
V/Provider/Settings(11864):  from settings cache , name = latin_ime:has_access_to_dogfood_features , value = null
D/ActivityManager(  486): getContentProviderImpl: name=user_dictionary, userId=0
I/ProviderMap(  486): getProviderByName: user_dictionary , callingUid = 10040
D/ActivityManager(  486): getContentProviderImpl:  Caller Process Info:(caller= android.app.ApplicationThreadProxy@423c6248r.uid=10040r.userId=0r.processName=com.google.android.inputmethod.latin) 
D/ActivityManager(  486): getContentProviderImpl:  ContentProviderRecord cpr:(, cpr.uid=10005, cpr.name=ComponentInfo{com.android.providers.userdictionary/com.android.providers.userdictionary.UserDictionaryProvider}, cpr.noReleaseNeeded=false)  Provider Info:(, cpi.authority=user_dictionary, cpi.multiprocess=false, cpi.readPermission=android.permission.READ_USER_DICTIONARY, cpi.readPermission=android.permission.WRITE_USER_DICTIONARY)  Provider App Info:(, cpr.appInfo=user_dictionary, cpi.multiprocess=false, cpi.readPermission=android.permission.READ_USER_DICTIONARY, cpi.readPermission=android.permission.WRITE_USER_DICTIONARY) 
W/ContentProviderRecord(  486): canRunHere: bCanRunHere=falseinfo.multiprocess=falseinfo.processName=android.process.acoreapp.processName=com.google.android.inputmethod.latinuid=10005app.info.uid10040
D/ActivityManager(  486): getContentProviderImpl: updateLruProcessLocked cpr.proc=ProcessRecord{429094f8 15207:android.process.acore/u0a10005}
V/ActivityManager(  486): getTasks: max=1, flags=0, receiver=null
V/ActivityManager(  486): com.example.sanchita.mobilecontrol/.MobileControl: task=TaskRecord{427c9870 #2244 A com.example.sanchita.mobilecontrol U 0}
V/ActivityManager(  486): We have pending thumbnails: null
D/ActivityThread(11864): installProvider: context=android.app.ContextImpl@41d1e840holder=android.app.IActivityManager$ContentProviderHolder@41fdc250noisy=truenoReleaseNeeded=falsestable=true
V/Provider/Settings(  486):  from settings cache , name = enabled_input_methods , value = com.google.android.googlequicksearchbox/com.google.android.voicesearch.ime.VoiceInputMethodService:com.google.android.inputmethod.latin/com.android.inputmethod.latin.LatinIME
V/Provider/Settings(  486):  from settings cache , name = enabled_input_methods , value = com.google.android.googlequicksearchbox/com.google.android.voicesearch.ime.VoiceInputMethodService:com.google.android.inputmethod.latin/com.android.inputmethod.latin.LatinIME
V/Provider/Settings(  486):  from settings cache , name = enabled_input_methods , value = com.google.android.googlequicksearchbox/com.google.android.voicesearch.ime.VoiceInputMethodService:com.google.android.inputmethod.latin/com.android.inputmethod.latin.LatinIME
V/Provider/Settings(  486):  from settings cache , name = enabled_input_methods , value = com.google.android.googlequicksearchbox/com.google.android.voicesearch.ime.VoiceInputMethodService:com.google.android.inputmethod.latin/com.android.inputmethod.latin.LatinIME
V/Provider/Settings(  486):  from settings cache , name = enabled_input_methods , value = com.google.android.googlequicksearchbox/com.google.android.voicesearch.ime.VoiceInputMethodService:com.google.android.inputmethod.latin/com.android.inputmethod.latin.LatinIME
I/LatinIME:LogUtils(11864): Dictionary info: dictionary = ContextualDictionary.en_US ; version = 1430633419 ; date = ?
V/Provider/Settings(  486):  from settings cache , name = enabled_input_methods , value = com.google.android.googlequicksearchbox/com.google.android.voicesearch.ime.VoiceInputMethodService:com.google.android.inputmethod.latin/com.android.inputmethod.latin.LatinIME
V/Provider/Settings(  486):  from settings cache , name = enabled_input_methods , value = com.google.android.googlequicksearchbox/com.google.android.voicesearch.ime.VoiceInputMethodService:com.google.android.inputmethod.latin/com.android.inputmethod.latin.LatinIME
V/Provider/Settings(  486):  from settings cache , name = enabled_input_methods , value = com.google.android.googlequicksearchbox/com.google.android.voicesearch.ime.VoiceInputMethodService:com.google.android.inputmethod.latin/com.android.inputmethod.latin.LatinIME
V/Provider/Settings(  486):  from settings cache , name = enabled_input_methods , value = com.google.android.googlequicksearchbox/com.google.android.voicesearch.ime.VoiceInputMethodService:com.google.android.inputmethod.latin/com.android.inputmethod.latin.LatinIME
V/Provider/Settings(  574):  from settings cache , name = default_input_method , value = com.google.android.inputmethod.latin/com.android.inputmethod.latin.LatinIME
V/Provider/Settings(  486):  from settings cache , name = selected_input_method_subtype , value = -921088104
V/PhoneWindow(11864): DecorView setVisiblity: visibility = 0
V/Provider/Settings(  486):  from settings cache , name = enabled_input_methods , value = com.google.android.googlequicksearchbox/com.google.android.voicesearch.ime.VoiceInputMethodService:com.google.android.inputmethod.latin/com.android.inputmethod.latin.LatinIME
V/Provider/Settings(  486):  from settings cache , name = enabled_input_methods , value = com.google.android.googlequicksearchbox/com.google.android.voicesearch.ime.VoiceInputMethodService:com.google.android.inputmethod.latin/com.android.inputmethod.latin.LatinIME
V/Provider/Settings(  486):  from settings cache , name = enabled_input_methods , value = com.google.android.googlequicksearchbox/com.google.android.voicesearch.ime.VoiceInputMethodService:com.google.android.inputmethod.latin/com.android.inputmethod.latin.LatinIME
I/SurfaceTextureClient(31180): [STC::queueBuffer] (this:0x533ec9a0) fps:1.99, dur:1004.55, max:508.16, min:496.39
I/BufferQueue(  135): [com.example.sanchita.mobilecontrol/com.example.sanchita.mobilecontrol.MobileControl](this:0x432ea160,api:1) [queue] fps:1.99, dur:1005.21, max:508.65, min:496.56
V/Provider/Settings(  486):  from settings cache , name = enabled_input_methods , value = com.google.android.googlequicksearchbox/com.google.android.voicesearch.ime.VoiceInputMethodService:com.google.android.inputmethod.latin/com.android.inputmethod.latin.LatinIME
V/Provider/Settings(  574):  from settings cache , name = default_input_method , value = com.google.android.inputmethod.latin/com.android.inputmethod.latin.LatinIME
V/Provider/Settings(  486):  from settings cache , name = selected_input_method_subtype , value = -921088104
I/BufferQueue(  135): [com.example.sanchita.mobilecontrol/com.example.sanchita.mobilecontrol.MobileControl](this:0x432ea160,api:1) [release] fps:1.98, dur:1010.49, max:515.33, min:495.15
D/ConnectivityService(  486): getActiveNetworkInfo:NetworkInfo: type: WIFI[], state: CONNECTED/CONNECTED, reason: (unspecified), extra: "RabilalAsylum", roaming: false, failover: false, isAvailable: true, simId: 0/10032
V/ActivityManager(  486): getTasks: max=1, flags=0, receiver=null
V/ActivityManager(  486): com.example.sanchita.mobilecontrol/.MobileControl: task=TaskRecord{427c9870 #2244 A com.example.sanchita.mobilecontrol U 0}
V/ActivityManager(  486): We have pending thumbnails: null
D/ConnectivityService(  486): getActiveNetworkInfo:NetworkInfo: type: WIFI[], state: CONNECTED/CONNECTED, reason: (unspecified), extra: "RabilalAsylum", roaming: false, failover: false, isAvailable: true, simId: 0/10032
I/BufferQueue(  135): [unnamed-135-14682](this:0x432e9728,api:0) BufferQueue
