D/SignalClusterViewGemini(  574): setWifiIndicators, visible=true, strengthIcon=2130838057, activityIcon=2130838050, contentDescription=Wifi two bars.
D/NetworkControllerGemini(  574): refreshViews(0), tempPhoneSignalIconId.0 = 2130837990  tempPhoneSignalIconId.1 = 0  tempMobileActivityIconId= 0  tempDataTypeIconId= 2130837939
D/SignalClusterViewGemini(  574): setMobileDataIndicators(0), visible=true, strengthIcon[0] ~ [1] 2130837990 ~ 0
D/SignalClusterViewGemini(  574): setIsAirplaneMode=false
D/SignalClusterViewGemini(  574): setRoamingFlagandResource(0), roaming=true, roamingId=2130837968
D/SignalClusterViewGemini(  574): setRoamingFlagandResource(1), roaming=false, roamingId=0
D/SignalClusterViewGemini(  574): setShowSimIndicator(0), showSimIndicator=false simIndicatorResource = 2130838089
D/SignalClusterViewGemini(  574): setDataNetType3G(0), dataNetType=Type_G
D/SignalClusterViewGemini(  574): apply(), mWifiVisible is true
D/SIMHelper(  574): isSimInserted(0), SimInserted=true
D/SignalClusterViewGemini(  574): apply(), slotId=0, mMobileVisible=true, mShouldMobileGroupVisible=true
D/SignalClusterViewGemini(  574): apply(), slotId=0, mRoaming=true mMobileActivityId=0 mMobileTypeId=2130837939 mMobileStrengthId[0] = 2130837990 mMobileStrengthId[1] = 0
D/SIMHelper(  574): isSimInserted(0), SimInserted=true
D/SIMHelper(  574): isSimInserted(0), SimInserted=true
D/SignalClusterViewGemini(  574): apply(), slot=0, mDataNetType=Type_G resId= 0 simColorId = 0
D/SignalClusterViewGemini(  574): apply(). mIsAirplaneMode is false
D/SIMHelper(  574): isSimInserted(1), SimInserted=true
D/SignalClusterViewGemini(  574): apply(), slotId=1, mMobileVisible=true, mShouldMobileGroupVisible=true
D/SignalClusterViewGemini(  574): apply(), slotId=1, mRoaming=false mMobileActivityId=0 mMobileTypeId=2130837942 mMobileStrengthId[0] = 2130837992 mMobileStrengthId[1] = 0
V/ActivityManager(  486): getTasks: max=1, flags=0, receiver=null
V/ActivityManager(  486): com.example.sanchita.mobilecontrol/.SignUp: task=TaskRecord{427c9870 #2244 A com.example.sanchita.mobilecontrol U 0}
V/ActivityManager(  486): com.example.sanchita.mobilecontrol/.MobileControl: task=TaskRecord{427c9870 #2244 A com.example.sanchita.mobilecontrol U 0}
V/ActivityManager(  486): We have pending thumbnails: null
D/SIMHelper(  574): isSimInserted(1), SimInserted=true
D/SIMHelper(  574): isSimInserted(1), SimInserted=true
D/SignalClusterViewGemini(  574): apply(), slot=1, mDataNetType=Type_G resId= 0 simColorId = 1
D/SignalClusterViewGemini(  574): apply(). mIsAirplaneMode is false
D/NetworkControllerGemini(  574): refreshViews(1), DataConnected=false
D/SignalClusterViewGemini(  574): setRoamingFlagandResource(0), roaming=true, roamingId=2130837968
D/SignalClusterViewGemini(  574): setRoamingFlagandResource(1), roaming=false, roamingId=0
D/SignalClusterViewGemini(  574): setShowSimIndicator(1), showSimIndicator=false simIndicatorResource = 0
D/SignalClusterViewGemini(  574): setDataNetType3G(1), dataNetType=Type_G
D/SignalClusterViewGemini(  574): apply(), mWifiVisible is true
D/SIMHelper(  574): isSimInserted(0), SimInserted=true
D/SignalClusterViewGemini(  574): apply(), slotId=0, mMobileVisible=true, mShouldMobileGroupVisible=true
D/SignalClusterViewGemini(  574): apply(), slotId=0, mRoaming=true mMobileActivityId=0 mMobileTypeId=2130837939 mMobileStrengthId[0] = 2130837990 mMobileStrengthId[1] = 0
D/SIMHelper(  574): isSimInserted(0), SimInserted=true
D/SIMHelper(  574): isSimInserted(0), SimInserted=true
D/SignalClusterViewGemini(  574): apply(), slot=0, mDataNetType=Type_G resId= 0 simColorId = 0
D/SignalClusterViewGemini(  574): apply(). mIsAirplaneMode is false
D/SIMHelper(  574): isSimInserted(1), SimInserted=true
D/SignalClusterViewGemini(  574): apply(), slotId=1, mMobileVisible=true, mShouldMobileGroupVisible=true
D/SignalClusterViewGemini(  574): apply(), slotId=1, mRoaming=false mMobileActivityId=0 mMobileTypeId=2130837942 mMobileStrengthId[0] = 2130837992 mMobileStrengthId[1] = 0
D/SIMHelper(  574): isSimInserted(1), SimInserted=true
D/SIMHelper(  574): isSimInserted(1), SimInserted=true
D/SignalClusterViewGemini(  574): apply(), slot=1, mDataNetType=Type_G resId= 0 simColorId = 1
D/SignalClusterViewGemini(  574): apply(). mIsAirplaneMode is false
V/ActivityManager(  486): getTasks: max=1, flags=0, receiver=null
V/ActivityManager(  486): com.example.sanchita.mobilecontrol/.SignUp: task=TaskRecord{427c9870 #2244 A com.example.sanchita.mobilecontrol U 0}
V/ActivityManager(  486): com.example.sanchita.mobilecontrol/.MobileControl: task=TaskRecord{427c9870 #2244 A com.example.sanchita.mobilecontrol U 0}
V/ActivityManager(  486): We have pending thumbnails: null
V/ActivityManager(  486): getTasks: max=1, flags=0, receiver=null
V/ActivityManager(  486): com.example.sanchita.mobilecontrol/.SignUp: task=TaskRecord{427c9870 #2244 A com.example.sanchita.mobilecontrol U 0}
V/ActivityManager(  486): com.example.sanchita.mobilecontrol/.MobileControl: task=TaskRecord{427c9870 #2244 A com.example.sanchita.mobilecontrol U 0}
V/ActivityManager(  486): We have pending thumbnails: null
V/ActivityManager(  486): getTasks: max=1, flags=0, receiver=null
V/ActivityManager(  486): com.example.sanchita.mobilecontrol/.SignUp: task=TaskRecord{427c9870 #2244 A com.example.sanchita.mobilecontrol U 0}
V/ActivityManager(  486): com.example.sanchita.mobilecontrol/.MobileControl: task=TaskRecord{427c9870 #2244 A com.example.sanchita.mobilecontrol U 0}
V/ActivityManager(  486): We have pending thumbnails: null
V/ActivityManager(  486): getTasks: max=1, flags=0, receiver=null
V/ActivityManager(  486): com.example.sanchita.mobilecontrol/.SignUp: task=TaskRecord{427c9870 #2244 A com.example.sanchita.mobilecontrol U 0}
V/ActivityManager(  486): com.example.sanchita.mobilecontrol/.MobileControl: task=TaskRecord{427c9870 #2244 A com.example.sanchita.mobilecontrol U 0}
V/ActivityManager(  486): We have pending thumbnails: null
V/ActivityManager(  486): getTasks: max=1, flags=0, receiver=null
V/ActivityManager(  486): com.example.sanchita.mobilecontrol/.SignUp: task=TaskRecord{427c9870 #2244 A com.example.sanchita.mobilecontrol U 0}
V/ActivityManager(  486): com.example.sanchita.mobilecontrol/.MobileControl: task=TaskRecord{427c9870 #2244 A com.example.sanchita.mobilecontrol U 0}
V/ActivityManager(  486): We have pending thumbnails: null
V/ActivityManager(  486): getTasks: max=1, flags=0, receiver=null
V/ActivityManager(  486): com.example.sanchita.mobilecontrol/.SignUp: task=TaskRecord{427c9870 #2244 A com.example.sanchita.mobilecontrol U 0}
V/ActivityManager(  486): com.example.sanchita.mobilecontrol/.MobileControl: task=TaskRecord{427c9870 #2244 A com.example.sanchita.mobilecontrol U 0}
V/ActivityManager(  486): We have pending thumbnails: null
V/ActivityManager(  486): getTasks: max=1, flags=0, receiver=null
V/ActivityManager(  486): com.example.sanchita.mobilecontrol/.SignUp: task=TaskRecord{427c9870 #2244 A com.example.sanchita.mobilecontrol U 0}
V/ActivityManager(  486): com.example.sanchita.mobilecontrol/.MobileControl: task=TaskRecord{427c9870 #2244 A com.example.sanchita.mobilecontrol U 0}
V/ActivityManager(  486): We have pending thumbnails: null
V/ActivityManager(  486): getTasks: max=1, flags=0, receiver=null
V/ActivityManager(  486): com.example.sanchita.mobilecontrol/.SignUp: task=TaskRecord{427c9870 #2244 A com.example.sanchita.mobilecontrol U 0}
V/ActivityManager(  486): com.example.sanchita.mobilecontrol/.MobileControl: task=TaskRecord{427c9870 #2244 A com.example.sanchita.mobilecontrol U 0}
V/ActivityManager(  486): We have pending thumbnails: null
V/ActivityManager(  486): getTasks: max=1, flags=0, receiver=null
V/ActivityManager(  486): com.example.sanchita.mobilecontrol/.SignUp: task=TaskRecord{427c9870 #2244 A com.example.sanchita.mobilecontrol U 0}
V/ActivityManager(  486): com.example.sanchita.mobilecontrol/.MobileControl: task=TaskRecord{427c9870 #2244 A com.example.sanchita.mobilecontrol U 0}
V/ActivityManager(  486): We have pending thumbnails: null
I/SurfaceTextureClient(31180): [STC::queueBuffer] (this:0x4f4c0db0) fps:1.98, dur:1009.83, max:514.51, min:495.32
I/BufferQueue(  135): [com.example.sanchita.mobilecontrol/com.example.sanchita.mobilecontrol.SignUp](this:0x432e9728,api:1) [queue] fps:1.98, dur:1009.80, max:514.39, min:495.40
I/BufferQueue(  135): [com.example.sanchita.mobilecontrol/com.example.sanchita.mobilecontrol.SignUp](this:0x432e9728,api:1) [release] fps:1.98, dur:1010.08, max:514.95, min:495.13
I/SurfaceFlinger(  135): [SurfaceFlinger] fps:4.507623,dur:1109.23,max:495.26,min:99.15
I/SurfaceTextureClient(  135): [STC::queueBuffer] (this:0x41449630) fps:4.51, dur:1109.01, max:495.73, min:98.80
I/BufferQueue(  135): [FramebufferSurface](this:0x4148a008,api:1) [release] fps:4.51, dur:1109.00, max:495.78, min:98.74
I/BufferQueue(  135): [FramebufferSurface](this:0x4148a008,api:1) [queue] fps:4.51, dur:1109.11, max:495.15, min:99.02
V/ActivityManager(  486): getTasks: max=1, flags=0, receiver=null
V/ActivityManager(  486): com.example.sanchita.mobilecontrol/.SignUp: task=TaskRecord{427c9870 #2244 A com.example.sanchita.mobilecontrol U 0}
V/ActivityManager(  486): com.example.sanchita.mobilecontrol/.MobileControl: task=TaskRecord{427c9870 #2244 A com.example.sanchita.mobilecontrol U 0}
V/ActivityManager(  486): We have pending thumbnails: null
D/NetworkControllerGemini(  574): refreshViews(0), DataConnected=false
D/NetworkControllerGemini(  574): refreshViews(0), set parameters to signal cluster view.
D/SignalClusterViewGemini(  574): setWifiIndicators, visible=true, strengthIcon=2130838057, activityIcon=2130838051, contentDescription=Wifi two bars.
D/NetworkControllerGemini(  574): refreshViews(0), tempPhoneSignalIconId.0 = 2130837990  tempPhoneSignalIconId.1 = 0  tempMobileActivityIconId= 0  tempDataTypeIconId= 2130837939
D/SignalClusterViewGemini(  574): setMobileDataIndicators(0), visible=true, strengthIcon[0] ~ [1] 2130837990 ~ 0
D/SignalClusterViewGemini(  574): setIsAirplaneMode=false
D/SignalClusterViewGemini(  574): setRoamingFlagandResource(0), roaming=true, roamingId=2130837968
D/SignalClusterViewGemini(  574): setRoamingFlagandResource(1), roaming=false, roamingId=0
D/SignalClusterViewGemini(  574): setShowSimIndicator(0), showSimIndicator=false simIndicatorResource = 2130838089
D/SignalClusterViewGemini(  574): setDataNetType3G(0), dataNetType=Type_G
D/SignalClusterViewGemini(  574): apply(), mWifiVisible is true
D/SIMHelper(  574): isSimInserted(0), SimInserted=true
D/SignalClusterViewGemini(  574): apply(), slotId=0, mMobileVisible=true, mShouldMobileGroupVisible=true
D/SignalClusterViewGemini(  574): apply(), slotId=0, mRoaming=true mMobileActivityId=0 mMobileTypeId=2130837939 mMobileStrengthId[0] = 2130837990 mMobileStrengthId[1] = 0
D/SIMHelper(  574): isSimInserted(0), SimInserted=true
D/SIMHelper(  574): isSimInserted(0), SimInserted=true
D/SignalClusterViewGemini(  574): apply(), slot=0, mDataNetType=Type_G resId= 0 simColorId = 0
D/SignalClusterViewGemini(  574): apply(). mIsAirplaneMode is false
D/SIMHelper(  574): isSimInserted(1), SimInserted=true
D/SignalClusterViewGemini(  574): apply(), slotId=1, mMobileVisible=true, mShouldMobileGroupVisible=true
D/SignalClusterViewGemini(  574): apply(), slotId=1, mRoaming=false mMobileActivityId=0 mMobileTypeId=2130837942 mMobileStrengthId[0] = 2130837992 mMobileStrengthId[1] = 0
D/SIMHelper(  574): isSimInserted(1), SimInserted=true
D/SIMHelper(  574): isSimInserted(1), SimInserted=true
D/SignalClusterViewGemini(  574): apply(), slot=1, mDataNetType=Type_G resId= 0 simColorId = 1
D/SignalClusterViewGemini(  574): apply(). mIsAirplaneMode is false
D/NetworkControllerGemini(  574): refreshViews(1), DataConnected=false
D/SignalClusterViewGemini(  574): setRoamingFlagandResource(0), roaming=true, roamingId=2130837968
D/SignalClusterViewGemini(  574): setRoamingFlagandResource(1), roaming=false, roamingId=0
D/SignalClusterViewGemini(  574): setShowSimIndicator(1), showSimIndicator=false simIndicatorResource = 0
D/SignalClusterViewGemini(  574): setDataNetType3G(1), dataNetType=Type_G
D/SignalClusterViewGemini(  574): apply(), mWifiVisible is true
D/SIMHelper(  574): isSimInserted(0), SimInserted=true
D/SignalClusterViewGemini(  574): apply(), slotId=0, mMobileVisible=true, mShouldMobileGroupVisible=true
D/SignalClusterViewGemini(  574): apply(), slotId=0, mRoaming=true mMobileActivityId=0 mMobileTypeId=2130837939 mMobileStrengthId[0] = 2130837990 mMobileStrengthId[1] = 0
D/SIMHelper(  574): isSimInserted(0), SimInserted=true
D/SIMHelper(  574): isSimInserted(0), SimInserted=true
D/SignalClusterViewGemini(  574): apply(), slot=0, mDataNetType=Type_G resId= 0 simColorId = 0
D/SignalClusterViewGemini(  574): apply(). mIsAirplaneMode is false
D/SIMHelper(  574): isSimInserted(1), SimInserted=true
D/SignalClusterViewGemini(  574): apply(), slotId=1, mMobileVisible=true, mShouldMobileGroupVisible=true
D/SignalClusterViewGemini(  574): apply(), slotId=1, mRoaming=false mMobileActivityId=0 mMobileTypeId=2130837942 mMobileStrengthId[0] = 2130837992 mMobileStrengthId[1] = 0
D/SIMHelper(  574): isSimInserted(1), SimInserted=true
D/SIMHelper(  574): isSimInserted(1), SimInserted=true
D/SignalClusterViewGemini(  574): apply(), slot=1, mDataNetType=Type_G resId= 0 simColorId = 1
D/SignalClusterViewGemini(  574): apply(). mIsAirplaneMode is false
I/SurfaceTextureClient(  574): [STC::queueBuffer] (this:0x516265c8) fps:2.23, dur:1791.93, max:801.07, min:205.02
I/BufferQueue(  135): [StatusBar](this:0x41d9ce28,api:1) [queue] fps:2.23, dur:1792.16, max:801.41, min:204.88
V/ActivityManager(  486): getTasks: max=1, flags=0, receiver=null
V/ActivityManager(  486): com.example.sanchita.mobilecontrol/.SignUp: task=TaskRecord{427c9870 #2244 A com.example.sanchita.mobilecontrol U 0}
V/ActivityManager(  486): com.example.sanchita.mobilecontrol/.MobileControl: task=TaskRecord{427c9870 #2244 A com.example.sanchita.mobilecontrol U 0}
V/ActivityManager(  486): We have pending thumbnails: null
I/BufferQueue(  135): [StatusBar](this:0x41d9ce28,api:1) [release] fps:2.24, dur:1782.61, max:792.19, min:217.92
V/ActivityManager(  486): getTasks: max=1, flags=0, receiver=null
V/ActivityManager(  486): com.example.sanchita.mobilecontrol/.SignUp: task=TaskRecord{427c9870 #2244 A com.example.sanchita.mobilecontrol U 0}
V/ActivityManager(  486): com.example.sanchita.mobilecontrol/.MobileControl: task=TaskRecord{427c9870 #2244 A com.example.sanchita.mobilecontrol U 0}
V/ActivityManager(  486): We have pending thumbnails: null
V/ActivityManager(  486): getTasks: max=1, flags=0, receiver=null
V/ActivityManager(  486): com.example.sanchita.mobilecontrol/.SignUp: task=TaskRecord{427c9870 #2244 A com.example.sanchita.mobilecontrol U 0}
V/ActivityManager(  486): com.example.sanchita.mobilecontrol/.MobileControl: task=TaskRecord{427c9870 #2244 A com.example.sanchita.mobilecontrol U 0}
V/ActivityManager(  486): We have pending thumbnails: null
V/ActivityManager(  486): getTasks: max=1, flags=0, receiver=null
V/ActivityManager(  486): com.example.sanchita.mobilecontrol/.SignUp: task=TaskRecord{427c9870 #2244 A com.example.sanchita.mobilecontrol U 0}
V/ActivityManager(  486): com.example.sanchita.mobilecontrol/.MobileControl: task=TaskRecord{427c9870 #2244 A com.example.sanchita.mobilecontrol U 0}
V/ActivityManager(  486): We have pending thumbnails: null
V/ActivityManager(  486): getTasks: max=1, flags=0, receiver=null
V/ActivityManager(  486): com.example.sanchita.mobilecontrol/.SignUp: task=TaskRecord{427c9870 #2244 A com.example.sanchita.mobilecontrol U 0}
V/ActivityManager(  486): com.example.sanchita.mobilecontrol/.MobileControl: task=TaskRecord{427c9870 #2244 A com.example.sanchita.mobilecontrol U 0}
V/ActivityManager(  486): We have pending thumbnails: null
V/ActivityManager(  486): getTasks: max=1, flags=0, receiver=null
V/ActivityManager(  486): com.example.sanchita.mobilecontrol/.SignUp: task=TaskRecord{427c9870 #2244 A com.example.sanchita.mobilecontrol U 0}
V/ActivityManager(  486): com.example.sanchita.mobilecontrol/.MobileControl: task=TaskRecord{427c9870 #2244 A com.example.sanchita.mobilecontrol U 0}
V/ActivityManager(  486): We have pending thumbnails: null
V/ActivityManager(  486): getTasks: max=1, flags=0, receiver=null
V/ActivityManager(  486): com.example.sanchita.mobilecontrol/.SignUp: task=TaskRecord{427c9870 #2244 A com.example.sanchita.mobilecontrol U 0}
V/ActivityManager(  486): com.example.sanchita.mobilecontrol/.MobileControl: task=TaskRecord{427c9870 #2244 A com.example.sanchita.mobilecontrol U 0}
V/ActivityManager(  486): We have pending thumbnails: null
V/ActivityManager(  486): getTasks: max=1, flags=0, receiver=null
V/ActivityManager(  486): com.example.sanchita.mobilecontrol/.SignUp: task=TaskRecord{427c9870 #2244 A com.example.sanchita.mobilecontrol U 0}
V/ActivityManager(  486): com.example.sanchita.mobilecontrol/.MobileControl: task=TaskRecord{427c9870 #2244 A com.example.sanchita.mobilecontrol U 0}
V/ActivityManager(  486): We have pending thumbnails: null
V/ActivityManager(  486): getTasks: max=1, flags=0, receiver=null
V/ActivityManager(  486): com.example.sanchita.mobilecontrol/.SignUp: task=TaskRecord{427c9870 #2244 A com.example.sanchita.mobilecontrol U 0}
D/ADB_SERVICES(10721): adb fdevent_process list (16) (15) 
V/ActivityManager(  486): com.example.sanchita.mobilecontrol/.MobileControl: task=TaskRecord{427c9870 #2244 A com.example.sanchita.mobilecontrol U 0}
V/ActivityManager(  486): We have pending thumbnails: null
I/SurfaceTextureClient(31180): [STC::queueBuffer] (this:0x4f4c0db0) fps:1.98, dur:1010.14, max:515.35, min:494.78
V/ActivityManager(  486): getTasks: max=1, flags=0, receiver=null
I/BufferQueue(  135): [com.example.sanchita.mobilecontrol/com.example.sanchita.mobilecontrol.SignUp](this:0x432e9728,api:1) [queue] fps:1.98, dur:1010.45, max:515.36, min:495.08
V/ActivityManager(  486): com.example.sanchita.mobilecontrol/.SignUp: task=TaskRecord{427c9870 #2244 A com.example.sanchita.mobilecontrol U 0}
V/ActivityManager(  486): com.example.sanchita.mobilecontrol/.MobileControl: task=TaskRecord{427c9870 #2244 A com.example.sanchita.mobilecontrol U 0}
V/ActivityManager(  486): We have pending thumbnails: null
I/BufferQueue(  135): [com.example.sanchita.mobilecontrol/com.example.sanchita.mobilecontrol.SignUp](this:0x432e9728,api:1) [release] fps:1.98, dur:1010.23, max:515.07, min:495.15
I/SurfaceFlinger(  135): [SurfaceFlinger] fps:4.949399,dur:1010.22,max:396.28,min:99.03
I/SurfaceTextureClient(  135): [STC::queueBuffer] (this:0x41449630) fps:4.95, dur:1010.47, max:396.52, min:99.00
I/BufferQueue(  135): [FramebufferSurface](this:0x4148a008,api:1) [release] fps:4.95, dur:1010.47, max:396.52, min:99.00
I/BufferQueue(  135): [FramebufferSurface](this:0x4148a008,api:1) [queue] fps:4.95, dur:1010.21, max:396.24, min:99.04
V/ActivityManager(  486): getTasks: max=1, flags=0, receiver=null
V/ActivityManager(  486): com.example.sanchita.mobilecontrol/.SignUp: task=TaskRecord{427c9870 #2244 A com.example.sanchita.mobilecontrol U 0}
V/ActivityManager(  486): com.example.sanchita.mobilecontrol/.MobileControl: task=TaskRecord{427c9870 #2244 A com.example.sanchita.mobilecontrol U 0}
V/ActivityManager(  486): We have pending thumbnails: null
D/NetworkControllerGemini(  574): refreshViews(0), DataConnected=false
D/NetworkControllerGemini(  574): refreshViews(0), set parameters to signal cluster view.
D/SignalClusterViewGemini(  574): setWifiIndicators, visible=true, strengthIcon=2130838057, activityIcon=2130838050, contentDescription=Wifi two bars.
D/NetworkControllerGemini(  574): refreshViews(0), tempPhoneSignalIconId.0 = 2130837990  tempPhoneSignalIconId.1 = 0  tempMobileActivityIconId= 0  tempDataTypeIconId= 2130837939
D/SignalClusterViewGemini(  574): setMobileDataIndicators(0), visible=true, strengthIcon[0] ~ [1] 2130837990 ~ 0
D/SignalClusterViewGemini(  574): setIsAirplaneMode=false
D/SignalClusterViewGemini(  574): setRoamingFlagandResource(0), roaming=true, roamingId=2130837968
D/SignalClusterViewGemini(  574): setRoamingFlagandResource(1), roaming=false, roamingId=0
D/SignalClusterViewGemini(  574): setShowSimIndicator(0), showSimIndicator=false simIndicatorResource = 2130838089
D/SignalClusterViewGemini(  574): setDataNetType3G(0), dataNetType=Type_G
D/SignalClusterViewGemini(  574): apply(), mWifiVisible is true
D/SIMHelper(  574): isSimInserted(0), SimInserted=true
D/SignalClusterViewGemini(  574): apply(), slotId=0, mMobileVisible=true, mShouldMobileGroupVisible=true
D/SignalClusterViewGemini(  574): apply(), slotId=0, mRoaming=true mMobileActivityId=0 mMobileTypeId=2130837939 mMobileStrengthId[0] = 2130837990 mMobileStrengthId[1] = 0
D/SIMHelper(  574): isSimInserted(0), SimInserted=true
D/SIMHelper(  574): isSimInserted(0), SimInserted=true
D/SignalClusterViewGemini(  574): apply(), slot=0, mDataNetType=Type_G resId= 0 simColorId = 0
D/SignalClusterViewGemini(  574): apply(). mIsAirplaneMode is false
D/SIMHelper(  574): isSimInserted(1), SimInserted=true
D/SignalClusterViewGemini(  574): apply(), slotId=1, mMobileVisible=true, mShouldMobileGroupVisible=true
D/SignalClusterViewGemini(  574): apply(), slotId=1, mRoaming=false mMobileActivityId=0 mMobileTypeId=2130837942 mMobileStrengthId[0] = 2130837992 mMobileStrengthId[1] = 0
D/SIMHelper(  574): isSimInserted(1), SimInserted=true
D/SIMHelper(  574): isSimInserted(1), SimInserted=true
D/SignalClusterViewGemini(  574): apply(), slot=1, mDataNetType=Type_G resId= 0 simColorId = 1
D/SignalClusterViewGemini(  574): apply(). mIsAirplaneMode is false
D/NetworkControllerGemini(  574): refreshViews(1), DataConnected=false
D/SignalClusterViewGemini(  574): setRoamingFlagandResource(0), roaming=true, roamingId=2130837968
D/SignalClusterViewGemini(  574): setRoamingFlagandResource(1), roaming=false, roamingId=0
D/SignalClusterViewGemini(  574): setShowSimIndicator(1), showSimIndicator=false simIndicatorResource = 0
D/SignalClusterViewGemini(  574): setDataNetType3G(1), dataNetType=Type_G
D/SignalClusterViewGemini(  574): apply(), mWifiVisible is true
D/SIMHelper(  574): isSimInserted(0), SimInserted=true
D/SignalClusterViewGemini(  574): apply(), slotId=0, mMobileVisible=true, mShouldMobileGroupVisible=true
D/SignalClusterViewGemini(  574): apply(), slotId=0, mRoaming=true mMobileActivityId=0 mMobileTypeId=2130837939 mMobileStrengthId[0] = 2130837990 mMobileStrengthId[1] = 0
D/SIMHelper(  574): isSimInserted(0), SimInserted=true
D/SIMHelper(  574): isSimInserted(0), SimInserted=true
D/SignalClusterViewGemini(  574): apply(), slot=0, mDataNetType=Type_G resId= 0 simColorId = 0
D/SignalClusterViewGemini(  574): apply(). mIsAirplaneMode is false
D/SIMHelper(  574): isSimInserted(1), SimInserted=true
D/SignalClusterViewGemini(  574): apply(), slotId=1, mMobileVisible=true, mShouldMobileGroupVisible=true
D/SignalClusterViewGemini(  574): apply(), slotId=1, mRoaming=false mMobileActivityId=0 mMobileTypeId=2130837942 mMobileStrengthId[0] = 2130837992 mMobileStrengthId[1] = 0
D/SIMHelper(  574): isSimInserted(1), SimInserted=true
D/SIMHelper(  574): isSimInserted(1), SimInserted=true
D/SignalClusterViewGemini(  574): apply(), slot=1, mDataNetType=Type_G resId= 0 simColorId = 1
D/SignalClusterViewGemini(  574): apply(). mIsAirplaneMode is false
I/SurfaceTextureClient(  574): [STC::queueBuffer] (this:0x516265c8) fps:2.99, dur:1004.66, max:491.25, min:212.56
I/BufferQueue(  135): [StatusBar](this:0x41d9ce28,api:1) [queue] fps:2.99, dur:1004.69, max:491.20, min:212.26
I/BufferQueue(  135): [StatusBar](this:0x41d9ce28,api:1) [release] fps:2.97, dur:1010.18, max:495.30, min:217.85
V/ActivityManager(  486): getTasks: max=1, flags=0, receiver=null
V/ActivityManager(  486): com.example.sanchita.mobilecontrol/.SignUp: task=TaskRecord{427c9870 #2244 A com.example.sanchita.mobilecontrol U 0}
V/ActivityManager(  486): com.example.sanchita.mobilecontrol/.MobileControl: task=TaskRecord{427c9870 #2244 A com.example.sanchita.mobilecontrol U 0}
V/ActivityManager(  486): We have pending thumbnails: null
V/ActivityManager(  486): getTasks: max=1, flags=0, receiver=null
V/ActivityManager(  486): com.example.sanchita.mobilecontrol/.SignUp: task=TaskRecord{427c9870 #2244 A com.example.sanchita.mobilecontrol U 0}
V/ActivityManager(  486): com.example.sanchita.mobilecontrol/.MobileControl: task=TaskRecord{427c9870 #2244 A com.example.sanchita.mobilecontrol U 0}
V/ActivityManager(  486): We have pending thumbnails: null
V/ActivityManager(  486): getTasks: max=1, flags=0, receiver=null
V/ActivityManager(  486): com.example.sanchita.mobilecontrol/.SignUp: task=TaskRecord{427c9870 #2244 A com.example.sanchita.mobilecontrol U 0}
V/ActivityManager(  486): com.example.sanchita.mobilecontrol/.MobileControl: task=TaskRecord{427c9870 #2244 A com.example.sanchita.mobilecontrol U 0}
V/ActivityManager(  486): We have pending thumbnails: null
V/ActivityManager(  486): getTasks: max=1, flags=0, receiver=null
V/ActivityManager(  486): com.example.sanchita.mobilecontrol/.SignUp: task=TaskRecord{427c9870 #2244 A com.example.sanchita.mobilecontrol U 0}
V/ActivityManager(  486): com.example.sanchita.mobilecontrol/.MobileControl: task=TaskRecord{427c9870 #2244 A com.example.sanchita.mobilecontrol U 0}
V/ActivityManager(  486): We have pending thumbnails: null
V/ActivityManager(  486): getTasks: max=1, flags=0, receiver=null
V/ActivityManager(  486): com.example.sanchita.mobilecontrol/.SignUp: task=TaskRecord{427c9870 #2244 A com.example.sanchita.mobilecontrol U 0}
V/ActivityManager(  486): com.example.sanchita.mobilecontrol/.MobileControl: task=TaskRecord{427c9870 #2244 A com.example.sanchita.mobilecontrol U 0}
V/ActivityManager(  486): We have pending thumbnails: null
V/ActivityManager(  486): getTasks: max=1, flags=0, receiver=null
V/ActivityManager(  486): com.example.sanchita.mobilecontrol/.SignUp: task=TaskRecord{427c9870 #2244 A com.example.sanchita.mobilecontrol U 0}
V/ActivityManager(  486): com.example.sanchita.mobilecontrol/.MobileControl: task=TaskRecord{427c9870 #2244 A com.example.sanchita.mobilecontrol U 0}
V/ActivityManager(  486): We have pending thumbnails: null
V/ActivityManager(  486): getTasks: max=1, flags=0, receiver=null
V/ActivityManager(  486): com.example.sanchita.mobilecontrol/.SignUp: task=TaskRecord{427c9870 #2244 A com.example.sanchita.mobilecontrol U 0}
V/ActivityManager(  486): com.example.sanchita.mobilecontrol/.MobileControl: task=TaskRecord{427c9870 #2244 A com.example.sanchita.mobilecontrol U 0}
V/ActivityManager(  486): We have pending thumbnails: null
I/ConfigService(11675): onDestroy
D/IPCThreadState(11652): [DN #5] BR_CLEAR_DEATH_NOTIFICATION_DONE cookie 0x5f0274e0
V/ActivityManager(  486): getTasks: max=1, flags=0, receiver=null
V/ActivityManager(  486): com.example.sanchita.mobilecontrol/.SignUp: task=TaskRecord{427c9870 #2244 A com.example.sanchita.mobilecontrol U 0}
V/ActivityManager(  486): com.example.sanchita.mobilecontrol/.MobileControl: task=TaskRecord{427c9870 #2244 A com.example.sanchita.mobilecontrol U 0}
V/ActivityManager(  486): We have pending thumbnails: null
D/InputReader(  486): AP_PROF:AppLaunch_dispatchPtr:Down:344445636
I/AP_PROF (  486): unable to open /proc/mtprof/status entry
D/PowerManagerService(  486): userActivityFromNative
D/PowerManagerService(  486): userActivityNoUpdateLocked: eventTime=344445636, event=2, flags=0x0, uid=1000
D/PowerManagerNotifier(  486): onUserActivity: event=2, uid=1000
V/Provider/Settings(  486):  from settings cache , name = display_keylight_timeout , value = 0
D/PowerManagerService(  486): updateUserActivitySummaryLocked: mWakefulness=Awake, mUserActivitySummary=0x1, nextTimeout=345038636 (in 592997 ms)
D/PowerManagerService(  486): newScreenState = 2
D/PowerManagerDisplayController(  486): requestPowerState: screenState=2, useProximitySensor=false, screenBrightness=30, screenAutoBrightnessAdjustment=0.0, useAutoBrightness=false, useEcoBrightness=false, blockScreenOn=false, waitForNegativeProximity=false
I/PowerManagerService(  486): setBrightness mButtonLight 0.
D/PowerManagerService(  486): updateScreenStateLocked: mDisplayReady=true, newScreenState=2, mWakefulness=1, mWakeLockSummary=0x0, mUserActivitySummary=0x1, mBootCompleted=true
D/PowerManagerService(  486): handleSandman: canDream=false, mWakefulness=Awake
V/ActivityManager(  486): getTasks: max=1, flags=0, receiver=null
V/ActivityManager(  486): com.example.sanchita.mobilecontrol/.SignUp: task=TaskRecord{427c9870 #2244 A com.example.sanchita.mobilecontrol U 0}
V/ActivityManager(  486): com.example.sanchita.mobilecontrol/.MobileControl: task=TaskRecord{427c9870 #2244 A com.example.sanchita.mobilecontrol U 0}
V/ActivityManager(  486): We have pending thumbnails: null
I/SurfaceTextureClient(11864): [STC::queueBuffer] (this:0x541a9cc0) fps:1.04, dur:7658.37, max:6792.59, min:56.83
I/SurfaceTextureClient(11864): [STC::queueBuffer] this:0x541a9cc0, api:1, last queue time elapsed:6792.59
I/BufferQueue(  135): [InputMethod](this:0x432ea160,api:1) [queue] fps:1.04, dur:7659.05, max:6792.58, min:56.77
I/BufferQueue(  135): [InputMethod](this:0x432ea160,api:1) [release] fps:1.04, dur:7664.64, max:6793.70, min:39.44
V/ActivityManager(  486): getTasks: max=1, flags=0, receiver=null
V/ActivityManager(  486): com.example.sanchita.mobilecontrol/.SignUp: task=TaskRecord{427c9870 #2244 A com.example.sanchita.mobilecontrol U 0}
V/ActivityManager(  486): com.example.sanchita.mobilecontrol/.MobileControl: task=TaskRecord{427c9870 #2244 A com.example.sanchita.mobilecontrol U 0}
V/ActivityManager(  486): We have pending thumbnails: null
D/StateMachine(  486): handleMessage: E msg.what=131155
D/StateMachine(  486): processMsg: ConnectedState
D/WifiStateMachine(  486): ConnectedState{ what=131155 when=-4ms arg1=964 target=Handler (com.android.internal.util.StateMachine$SmHandler) {42339cd8} }
D/StateMachine(  486): processMsg: L2ConnectedState
D/WifiStateMachine(  486): L2ConnectedState{ what=131155 when=-5ms arg1=964 target=Handler (com.android.internal.util.StateMachine$SmHandler) {42339cd8} }
D/WifiNative-wlan0(  486): doString: SIGNAL_POLL
D/WifiCommon(  486): [wlan0] SET "SIGNAL_POLL"
D/wpa_supplicant(22171): RX ctrl_iface - hexdump(len=11): 53 49 47 4e 41 4c 5f 50 4f 4c 4c
D/wpa_supplicant(22171): wlan0: Control interface command 'SIGNAL_POLL'
D/wpa_supplicant(22171): nl80211: survey data missing!
I/WifiStateMachine(  486): fetchRssiAndLinkSpeedNative, newRssi:-67, newLinkSpeed:81
D/StateMachine(  486): handleMessage: X
V/ActivityManager(  486): getTasks: max=1, flags=0, receiver=null
V/ActivityManager(  486): com.example.sanchita.mobilecontrol/.SignUp: task=TaskRecord{427c9870 #2244 A com.example.sanchita.mobilecontrol U 0}
V/ActivityManager(  486): com.example.sanchita.mobilecontrol/.MobileControl: task=TaskRecord{427c9870 #2244 A com.example.sanchita.mobilecontrol U 0}
V/ActivityManager(  486): We have pending thumbnails: null
V/ActivityManager(  486): getTasks: max=1, flags=0, receiver=null
V/ActivityManager(  486): com.example.sanchita.mobilecontrol/.SignUp: task=TaskRecord{427c9870 #2244 A com.example.sanchita.mobilecontrol U 0}
V/ActivityManager(  486): com.example.sanchita.mobilecontrol/.MobileControl: task=TaskRecord{427c9870 #2244 A com.example.sanchita.mobilecontrol U 0}
V/ActivityManager(  486): We have pending thumbnails: null
V/ActivityManager(  486): getTasks: max=1, flags=0, receiver=null
V/ActivityManager(  486): com.example.sanchita.mobilecontrol/.SignUp: task=TaskRecord{427c9870 #2244 A com.example.sanchita.mobilecontrol U 0}
V/ActivityManager(  486): com.example.sanchita.mobilecontrol/.MobileControl: task=TaskRecord{427c9870 #2244 A com.example.sanchita.mobilecontrol U 0}
V/ActivityManager(  486): We have pending thumbnails: null
V/Provider/Settings(  486):  from settings cache , name = spell_checker_enabled , value = 0
V/Provider/Settings(  486):  from settings cache , name = selected_spell_checker_subtype , value = 0
V/Provider/Settings(  486):  from settings cache , name = selected_spell_checker , value = com.google.android.inputmethod.latin/com.android.inputmethod.latin.spellcheck.AndroidSpellCheckerService
V/Provider/Settings(  486):  from settings cache , name = selected_input_method_subtype , value = -921088104
V/ActivityManager(  486): getTasks: max=1, flags=0, receiver=null
V/ActivityManager(  486): com.example.sanchita.mobilecontrol/.SignUp: task=TaskRecord{427c9870 #2244 A com.example.sanchita.mobilecontrol U 0}
V/ActivityManager(  486): com.example.sanchita.mobilecontrol/.MobileControl: task=TaskRecord{427c9870 #2244 A com.example.sanchita.mobilecontrol U 0}
V/ActivityManager(  486): We have pending thumbnails: null
I/SurfaceTextureClient(  574): [STC::queueBuffer] (this:0x516265c8) fps:1.66, dur:1208.10, max:1013.43, min:194.67
I/BufferQueue(  135): [StatusBar](this:0x41d9ce28,api:1) [queue] fps:1.66, dur:1207.88, max:1013.59, min:194.29
V/Provider/Settings(  486):  from settings cache , name = selected_spell_checker_subtype , value = 0
V/Provider/Settings(  486):  from settings cache , name = selected_spell_checker , value = com.google.android.inputmethod.latin/com.android.inputmethod.latin.spellcheck.AndroidSpellCheckerService
V/Provider/Settings(  486):  from settings cache , name = selected_input_method_subtype , value = -921088104
V/Provider/Settings(  486):  from settings cache , name = spell_checker_enabled , value = 0
I/BufferQueue(  135): [StatusBar](this:0x41d9ce28,api:1) [release] fps:1.66, dur:1208.35, max:1010.24, min:198.10
I/SurfaceFlinger(  135): [SurfaceFlinger] fps:4.327148,dur:1386.59,max:455.75,min:39.40
D/PowerManagerService(  486): userActivityFromNative
D/PowerManagerService(  486): userActivityNoUpdateLocked: eventTime=344446140, event=2, flags=0x0, uid=1000
D/PowerManagerNotifier(  486): onUserActivity: event=2, uid=1000
I/SurfaceTextureClient(  135): [STC::queueBuffer] (this:0x41449630) fps:4.33, dur:1386.72, max:455.97, min:39.30
I/BufferQueue(  135): [FramebufferSurface](this:0x4148a008,api:1) [release] fps:4.33, dur:1386.72, max:455.98, min:39.30
V/Provider/Settings(  486):  from settings cache , name = display_keylight_timeout , value = 0
D/PowerManagerService(  486): updateUserActivitySummaryLocked: mWakefulness=Awake, mUserActivitySummary=0x1, nextTimeout=345039140 (in 592996 ms)
D/PowerManagerService(  486): newScreenState = 2
D/PowerManagerDisplayController(  486): requestPowerState: screenState=2, useProximitySensor=false, screenBrightness=30, screenAutoBrightnessAdjustment=0.0, useAutoBrightness=false, useEcoBrightness=false, blockScreenOn=false, waitForNegativeProximity=false
I/PowerManagerService(  486): setBrightness mButtonLight 0.
D/PowerManagerService(  486): updateScreenStateLocked: mDisplayReady=true, newScreenState=2, mWakefulness=1, mWakeLockSummary=0x0, mUserActivitySummary=0x1, mBootCompleted=true
D/PowerManagerService(  486): handleSandman: canDream=false, mWakefulness=Awake
D/ADB_SERVICES(10721): adb socket read list (15) 
D/ADB_SERVICES(10721): read_data=65440
D/ADB_SERVICES(10721): max_read_time=0.000147 max_send_time=0.000069 
D/ADB_SERVICES(10721): adb local_socket_ready list (15) 
I/BufferQueue(  135): [FramebufferSurface](this:0x4148a008,api:1) [queue] fps:4.33, dur:1386.44, max:455.51, min:39.62
V/Provider/Settings(  486):  from settings cache , name = selected_spell_checker_subtype , value = 0
V/Provider/Settings(  486):  from settings cache , name = selected_spell_checker , value = com.google.android.inputmethod.latin/com.android.inputmethod.latin.spellcheck.AndroidSpellCheckerService
V/Provider/Settings(  486):  from settings cache , name = selected_input_method_subtype , value = -921088104
V/Provider/Settings(  486):  from settings cache , name = spell_checker_enabled , value = 0
V/ActivityManager(  486): getTasks: max=1, flags=0, receiver=null
V/ActivityManager(  486): com.example.sanchita.mobilecontrol/.SignUp: task=TaskRecord{427c9870 #2244 A com.example.sanchita.mobilecontrol U 0}
V/ActivityManager(  486): com.example.sanchita.mobilecontrol/.MobileControl: task=TaskRecord{427c9870 #2244 A com.example.sanchita.mobilecontrol U 0}
V/ActivityManager(  486): We have pending thumbnails: null
I/SurfaceTextureClient(31180): [STC::queueBuffer] (this:0x4f4c0db0) fps:2.01, dur:1492.27, max:501.46, min:494.89
I/BufferQueue(  135): [com.example.sanchita.mobilecontrol/com.example.sanchita.mobilecontrol.SignUp](this:0x432e9728,api:1) [queue] fps:2.01, dur:1491.99, max:501.56, min:494.54
I/BufferQueue(  135): [com.example.sanchita.mobilecontrol/com.example.sanchita.mobilecontrol.SignUp](this:0x432e9728,api:1) [release] fps:2.02, dur:1485.57, max:495.31, min:495.12
V/ActivityManager(  486): getTasks: max=1, flags=0, receiver=null
V/ActivityManager(  486): com.example.sanchita.mobilecontrol/.SignUp: task=TaskRecord{427c9870 #2244 A com.example.sanchita.mobilecontrol U 0}
V/ActivityManager(  486): com.example.sanchita.mobilecontrol/.MobileControl: task=TaskRecord{427c9870 #2244 A com.example.sanchita.mobilecontrol U 0}
V/ActivityManager(  486): We have pending thumbnails: null
V/ActivityManager(  486): getTasks: max=1, flags=0, receiver=null
V/ActivityManager(  486): com.example.sanchita.mobilecontrol/.SignUp: task=TaskRecord{427c9870 #2244 A com.example.sanchita.mobilecontrol U 0}
V/ActivityManager(  486): com.example.sanchita.mobilecontrol/.MobileControl: task=TaskRecord{427c9870 #2244 A com.example.sanchita.mobilecontrol U 0}
V/ActivityManager(  486): We have pending thumbnails: null
D/ConnectivityService(  486): getActiveNetworkInfo:NetworkInfo: type: WIFI[], state: CONNECTED/CONNECTED, reason: (unspecified), extra: "RabilalAsylum", roaming: false, failover: false, isAvailable: true, simId: 0/10032
D/ConnectivityService(  486): getActiveNetworkInfo:NetworkInfo: type: WIFI[], state: CONNECTED/CONNECTED, reason: (unspecified), extra: "RabilalAsylum", roaming: false, failover: false, isAvailable: true, simId: 0/10032
V/ActivityManager(  486): getTasks: max=1, flags=0, receiver=null
V/ActivityManager(  486): com.example.sanchita.mobilecontrol/.SignUp: task=TaskRecord{427c9870 #2244 A com.example.sanchita.mobilecontrol U 0}
V/ActivityManager(  486): com.example.sanchita.mobilecontrol/.MobileControl: task=TaskRecord{427c9870 #2244 A com.example.sanchita.mobilecontrol U 0}
V/ActivityManager(  486): We have pending thumbnails: null
D/InputReader(  486): AP_PROF:AppLaunch_dispatchPtr:Up:344446553
V/ActivityManager(  486): getTasks: max=1, flags=0, receiver=null
V/ActivityManager(  486): com.example.sanchita.mobilecontrol/.SignUp: task=TaskRecord{427c9870 #2244 A com.example.sanchita.mobilecontrol U 0}
V/ActivityManager(  486): com.example.sanchita.mobilecontrol/.MobileControl: task=TaskRecord{427c9870 #2244 A com.example.sanchita.mobilecontrol U 0}
V/ActivityManager(  486): We have pending thumbnails: null
V/ActivityManager(  486): getTasks: max=1, flags=0, receiver=null
V/ActivityManager(  486): com.example.sanchita.mobilecontrol/.SignUp: task=TaskRecord{427c9870 #2244 A com.example.sanchita.mobilecontrol U 0}
V/ActivityManager(  486): com.example.sanchita.mobilecontrol/.MobileControl: task=TaskRecord{427c9870 #2244 A com.example.sanchita.mobilecontrol U 0}
V/ActivityManager(  486): We have pending thumbnails: null
V/ActivityManager(  486): getTasks: max=1, flags=0, receiver=null
V/ActivityManager(  486): com.example.sanchita.mobilecontrol/.SignUp: task=TaskRecord{427c9870 #2244 A com.example.sanchita.mobilecontrol U 0}
V/ActivityManager(  486): com.example.sanchita.mobilecontrol/.MobileControl: task=TaskRecord{427c9870 #2244 A com.example.sanchita.mobilecontrol U 0}
V/ActivityManager(  486): We have pending thumbnails: null
D/WindowManager(  486): interceptKeyTq keycode=4 screenIsOn=true keyguardActive=false policyFlags = #2000002 down =true canceled = false isWakeKey=true
V/Provider/Settings(  486): get setting for user -2 by user 0 so skipping cache
V/SettingsProvider(  486):    access setting for user 0
D/SettingsProvider(  486): call request for 0
V/SettingsProvider(  486): call(system:haptic_feedback_enabled) for 0
D/SettingsProvider(  486): lookupValue table system cache contains Key haptic_feedback_enabled , value = Bundle[{value=0}]
V/Provider/Settings(  486): from db cache, name = haptic_feedback_enabled , value = 0
I/Provider/Settings(  486): call-query of user -2 by 0 so not updating cache
D/PowerManagerService(  486): userActivityFromNative
D/PowerManagerService(  486): userActivityNoUpdateLocked: eventTime=344446881, event=1, flags=0x0, uid=1000
D/PowerManagerNotifier(  486): onUserActivity: event=1, uid=1000
V/Provider/Settings(  486):  from settings cache , name = display_keylight_timeout , value = 0
D/PowerManagerService(  486): updateUserActivitySummaryLocked: mWakefulness=Awake, mUserActivitySummary=0x5, nextTimeout=344454881 (in 7994 ms)
D/PowerManagerService(  486): newScreenState = 2
D/PowerManagerDisplayController(  486): requestPowerState: screenState=2, useProximitySensor=false, screenBrightness=30, screenAutoBrightnessAdjustment=0.0, useAutoBrightness=false, useEcoBrightness=false, blockScreenOn=false, waitForNegativeProximity=false
D/LightsService(  486): setLight_native: light=2, colorARGB=0xff1e1e1e, flashMode=0, onMS=0, offMS=0, brightnessMode=0
D/lights  (  486): write_int open fd=321
I/PowerManagerService(  486): setBrightness mButtonLight, screenBrightness=30
D/PowerManagerService(  486): updateScreenStateLocked: mDisplayReady=true, newScreenState=2, mWakefulness=1, mWakeLockSummary=0x0, mUserActivitySummary=0x5, mBootCompleted=true
D/WindowManager(  486): interceptKeyTi keyCode=4 down=true repeatCount=0 keyguardOn=false mHomePressed=false canceled=false
D/PowerManagerService(  486): handleSandman: canDream=false, mWakefulness=Awake
V/ActivityManager(  486): getTasks: max=1, flags=0, receiver=null
V/ActivityManager(  486): com.example.sanchita.mobilecontrol/.SignUp: task=TaskRecord{427c9870 #2244 A com.example.sanchita.mobilecontrol U 0}
V/ActivityManager(  486): com.example.sanchita.mobilecontrol/.MobileControl: task=TaskRecord{427c9870 #2244 A com.example.sanchita.mobilecontrol U 0}
V/ActivityManager(  486): We have pending thumbnails: null
D/WindowManager(  486): interceptKeyTq keycode=4 screenIsOn=true keyguardActive=false policyFlags = #2000002 down =false canceled = false isWakeKey=true
D/WindowManager(  486): interceptKeyTi keyCode=4 down=false repeatCount=0 keyguardOn=false mHomePressed=false canceled=false
V/ActivityManager(  486): getTasks: max=1, flags=0, receiver=null
V/ActivityManager(  486): com.example.sanchita.mobilecontrol/.SignUp: task=TaskRecord{427c9870 #2244 A com.example.sanchita.mobilecontrol U 0}
V/ActivityManager(  486): com.example.sanchita.mobilecontrol/.MobileControl: task=TaskRecord{427c9870 #2244 A com.example.sanchita.mobilecontrol U 0}
V/ActivityManager(  486): We have pending thumbnails: null
V/Provider/Settings(  574):  from settings cache , name = default_input_method , value = com.google.android.inputmethod.latin/com.android.inputmethod.latin.LatinIME
V/PhoneWindow(11864): DecorView setVisiblity: visibility = 8
V/Provider/Settings(  486):  from settings cache , name = selected_input_method_subtype , value = -921088104
D/OpenGLRenderer(11864): Flushing caches (mode 0)
D/BufferQueue(  135): [InputMethod](this:0x432ea160,api:1) cancelBuffer: slot=1
I/BufferQueue(  135): [InputMethod](this:0x432ea160,api:1) disconnect: api=1
I/SurfaceTexture(  135): [InputMethod] [virtual android::status_t android::SurfaceTexture::forceAuxConversionLocked()] mCurrentTexture:0, mCurrentBuf:0x418e9ee8
I/BufferQueue(  135): [InputMethod](this:0x432ea160,api:0) getReleasedBuffers: returning mask 0xffffffff
I/SurfaceTexture(  135): [InputMethod](this:0x432c3bb8,api:0) destroying EGLImage dpy=0x1 img=0x10000006
I/SurfaceTexture(  135): [InputMethod](this:0x432c3bb8,api:0) destroying EGLImage dpy=0x1 img=0x10000008
I/SurfaceTexture(  135): [InputMethod](this:0x432c3bb8,api:0) destroying EGLImage dpy=0x1 img=0x10000009
D/KeyguardViewMediator(  486): setHidden false
D/KeyguardUpdateMonitor(  486): sendKeyguardVisibilityChanged(true)
D/KeyguardUpdateMonitor(  486): handleKeyguardVisibilityChanged(1)
D/KeyguardViewMediator(  486): handleMessage enter msg name=SET_HIDDEN
D/KeyguardViewMediator(  486): handleMessage exit msg name=SET_HIDDEN
D/KeyguardViewMediator(  486): setHidden false
V/ActivityManager(  486): getTasks: max=1, flags=0, receiver=null
V/ActivityManager(  486): com.example.sanchita.mobilecontrol/.SignUp: task=TaskRecord{427c9870 #2244 A com.example.sanchita.mobilecontrol U 0}
V/ActivityManager(  486): com.example.sanchita.mobilecontrol/.MobileControl: task=TaskRecord{427c9870 #2244 A com.example.sanchita.mobilecontrol U 0}
V/ActivityManager(  486): We have pending thumbnails: null
D/KeyguardUpdateMonitor(  486): sendKeyguardVisibilityChanged(true)
D/KeyguardUpdateMonitor(  486): handleKeyguardVisibilityChanged(1)
D/KeyguardViewMediator(  486): handleMessage enter msg name=SET_HIDDEN
D/KeyguardViewMediator(  486): handleMessage exit msg name=SET_HIDDEN
D/OpenGLRenderer(11864): Flushing caches (mode 1)
V/ActivityManager(  486): getTasks: max=1, flags=0, receiver=null
V/ActivityManager(  486): com.example.sanchita.mobilecontrol/.SignUp: task=TaskRecord{427c9870 #2244 A com.example.sanchita.mobilecontrol U 0}
V/ActivityManager(  486): com.example.sanchita.mobilecontrol/.MobileControl: task=TaskRecord{427c9870 #2244 A com.example.sanchita.mobilecontrol U 0}
V/ActivityManager(  486): We have pending thumbnails: null
D/dalvikvm(  486): GC_CONCURRENT freed 3491K, 37% free 20054K/31344K, paused 12ms+58ms, total 246ms
I/SurfaceFlinger(  135): [SurfaceFlinger] fps:8.908165,dur:1010.31,max:376.50,min:19.71
I/SurfaceTextureClient(  135): [STC::queueBuffer] (this:0x41449630) fps:8.91, dur:1010.21, max:376.86, min:19.68
I/BufferQueue(  135): [FramebufferSurface](this:0x4148a008,api:1) [release] fps:8.91, dur:1010.21, max:376.87, min:19.69
I/BufferQueue(  135): [FramebufferSurface](this:0x4148a008,api:1) [queue] fps:8.91, dur:1010.20, max:376.40, min:19.77
V/ActivityManager(  486): getTasks: max=1, flags=0, receiver=null
V/ActivityManager(  486): com.example.sanchita.mobilecontrol/.SignUp: task=TaskRecord{427c9870 #2244 A com.example.sanchita.mobilecontrol U 0}
V/ActivityManager(  486): com.example.sanchita.mobilecontrol/.MobileControl: task=TaskRecord{427c9870 #2244 A com.example.sanchita.mobilecontrol U 0}
V/ActivityManager(  486): We have pending thumbnails: null
D/KeyguardViewMediator(  486): setHidden false
D/KeyguardUpdateMonitor(  486): sendKeyguardVisibilityChanged(true)
D/KeyguardUpdateMonitor(  486): handleKeyguardVisibilityChanged(1)
D/KeyguardViewMediator(  486): handleMessage enter msg name=SET_HIDDEN
D/KeyguardViewMediator(  486): handleMessage exit msg name=SET_HIDDEN
I/BufferQueue(  135): [InputMethod](this:0x432ea160,api:0) consumerDisconnect
I/BufferQueue(  135): [InputMethod](this:0x432ea160,api:0) ~BufferQueue
V/ActivityManager(  486): getTasks: max=1, flags=0, receiver=null
V/ActivityManager(  486): com.example.sanchita.mobilecontrol/.SignUp: task=TaskRecord{427c9870 #2244 A com.example.sanchita.mobilecontrol U 0}
V/ActivityManager(  486): com.example.sanchita.mobilecontrol/.MobileControl: task=TaskRecord{427c9870 #2244 A com.example.sanchita.mobilecontrol U 0}
V/ActivityManager(  486): We have pending thumbnails: null
V/ActivityManager(  486): getTasks: max=1, flags=0, receiver=null
V/ActivityManager(  486): com.example.sanchita.mobilecontrol/.SignUp: task=TaskRecord{427c9870 #2244 A com.example.sanchita.mobilecontrol U 0}
V/ActivityManager(  486): com.example.sanchita.mobilecontrol/.MobileControl: task=TaskRecord{427c9870 #2244 A com.example.sanchita.mobilecontrol U 0}
V/ActivityManager(  486): We have pending thumbnails: null
V/ActivityManager(  486): getTasks: max=1, flags=0, receiver=null
V/ActivityManager(  486): com.example.sanchita.mobilecontrol/.SignUp: task=TaskRecord{427c9870 #2244 A com.example.sanchita.mobilecontrol U 0}
V/ActivityManager(  486): com.example.sanchita.mobilecontrol/.MobileControl: task=TaskRecord{427c9870 #2244 A com.example.sanchita.mobilecontrol U 0}
V/ActivityManager(  486): We have pending thumbnails: null
D/WindowManager(  486): interceptKeyTq keycode=82 screenIsOn=true keyguardActive=false policyFlags = #2000002 down =true canceled = false isWakeKey=true
V/Provider/Settings(  486): get setting for user -2 by user 0 so skipping cache
V/SettingsProvider(  486):    access setting for user 0
D/SettingsProvider(  486): call request for 0
V/SettingsProvider(  486): call(system:haptic_feedback_enabled) for 0
D/SettingsProvider(  486): lookupValue table system cache contains Key haptic_feedback_enabled , value = Bundle[{value=0}]
V/Provider/Settings(  486): from db cache, name = haptic_feedback_enabled , value = 0
I/Provider/Settings(  486): call-query of user -2 by 0 so not updating cache
D/PowerManagerService(  486): userActivityFromNative
D/PowerManagerService(  486): userActivityNoUpdateLocked: eventTime=344447570, event=1, flags=0x0, uid=1000
D/PowerManagerNotifier(  486): onUserActivity: event=1, uid=1000
V/Provider/Settings(  486):  from settings cache , name = display_keylight_timeout , value = 0
D/PowerManagerService(  486): updateUserActivitySummaryLocked: mWakefulness=Awake, mUserActivitySummary=0x5, nextTimeout=344455570 (in 7997 ms)
D/PowerManagerService(  486): newScreenState = 2
D/PowerManagerDisplayController(  486): requestPowerState: screenState=2, useProximitySensor=false, screenBrightness=30, screenAutoBrightnessAdjustment=0.0, useAutoBrightness=false, useEcoBrightness=false, blockScreenOn=false, waitForNegativeProximity=false
I/PowerManagerService(  486): setBrightness mButtonLight, screenBrightness=30
D/PowerManagerService(  486): updateScreenStateLocked: mDisplayReady=true, newScreenState=2, mWakefulness=1, mWakeLockSummary=0x0, mUserActivitySummary=0x5, mBootCompleted=true
