D/SignalClusterViewGemini(  574): apply(), slot=1, mDataNetType=Type_G resId= 0 simColorId = 1
D/SignalClusterViewGemini(  574): apply(). mIsAirplaneMode is false
D/NetworkControllerGemini(  574): refreshViews(1), DataConnected=false
D/SignalClusterViewGemini(  574): setRoamingFlagandResource(0), roaming=true, roamingId=2130837968
D/SignalClusterViewGemini(  574): setRoamingFlagandResource(1), roaming=false, roamingId=0
D/SignalClusterViewGemini(  574): setShowSimIndicator(1), showSimIndicator=false simIndicatorResource = 0
D/SignalClusterViewGemini(  574): setDataNetType3G(1), dataNetType=Type_G
D/SignalClusterViewGemini(  574): apply(), mWifiVisible is true
D/SIMHelper(  574): isSimInserted(0), SimInserted=true
D/SignalClusterViewGemini(  574): apply(), slotId=0, mMobileVisible=true, mShouldMobileGroupVisible=true
D/SignalClusterViewGemini(  574): apply(), slotId=0, mRoaming=true mMobileActivityId=0 mMobileTypeId=2130837939 mMobileStrengthId[0] = 2130837990 mMobileStrengthId[1] = 0
D/SIMHelper(  574): isSimInserted(0), SimInserted=true
D/SIMHelper(  574): isSimInserted(0), SimInserted=true
D/SignalClusterViewGemini(  574): apply(), slot=0, mDataNetType=Type_G resId= 0 simColorId = 0
D/SignalClusterViewGemini(  574): apply(). mIsAirplaneMode is false
D/SIMHelper(  574): isSimInserted(1), SimInserted=true
D/SignalClusterViewGemini(  574): apply(), slotId=1, mMobileVisible=true, mShouldMobileGroupVisible=true
D/SignalClusterViewGemini(  574): apply(), slotId=1, mRoaming=false mMobileActivityId=0 mMobileTypeId=2130837942 mMobileStrengthId[0] = 2130837992 mMobileStrengthId[1] = 0
D/SIMHelper(  574): isSimInserted(1), SimInserted=true
D/SIMHelper(  574): isSimInserted(1), SimInserted=true
D/SignalClusterViewGemini(  574): apply(), slot=1, mDataNetType=Type_G resId= 0 simColorId = 1
D/SignalClusterViewGemini(  574): apply(). mIsAirplaneMode is false
V/ActivityManager(  486): getTasks: max=1, flags=0, receiver=null
V/ActivityManager(  486): com.example.sanchita.mobilecontrol/.MobileControl: task=TaskRecord{427c9870 #2244 A com.example.sanchita.mobilecontrol U 0}
V/ActivityManager(  486): We have pending thumbnails: null
V/ActivityManager(  486): getTasks: max=1, flags=0, receiver=null
V/ActivityManager(  486): com.example.sanchita.mobilecontrol/.MobileControl: task=TaskRecord{427c9870 #2244 A com.example.sanchita.mobilecontrol U 0}
V/ActivityManager(  486): We have pending thumbnails: null
V/ActivityManager(  486): getTasks: max=1, flags=0, receiver=null
V/ActivityManager(  486): com.example.sanchita.mobilecontrol/.MobileControl: task=TaskRecord{427c9870 #2244 A com.example.sanchita.mobilecontrol U 0}
V/ActivityManager(  486): We have pending thumbnails: null
V/ActivityManager(  486): getTasks: max=1, flags=0, receiver=null
V/ActivityManager(  486): com.example.sanchita.mobilecontrol/.MobileControl: task=TaskRecord{427c9870 #2244 A com.example.sanchita.mobilecontrol U 0}
V/ActivityManager(  486): We have pending thumbnails: null
V/ActivityManager(  486): getTasks: max=1, flags=0, receiver=null
V/ActivityManager(  486): com.example.sanchita.mobilecontrol/.MobileControl: task=TaskRecord{427c9870 #2244 A com.example.sanchita.mobilecontrol U 0}
V/ActivityManager(  486): We have pending thumbnails: null
V/ActivityManager(  486): getTasks: max=1, flags=0, receiver=null
V/ActivityManager(  486): com.example.sanchita.mobilecontrol/.MobileControl: task=TaskRecord{427c9870 #2244 A com.example.sanchita.mobilecontrol U 0}
V/ActivityManager(  486): We have pending thumbnails: null
V/ActivityManager(  486): getTasks: max=1, flags=0, receiver=null
V/ActivityManager(  486): com.example.sanchita.mobilecontrol/.MobileControl: task=TaskRecord{427c9870 #2244 A com.example.sanchita.mobilecontrol U 0}
V/ActivityManager(  486): We have pending thumbnails: null
I/System.out(31180): [socket][/192.168.0.5:54778] connected
I/System.out(31180): [CDS]rx timeout:0
D/PrintWriter(31180): java.io.PrintWriter@41dbe200
V/ActivityManager(  486): getTasks: max=1, flags=0, receiver=null
V/ActivityManager(  486): com.example.sanchita.mobilecontrol/.MobileControl: task=TaskRecord{427c9870 #2244 A com.example.sanchita.mobilecontrol U 0}
V/ActivityManager(  486): We have pending thumbnails: null
V/ActivityManager(  486): getTasks: max=1, flags=0, receiver=null
V/ActivityManager(  486): com.example.sanchita.mobilecontrol/.MobileControl: task=TaskRecord{427c9870 #2244 A com.example.sanchita.mobilecontrol U 0}
V/ActivityManager(  486): We have pending thumbnails: null
V/ActivityManager(  486): getTasks: max=1, flags=0, receiver=null
V/ActivityManager(  486): com.example.sanchita.mobilecontrol/.MobileControl: task=TaskRecord{427c9870 #2244 A com.example.sanchita.mobilecontrol U 0}
V/ActivityManager(  486): We have pending thumbnails: null
V/ActivityManager(  486): getTasks: max=1, flags=0, receiver=null
V/ActivityManager(  486): com.example.sanchita.mobilecontrol/.MobileControl: task=TaskRecord{427c9870 #2244 A com.example.sanchita.mobilecontrol U 0}
V/ActivityManager(  486): We have pending thumbnails: null
I/SurfaceTextureClient(31180): [STC::queueBuffer] (this:0x533ec9a0) fps:2.02, dur:1486.02, max:495.53, min:495.21
I/BufferQueue(  135): [com.example.sanchita.mobilecontrol/com.example.sanchita.mobilecontrol.MobileControl](this:0x432ea160,api:1) [queue] fps:2.02, dur:1486.15, max:495.80, min:495.13
I/BufferQueue(  135): [com.example.sanchita.mobilecontrol/com.example.sanchita.mobilecontrol.MobileControl](this:0x432ea160,api:1) [release] fps:2.02, dur:1485.56, max:495.27, min:495.14
D/StateMachine(  486): handleMessage: E msg.what=131155
D/StateMachine(  486): processMsg: ConnectedState
D/WifiStateMachine(  486): ConnectedState{ what=131155 when=-1ms arg1=964 target=Handler (com.android.internal.util.StateMachine$SmHandler) {42339cd8} }
D/StateMachine(  486): processMsg: L2ConnectedState
D/WifiStateMachine(  486): L2ConnectedState{ what=131155 when=-2ms arg1=964 target=Handler (com.android.internal.util.StateMachine$SmHandler) {42339cd8} }
D/WifiNative-wlan0(  486): doString: SIGNAL_POLL
D/WifiCommon(  486): [wlan0] SET "SIGNAL_POLL"
D/wpa_supplicant(22171): RX ctrl_iface - hexdump(len=11): 53 49 47 4e 41 4c 5f 50 4f 4c 4c
D/wpa_supplicant(22171): wlan0: Control interface command 'SIGNAL_POLL'
D/wpa_supplicant(22171): nl80211: survey data missing!
I/WifiStateMachine(  486): fetchRssiAndLinkSpeedNative, newRssi:-69, newLinkSpeed:135
D/StateMachine(  486): handleMessage: X
V/ActivityManager(  486): getTasks: max=1, flags=0, receiver=null
V/ActivityManager(  486): com.example.sanchita.mobilecontrol/.MobileControl: task=TaskRecord{427c9870 #2244 A com.example.sanchita.mobilecontrol U 0}
V/ActivityManager(  486): We have pending thumbnails: null
V/ActivityManager(  486): getTasks: max=1, flags=0, receiver=null
V/ActivityManager(  486): com.example.sanchita.mobilecontrol/.MobileControl: task=TaskRecord{427c9870 #2244 A com.example.sanchita.mobilecontrol U 0}
V/ActivityManager(  486): We have pending thumbnails: null
V/ActivityManager(  486): getTasks: max=1, flags=0, receiver=null
V/ActivityManager(  486): com.example.sanchita.mobilecontrol/.MobileControl: task=TaskRecord{427c9870 #2244 A com.example.sanchita.mobilecontrol U 0}
V/ActivityManager(  486): We have pending thumbnails: null
I/SurfaceTextureClient(  574): [STC::queueBuffer] (this:0x516265c8) fps:2.00, dur:2000.05, max:1009.54, min:163.46
I/BufferQueue(  135): [StatusBar](this:0x41d9ce28,api:1) [queue] fps:2.00, dur:2000.10, max:1009.72, min:163.42
D/KeyguardViewMediator(  486): setHidden false
D/KeyguardUpdateMonitor(  486): sendKeyguardVisibilityChanged(true)
D/KeyguardUpdateMonitor(  486): handleKeyguardVisibilityChanged(1)
D/KeyguardViewMediator(  486): handleMessage enter msg name=SET_HIDDEN
D/KeyguardViewMediator(  486): handleMessage exit msg name=SET_HIDDEN
I/BufferQueue(  135): [StatusBar](this:0x41d9ce28,api:1) [release] fps:2.00, dur:2000.47, max:1010.08, min:178.27
I/SurfaceFlinger(  135): [SurfaceFlinger] fps:4.006497,dur:1247.97,max:495.29,min:59.42
I/SurfaceTextureClient(  135): [STC::queueBuffer] (this:0x41449630) fps:4.01, dur:1248.10, max:495.50, min:59.17
I/BufferQueue(  135): [FramebufferSurface](this:0x4148a008,api:1) [release] fps:4.01, dur:1248.11, max:495.51, min:59.12
I/BufferQueue(  135): [FramebufferSurface](this:0x4148a008,api:1) [queue] fps:4.01, dur:1247.75, max:495.15, min:59.41
V/ActivityManager(  486): getTasks: max=1, flags=0, receiver=null
V/ActivityManager(  486): com.example.sanchita.mobilecontrol/.MobileControl: task=TaskRecord{427c9870 #2244 A com.example.sanchita.mobilecontrol U 0}
V/ActivityManager(  486): We have pending thumbnails: null
V/ActivityManager(  486): getTasks: max=1, flags=0, receiver=null
V/ActivityManager(  486): com.example.sanchita.mobilecontrol/.MobileControl: task=TaskRecord{427c9870 #2244 A com.example.sanchita.mobilecontrol U 0}
V/ActivityManager(  486): We have pending thumbnails: null
V/ActivityManager(  486): getTasks: max=1, flags=0, receiver=null
V/ActivityManager(  486): com.example.sanchita.mobilecontrol/.MobileControl: task=TaskRecord{427c9870 #2244 A com.example.sanchita.mobilecontrol U 0}
V/ActivityManager(  486): We have pending thumbnails: null
V/ActivityManager(  486): getTasks: max=1, flags=0, receiver=null
V/ActivityManager(  486): com.example.sanchita.mobilecontrol/.MobileControl: task=TaskRecord{427c9870 #2244 A com.example.sanchita.mobilecontrol U 0}
V/ActivityManager(  486): We have pending thumbnails: null
V/ActivityManager(  486): getTasks: max=1, flags=0, receiver=null
V/ActivityManager(  486): com.example.sanchita.mobilecontrol/.MobileControl: task=TaskRecord{427c9870 #2244 A com.example.sanchita.mobilecontrol U 0}
V/ActivityManager(  486): We have pending thumbnails: null
D/BufferedReader(31180): java.io.BufferedReader@41dc45d0
V/ActivityManager(  486): Broadcast: Intent { act=Take Device List flg=0x10 (has extras) } ordered=false userid=0 callerApp=ProcessRecord{4277e130 31180:com.example.sanchita.mobilecontrol/u0a10096}
I/ActivityManager(  486): START u0 {cmp=com.example.sanchita.mobilecontrol/.List} from pid 31180
I/libPerfService(  486): 1: set: 2
D/SurfaceFlinger(  135): Request capture screen (pid=486, uid=1000)
D/SurfaceFlinger(  135): screenshot: sw=246, sh=437, minZ=0, maxZ=21030
D/SurfaceFlinger(  135): screenshot: result = OK
D/PowerManagerService(  486): acquireWakeLockInternal: lock=1105343216, flags=0x1, tag="ActivityManager-Launch", ws=null, uid=1000, pid=486
D/PowerManagerService(  486): updateWakeLockSummaryLocked: mWakefulness=Awake, mWakeLockSummary=0x1
D/PowerManagerService(  486): newScreenState = 2
D/PowerManagerDisplayController(  486): requestPowerState: screenState=2, useProximitySensor=false, screenBrightness=30, screenAutoBrightnessAdjustment=0.0, useAutoBrightness=false, useEcoBrightness=false, blockScreenOn=false, waitForNegativeProximity=false
I/PowerManagerService(  486): setBrightness mButtonLight 0.
D/PowerManagerService(  486): updateScreenStateLocked: mDisplayReady=true, newScreenState=2, mWakefulness=1, mWakeLockSummary=0x1, mUserActivitySummary=0x1, mBootCompleted=true
D/PowerManagerService(  486): handleSandman: canDream=false, mWakefulness=Awake
D/InputReader(  486): InputReader:: getSwitchState lock 
D/ADB_SERVICES(10721): adb fdevent_process list (16) (15) 
D/InputReader(  486): InputReader::getStateLocked:: return 
V/ActivityManager(  486): ACT-Launching: ActivityRecord{41d93a70 u0 com.example.sanchita.mobilecontrol/.List}
D/WebView (11652): onTrimMemory: 20
V/WindowManager(  486): Changing focus from Window{426a9aa0 u0 com.example.sanchita.mobilecontrol/com.example.sanchita.mobilecontrol.MobileControl} to null
W/WindowManager(  486): No new IME target
I/WindowManager(  486): Losing focus: Window{426a9aa0 u0 com.example.sanchita.mobilecontrol/com.example.sanchita.mobilecontrol.MobileControl}
D/KeyguardViewMediator(  486): setHidden false
D/KeyguardUpdateMonitor(  486): sendKeyguardVisibilityChanged(true)
D/KeyguardUpdateMonitor(  486): handleKeyguardVisibilityChanged(1)
D/KeyguardViewMediator(  486): handleMessage enter msg name=SET_HIDDEN
D/KeyguardViewMediator(  486): handleMessage exit msg name=SET_HIDDEN
V/ActivityManager(  486): getTasks: max=1, flags=0, receiver=null
V/ActivityManager(  486): com.example.sanchita.mobilecontrol/.List: task=TaskRecord{427c9870 #2244 A com.example.sanchita.mobilecontrol U 0}
V/ActivityManager(  486): com.example.sanchita.mobilecontrol/.MobileControl: task=TaskRecord{427c9870 #2244 A com.example.sanchita.mobilecontrol U 0}
V/ActivityManager(  486): We have pending thumbnails: null
D/AbsListView(31180): checkAbsListViewlLogProperty get invalid command
V/PhoneWindow(31180): DecorView setVisiblity: visibility = 4
W/WindowManager(  486): No new IME target
V/PhoneWindow(31180): DecorView setVisiblity: visibility = 0
V/InputMethodManager(31180): focusOut: android.widget.EditText{41d155a8 VFED..CL .F...... 138,189-456,251 #7f09004e app:id/password} mServedView=android.widget.EditText{41d155a8 VFED..CL .F...... 138,189-456,251 #7f09004e app:id/password} winFocus=false
I/BufferQueue(  135): [unnamed-135-14683](this:0x41aa9e28,api:0) BufferQueue
I/BufferQueue(  135): [unnamed-135-14683](this:0x41aa9e28,api:0) consumerConnect
I/BufferQueue(  135): [unnamed-135-14683](this:0x41aa9e28,api:0) setConsumerName: unnamed-135-14683
I/SurfaceTexture(  135): [unnamed-135-14683](this:0x418dfb80,api:0) SurfaceTexture
I/BufferQueue(  135): [unnamed-135-14683](this:0x41aa9e28,api:0) setSynchronousMode: enabled=1
I/BufferQueue(  135): [unnamed-135-14683](this:0x41aa9e28,api:0) setDefaultBufferSize: w=1, h=1
I/BufferQueue(  135): [com.example.sanchita.mobilecontrol/com.example.sanchita.mobilecontrol.List](this:0x41aa9e28,api:0) setConsumerName: com.example.sanchita.mobilecontrol/com.example.sanchita.mobilecontrol.List
V/WindowManager(  486): Changing focus from null to Window{429ef2a8 u0 com.example.sanchita.mobilecontrol/com.example.sanchita.mobilecontrol.List}
D/KeyguardViewMediator(  486): setHidden false
D/KeyguardUpdateMonitor(  486): sendKeyguardVisibilityChanged(true)
D/KeyguardUpdateMonitor(  486): handleKeyguardVisibilityChanged(1)
D/KeyguardViewMediator(  486): handleMessage enter msg name=SET_HIDDEN
D/KeyguardViewMediator(  486): handleMessage exit msg name=SET_HIDDEN
I/BufferQueue(  135): [com.example.sanchita.mobilecontrol/com.example.sanchita.mobilecontrol.List](this:0x41aa9e28,api:0) setDefaultBufferSize: w=480, h=854
I/WindowManager(  486): Gaining focus: Window{429ef2a8 u0 com.example.sanchita.mobilecontrol/com.example.sanchita.mobilecontrol.List}
I/BufferQueue(  135): [com.example.sanchita.mobilecontrol/com.example.sanchita.mobilecontrol.List](this:0x41aa9e28,api:0) connect: api=1
I/BufferQueue(  135): [com.example.sanchita.mobilecontrol/com.example.sanchita.mobilecontrol.List](this:0x41aa9e28,api:1) setSynchronousMode: enabled=1
I/BufferQueue(  135): [com.example.sanchita.mobilecontrol/com.example.sanchita.mobilecontrol.List](this:0x41aa9e28,api:1) setSynchronousMode: enabled=1
I/BufferQueue(  135): [com.example.sanchita.mobilecontrol/com.example.sanchita.mobilecontrol.List](this:0x41aa9e28,api:1) setBufferCount: count=3
I/SurfaceTexture(  135): [com.example.sanchita.mobilecontrol/com.example.sanchita.mobilecontrol.List] [virtual android::status_t android::SurfaceTexture::forceAuxConversionLocked()] mCurrentTexture:-1, mCurrentBuf:0x0
I/BufferQueue(  135): [com.example.sanchita.mobilecontrol/com.example.sanchita.mobilecontrol.List](this:0x41aa9e28,api:1) getReleasedBuffers: returning mask 0xffffffff
I/BufferQueue(  135): [com.example.sanchita.mobilecontrol/com.example.sanchita.mobilecontrol.List](this:0x41aa9e28,api:1) new GraphicBuffer needed
D/BufferQueue(  135):     [OLD] gb:NULL
I/GraphicBuffer(  135): allocate buffer (w:480 h:854 f:1) err(0)
I/BufferQueue(  135):     [NEW] gb=0x418dfe90, handle=0x432eaea8, w=480, h=854, s=480, fmt=1
V/WindowManager(  486): IWindow finishDrawing called for android.view.IWindow$Stub$Proxy@4271b668
D/KeyguardViewMediator(  486): setHidden false
D/KeyguardUpdateMonitor(  486): sendKeyguardVisibilityChanged(true)
D/KeyguardUpdateMonitor(  486): handleKeyguardVisibilityChanged(1)
D/KeyguardViewMediator(  486): handleMessage enter msg name=SET_HIDDEN
D/KeyguardViewMediator(  486): handleMessage exit msg name=SET_HIDDEN
I/ActivityManager(  486): [AppLaunch] Displayed Displayed com.example.sanchita.mobilecontrol/.List: +108ms
D/ActivityManager(  486): AP_PROF:AppLaunch_LaunchTime:com.example.sanchita.mobilecontrol/.List:108:344464808
D/KeyguardViewMediator(  486): setHidden false
D/KeyguardUpdateMonitor(  486): sendKeyguardVisibilityChanged(true)
D/KeyguardUpdateMonitor(  486): handleKeyguardVisibilityChanged(1)
D/KeyguardViewMediator(  486): handleMessage enter msg name=SET_HIDDEN
D/KeyguardViewMediator(  486): handleMessage exit msg name=SET_HIDDEN
I/SurfaceTexture(  135): [com.example.sanchita.mobilecontrol/com.example.sanchita.mobilecontrol.List](this:0x418dfb80,api:1) [void* android::SurfaceTexture::createImage(EGLDisplay, const android::sp<android::GraphicBuffer>&)]
D/SurfaceTexture(  135):     GraphicBuffer: gb=0x418dfe90 handle=0x432eaea8
D/SurfaceTexture(  135):     EGLImage: dpy=0x1, img=0x1000000a
V/InputMethodManager(31180): onWindowFocus: null softInputMode=288 first=true flags=#1810100
D/InputMethodManager(31180): deactivate the inputconnection in ControlledInputConnectionWrapper.
V/InputMethodManager(31180): START INPUT: com.android.internal.policy.impl.PhoneWindow$DecorView{41dd56c8 V.E..... R.....ID 0,0-480,854} ic=null tba=android.view.inputmethod.EditorInfo@41de75e0 controlFlags=#104
V/InputMethodManagerService(  486): windowGainedFocus: android.os.BinderProxy@42179cb0 controlFlags=#104 softInputMode=#120 windowFlags=#1810100
V/ActivityManager(  486): getTasks: max=1, flags=0, receiver=null
V/ActivityManager(  486): com.example.sanchita.mobilecontrol/.List: task=TaskRecord{427c9870 #2244 A com.example.sanchita.mobilecontrol U 0}
V/ActivityManager(  486): com.example.sanchita.mobilecontrol/.MobileControl: task=TaskRecord{427c9870 #2244 A com.example.sanchita.mobilecontrol U 0}
V/ActivityManager(  486): We have pending thumbnails: null
D/KeyguardViewMediator(  486): setHidden false
D/KeyguardUpdateMonitor(  486): sendKeyguardVisibilityChanged(true)
D/KeyguardUpdateMonitor(  486): handleKeyguardVisibilityChanged(1)
D/KeyguardViewMediator(  486): handleMessage enter msg name=SET_HIDDEN
D/KeyguardViewMediator(  486): handleMessage exit msg name=SET_HIDDEN
V/PhoneWindow(11864): DecorView setVisiblity: visibility = 8
V/InputMethodManager(31180): Starting input: Bind result=InputBindResult{com.android.internal.view.IInputMethodSession$Stub$Proxy@41de7e70 com.google.android.inputmethod.latin/com.android.inputmethod.latin.LatinIME #12008}
V/Provider/Settings(  574):  from settings cache , name = default_input_method , value = com.google.android.inputmethod.latin/com.android.inputmethod.latin.LatinIME
V/Provider/Settings(  486):  from settings cache , name = selected_input_method_subtype , value = -921088104
I/BufferQueue(  135): [com.example.sanchita.mobilecontrol/com.example.sanchita.mobilecontrol.List](this:0x41aa9e28,api:1) new GraphicBuffer needed
D/BufferQueue(  135):     [OLD] gb:NULL
I/GraphicBuffer(  135): allocate buffer (w:480 h:854 f:1) err(0)
I/BufferQueue(  135):     [NEW] gb=0x41ad3e18, handle=0x41d9dc78, w=480, h=854, s=480, fmt=1
D/OpenGLRenderer(11864): Flushing caches (mode 0)
D/BufferQueue(  135): [InputMethod](this:0x432e9728,api:1) cancelBuffer: slot=0
I/BufferQueue(  135): [InputMethod](this:0x432e9728,api:1) disconnect: api=1
I/SurfaceTexture(  135): [InputMethod] [virtual android::status_t android::SurfaceTexture::forceAuxConversionLocked()] mCurrentTexture:2, mCurrentBuf:0x41aabf50
I/BufferQueue(  135): [InputMethod](this:0x432e9728,api:0) getReleasedBuffers: returning mask 0xffffffff
I/SurfaceTexture(  135): [InputMethod](this:0x432eab98,api:0) destroying EGLImage dpy=0x1 img=0x10000007
I/SurfaceTexture(  135): [InputMethod](this:0x432eab98,api:0) destroying EGLImage dpy=0x1 img=0x10000008
I/SurfaceTexture(  135): [InputMethod](this:0x432eab98,api:0) destroying EGLImage dpy=0x1 img=0x10000009
D/KeyguardViewMediator(  486): setHidden false
D/KeyguardUpdateMonitor(  486): sendKeyguardVisibilityChanged(true)
D/KeyguardUpdateMonitor(  486): handleKeyguardVisibilityChanged(1)
D/KeyguardViewMediator(  486): handleMessage enter msg name=SET_HIDDEN
D/KeyguardViewMediator(  486): handleMessage exit msg name=SET_HIDDEN
V/WindowManager(  486): IWindow finishDrawing called for android.view.IWindow$Stub$Proxy@428b17d8
D/KeyguardViewMediator(  486): setHidden false
D/KeyguardUpdateMonitor(  486): sendKeyguardVisibilityChanged(true)
D/KeyguardUpdateMonitor(  486): handleKeyguardVisibilityChanged(1)
D/KeyguardViewMediator(  486): handleMessage enter msg name=SET_HIDDEN
D/KeyguardViewMediator(  486): handleMessage exit msg name=SET_HIDDEN
D/OpenGLRenderer(31180): Flushing caches (mode 0)
D/BufferQueue(  135): [com.example.sanchita.mobilecontrol/com.example.sanchita.mobilecontrol.MobileControl](this:0x432ea160,api:1) cancelBuffer: slot=1
D/OpenGLRenderer(11864): Flushing caches (mode 1)
I/BufferQueue(  135): [com.example.sanchita.mobilecontrol/com.example.sanchita.mobilecontrol.MobileControl](this:0x432ea160,api:1) disconnect: api=1
I/SurfaceTexture(  135): [com.example.sanchita.mobilecontrol/com.example.sanchita.mobilecontrol.MobileControl] [virtual android::status_t android::SurfaceTexture::forceAuxConversionLocked()] mCurrentTexture:0, mCurrentBuf:0x418e43c8
I/BufferQueue(  135): [com.example.sanchita.mobilecontrol/com.example.sanchita.mobilecontrol.MobileControl](this:0x432ea160,api:0) getReleasedBuffers: returning mask 0xffffffff
I/SurfaceTexture(  135): [com.example.sanchita.mobilecontrol/com.example.sanchita.mobilecontrol.MobileControl](this:0x432c3bb8,api:0) destroying EGLImage dpy=0x1 img=0x10000006
I/SurfaceTexture(  135): [com.example.sanchita.mobilecontrol/com.example.sanchita.mobilecontrol.MobileControl](this:0x432c3bb8,api:0) destroying EGLImage dpy=0x1 img=0x10000003
I/SurfaceTexture(  135): [com.example.sanchita.mobilecontrol/com.example.sanchita.mobilecontrol.MobileControl](this:0x432c3bb8,api:0) destroying EGLImage dpy=0x1 img=0x10000005
D/KeyguardViewMediator(  486): setHidden false
D/KeyguardUpdateMonitor(  486): sendKeyguardVisibilityChanged(true)
D/KeyguardUpdateMonitor(  486): handleKeyguardVisibilityChanged(1)
D/KeyguardViewMediator(  486): handleMessage enter msg name=SET_HIDDEN
D/KeyguardViewMediator(  486): handleMessage exit msg name=SET_HIDDEN
I/SurfaceTexture(  135): [com.example.sanchita.mobilecontrol/com.example.sanchita.mobilecontrol.List](this:0x418dfb80,api:1) [void* android::SurfaceTexture::createImage(EGLDisplay, const android::sp<android::GraphicBuffer>&)]
D/SurfaceTexture(  135):     GraphicBuffer: gb=0x41ad3e18 handle=0x41d9dc78
D/SurfaceTexture(  135):     EGLImage: dpy=0x1, img=0x10000003
V/ActivityManager(  486): Activity idle: Token{41d93668 ActivityRecord{41d93a70 u0 com.example.sanchita.mobilecontrol/.List}}
I/libPerfService(  486): 1: set: 1
D/PowerManagerService(  486): releaseWakeLockInternal: lock=1105343216, flags=0x0
D/PowerManagerService(  486): updateWakeLockSummaryLocked: mWakefulness=Awake, mWakeLockSummary=0x0
D/PowerManagerService(  486): newScreenState = 2
D/PowerManagerDisplayController(  486): requestPowerState: screenState=2, useProximitySensor=false, screenBrightness=30, screenAutoBrightnessAdjustment=0.0, useAutoBrightness=false, useEcoBrightness=false, blockScreenOn=false, waitForNegativeProximity=false
I/PowerManagerService(  486): setBrightness mButtonLight 0.
D/PowerManagerService(  486): updateScreenStateLocked: mDisplayReady=true, newScreenState=2, mWakefulness=1, mWakeLockSummary=0x0, mUserActivitySummary=0x1, mBootCompleted=true
V/ActivityManager(  486): Stopping ActivityRecord{425791d0 u0 com.example.sanchita.mobilecontrol/.MobileControl}: nowVisible=false waitingVisible=true finishing=false
D/PowerManagerService(  486): handleSandman: canDream=false, mWakefulness=Awake
V/ActivityManager(  486): getTasks: max=1, flags=0, receiver=null
V/ActivityManager(  486): com.example.sanchita.mobilecontrol/.List: task=TaskRecord{427c9870 #2244 A com.example.sanchita.mobilecontrol U 0}
V/ActivityManager(  486): com.example.sanchita.mobilecontrol/.MobileControl: task=TaskRecord{427c9870 #2244 A com.example.sanchita.mobilecontrol U 0}
V/ActivityManager(  486): We have pending thumbnails: null
V/ActivityManager(  486): getTasks: max=1, flags=0, receiver=null
V/ActivityManager(  486): com.example.sanchita.mobilecontrol/.List: task=TaskRecord{427c9870 #2244 A com.example.sanchita.mobilecontrol U 0}
V/ActivityManager(  486): com.example.sanchita.mobilecontrol/.MobileControl: task=TaskRecord{427c9870 #2244 A com.example.sanchita.mobilecontrol U 0}
V/ActivityManager(  486): We have pending thumbnails: null
V/ActivityManager(  486): getTasks: max=1, flags=0, receiver=null
V/ActivityManager(  486): com.example.sanchita.mobilecontrol/.List: task=TaskRecord{427c9870 #2244 A com.example.sanchita.mobilecontrol U 0}
V/ActivityManager(  486): com.example.sanchita.mobilecontrol/.MobileControl: task=TaskRecord{427c9870 #2244 A com.example.sanchita.mobilecontrol U 0}
V/ActivityManager(  486): We have pending thumbnails: null
D/KeyguardViewMediator(  486): setHidden false
D/KeyguardUpdateMonitor(  486): sendKeyguardVisibilityChanged(true)
D/KeyguardUpdateMonitor(  486): handleKeyguardVisibilityChanged(1)
D/KeyguardViewMediator(  486): handleMessage enter msg name=SET_HIDDEN
D/KeyguardViewMediator(  486): handleMessage exit msg name=SET_HIDDEN
V/ActivityManager(  486): getTasks: max=1, flags=0, receiver=null
V/ActivityManager(  486): com.example.sanchita.mobilecontrol/.List: task=TaskRecord{427c9870 #2244 A com.example.sanchita.mobilecontrol U 0}
V/ActivityManager(  486): com.example.sanchita.mobilecontrol/.MobileControl: task=TaskRecord{427c9870 #2244 A com.example.sanchita.mobilecontrol U 0}
V/ActivityManager(  486): We have pending thumbnails: null
I/BufferQueue(  135): [InputMethod](this:0x432e9728,api:0) consumerDisconnect
I/BufferQueue(  135): [InputMethod](this:0x432e9728,api:0) ~BufferQueue
V/ActivityManager(  486): Activity idle: null
D/ActivityManager(  486): ACT-IDLE_NOW_MSG from windowsVisible() for idle: ActivityRecord{41d93a70 u0 com.example.sanchita.mobilecontrol/.List}
V/ActivityManager(  486): Stopping ActivityRecord{425791d0 u0 com.example.sanchita.mobilecontrol/.MobileControl}: nowVisible=true waitingVisible=false finishing=false
V/ActivityManager(  486): Ready to stop: ActivityRecord{425791d0 u0 com.example.sanchita.mobilecontrol/.MobileControl}
D/KeyguardViewMediator(  486): setHidden false
D/KeyguardUpdateMonitor(  486): sendKeyguardVisibilityChanged(true)
D/KeyguardUpdateMonitor(  486): handleKeyguardVisibilityChanged(1)
D/KeyguardViewMediator(  486): handleMessage enter msg name=SET_HIDDEN
D/KeyguardViewMediator(  486): handleMessage exit msg name=SET_HIDDEN
D/KeyguardViewMediator(  486): setHidden false
D/KeyguardUpdateMonitor(  486): sendKeyguardVisibilityChanged(true)
D/KeyguardUpdateMonitor(  486): handleKeyguardVisibilityChanged(1)
D/KeyguardViewMediator(  486): handleMessage enter msg name=SET_HIDDEN
D/KeyguardViewMediator(  486): handleMessage exit msg name=SET_HIDDEN
V/PhoneWindow(31180): DecorView setVisiblity: visibility = 4
I/BufferQueue(  135): [com.example.sanchita.mobilecontrol/com.example.sanchita.mobilecontrol.MobileControl](this:0x432ea160,api:0) consumerDisconnect
I/BufferQueue(  135): [com.example.sanchita.mobilecontrol/com.example.sanchita.mobilecontrol.MobileControl](this:0x432ea160,api:0) ~BufferQueue
I/SurfaceFlinger(  135): [SurfaceFlinger] fps:21.765732,dur:1010.76,max:257.29,min:19.09
V/ActivityManager(  486): Activity stopped: token=Token{42918ee0 ActivityRecord{425791d0 u0 com.example.sanchita.mobilecontrol/.MobileControl}}
I/SurfaceTextureClient(  135): [STC::queueBuffer] (this:0x41449630) fps:21.81, dur:1008.79, max:256.85, min:14.16
I/BufferQueue(  135): [FramebufferSurface](this:0x4148a008,api:1) [release] fps:21.81, dur:1008.81, max:256.79, min:14.16
I/BufferQueue(  135): [FramebufferSurface](this:0x4148a008,api:1) [queue] fps:21.78, dur:1010.13, max:257.45, min:19.75
V/ActivityManager(  486): getTasks: max=1, flags=0, receiver=null
V/ActivityManager(  486): com.example.sanchita.mobilecontrol/.List: task=TaskRecord{427c9870 #2244 A com.example.sanchita.mobilecontrol U 0}
V/ActivityManager(  486): com.example.sanchita.mobilecontrol/.MobileControl: task=TaskRecord{427c9870 #2244 A com.example.sanchita.mobilecontrol U 0}
V/ActivityManager(  486): We have pending thumbnails: null
V/ActivityManager(  486): getTasks: max=1, flags=0, receiver=null
V/ActivityManager(  486): com.example.sanchita.mobilecontrol/.List: task=TaskRecord{427c9870 #2244 A com.example.sanchita.mobilecontrol U 0}
V/ActivityManager(  486): com.example.sanchita.mobilecontrol/.MobileControl: task=TaskRecord{427c9870 #2244 A com.example.sanchita.mobilecontrol U 0}
V/ActivityManager(  486): We have pending thumbnails: null
V/ActivityManager(  486): getTasks: max=1, flags=0, receiver=null
V/ActivityManager(  486): com.example.sanchita.mobilecontrol/.List: task=TaskRecord{427c9870 #2244 A com.example.sanchita.mobilecontrol U 0}
V/ActivityManager(  486): com.example.sanchita.mobilecontrol/.MobileControl: task=TaskRecord{427c9870 #2244 A com.example.sanchita.mobilecontrol U 0}
V/ActivityManager(  486): We have pending thumbnails: null
V/ActivityManager(  486): getTasks: max=1, flags=0, receiver=null
V/ActivityManager(  486): com.example.sanchita.mobilecontrol/.List: task=TaskRecord{427c9870 #2244 A com.example.sanchita.mobilecontrol U 0}
V/ActivityManager(  486): com.example.sanchita.mobilecontrol/.MobileControl: task=TaskRecord{427c9870 #2244 A com.example.sanchita.mobilecontrol U 0}
V/ActivityManager(  486): We have pending thumbnails: null
V/ActivityManager(  486): getTasks: max=1, flags=0, receiver=null
V/ActivityManager(  486): com.example.sanchita.mobilecontrol/.List: task=TaskRecord{427c9870 #2244 A com.example.sanchita.mobilecontrol U 0}
V/ActivityManager(  486): com.example.sanchita.mobilecontrol/.MobileControl: task=TaskRecord{427c9870 #2244 A com.example.sanchita.mobilecontrol U 0}
V/ActivityManager(  486): We have pending thumbnails: null
V/ActivityManager(  486): getTasks: max=1, flags=0, receiver=null
V/ActivityManager(  486): com.example.sanchita.mobilecontrol/.List: task=TaskRecord{427c9870 #2244 A com.example.sanchita.mobilecontrol U 0}
V/ActivityManager(  486): com.example.sanchita.mobilecontrol/.MobileControl: task=TaskRecord{427c9870 #2244 A com.example.sanchita.mobilecontrol U 0}
V/ActivityManager(  486): We have pending thumbnails: null
V/ActivityManager(  486): getTasks: max=1, flags=0, receiver=null
V/ActivityManager(  486): com.example.sanchita.mobilecontrol/.List: task=TaskRecord{427c9870 #2244 A com.example.sanchita.mobilecontrol U 0}
V/ActivityManager(  486): com.example.sanchita.mobilecontrol/.MobileControl: task=TaskRecord{427c9870 #2244 A com.example.sanchita.mobilecontrol U 0}
V/ActivityManager(  486): We have pending thumbnails: null
V/ActivityManager(  486): getTasks: max=1, flags=0, receiver=null
V/ActivityManager(  486): com.example.sanchita.mobilecontrol/.List: task=TaskRecord{427c9870 #2244 A com.example.sanchita.mobilecontrol U 0}
V/ActivityManager(  486): com.example.sanchita.mobilecontrol/.MobileControl: task=TaskRecord{427c9870 #2244 A com.example.sanchita.mobilecontrol U 0}
V/ActivityManager(  486): We have pending thumbnails: null
D/NetworkControllerGemini(  574): refreshViews(0), DataConnected=false
D/NetworkControllerGemini(  574): refreshViews(0), set parameters to signal cluster view.
D/SignalClusterViewGemini(  574): setWifiIndicators, visible=true, strengthIcon=2130838057, activityIcon=2130838050, contentDescription=Wifi two bars.
D/NetworkControllerGemini(  574): refreshViews(0), tempPhoneSignalIconId.0 = 2130837990  tempPhoneSignalIconId.1 = 0  tempMobileActivityIconId= 0  tempDataTypeIconId= 2130837939
D/SignalClusterViewGemini(  574): setMobileDataIndicators(0), visible=true, strengthIcon[0] ~ [1] 2130837990 ~ 0
D/SignalClusterViewGemini(  574): setIsAirplaneMode=false
D/SignalClusterViewGemini(  574): setRoamingFlagandResource(0), roaming=true, roamingId=2130837968
D/SignalClusterViewGemini(  574): setRoamingFlagandResource(1), roaming=false, roamingId=0
D/SignalClusterViewGemini(  574): setShowSimIndicator(0), showSimIndicator=false simIndicatorResource = 2130838089
D/SignalClusterViewGemini(  574): setDataNetType3G(0), dataNetType=Type_G
D/SignalClusterViewGemini(  574): apply(), mWifiVisible is true
D/SIMHelper(  574): isSimInserted(0), SimInserted=true
D/SignalClusterViewGemini(  574): apply(), slotId=0, mMobileVisible=true, mShouldMobileGroupVisible=true
D/SignalClusterViewGemini(  574): apply(), slotId=0, mRoaming=true mMobileActivityId=0 mMobileTypeId=2130837939 mMobileStrengthId[0] = 2130837990 mMobileStrengthId[1] = 0
D/SIMHelper(  574): isSimInserted(0), SimInserted=true
D/SIMHelper(  574): isSimInserted(0), SimInserted=true
D/SignalClusterViewGemini(  574): apply(), slot=0, mDataNetType=Type_G resId= 0 simColorId = 0
D/SignalClusterViewGemini(  574): apply(). mIsAirplaneMode is false
D/SIMHelper(  574): isSimInserted(1), SimInserted=true
D/SignalClusterViewGemini(  574): apply(), slotId=1, mMobileVisible=true, mShouldMobileGroupVisible=true
D/SignalClusterViewGemini(  574): apply(), slotId=1, mRoaming=false mMobileActivityId=0 mMobileTypeId=2130837942 mMobileStrengthId[0] = 2130837992 mMobileStrengthId[1] = 0
D/SIMHelper(  574): isSimInserted(1), SimInserted=true
D/SIMHelper(  574): isSimInserted(1), SimInserted=true
D/SignalClusterViewGemini(  574): apply(), slot=1, mDataNetType=Type_G resId= 0 simColorId = 1
D/SignalClusterViewGemini(  574): apply(). mIsAirplaneMode is false
D/NetworkControllerGemini(  574): refreshViews(1), DataConnected=false
D/SignalClusterViewGemini(  574): setRoamingFlagandResource(0), roaming=true, roamingId=2130837968
D/SignalClusterViewGemini(  574): setRoamingFlagandResource(1), roaming=false, roamingId=0
D/SignalClusterViewGemini(  574): setShowSimIndicator(1), showSimIndicator=false simIndicatorResource = 0
D/SignalClusterViewGemini(  574): setDataNetType3G(1), dataNetType=Type_G
D/SignalClusterViewGemini(  574): apply(), mWifiVisible is true
D/SIMHelper(  574): isSimInserted(0), SimInserted=true
D/SignalClusterViewGemini(  574): apply(), slotId=0, mMobileVisible=true, mShouldMobileGroupVisible=true
D/SignalClusterViewGemini(  574): apply(), slotId=0, mRoaming=true mMobileActivityId=0 mMobileTypeId=2130837939 mMobileStrengthId[0] = 2130837990 mMobileStrengthId[1] = 0
D/SIMHelper(  574): isSimInserted(0), SimInserted=true
D/SIMHelper(  574): isSimInserted(0), SimInserted=true
D/SignalClusterViewGemini(  574): apply(), slot=0, mDataNetType=Type_G resId= 0 simColorId = 0
D/SignalClusterViewGemini(  574): apply(). mIsAirplaneMode is false
D/SIMHelper(  574): isSimInserted(1), SimInserted=true
D/SignalClusterViewGemini(  574): apply(), slotId=1, mMobileVisible=true, mShouldMobileGroupVisible=true
D/SignalClusterViewGemini(  574): apply(), slotId=1, mRoaming=false mMobileActivityId=0 mMobileTypeId=2130837942 mMobileStrengthId[0] = 2130837992 mMobileStrengthId[1] = 0
D/SIMHelper(  574): isSimInserted(1), SimInserted=true
D/SIMHelper(  574): isSimInserted(1), SimInserted=true
D/SignalClusterViewGemini(  574): apply(), slot=1, mDataNetType=Type_G resId= 0 simColorId = 1
D/SignalClusterViewGemini(  574): apply(). mIsAirplaneMode is false
I/SurfaceTextureClient(  574): [STC::queueBuffer] (this:0x516265c8) fps:1.64, dur:1824.87, max:830.06, min:495.07
I/BufferQueue(  135): [StatusBar](this:0x41d9ce28,api:1) [queue] fps:1.64, dur:1824.74, max:830.21, min:494.92
I/BufferQueue(  135): [StatusBar](this:0x41d9ce28,api:1) [release] fps:1.65, dur:1822.20, max:831.75, min:495.18
V/ActivityManager(  486): getTasks: max=1, flags=0, receiver=null
V/ActivityManager(  486): com.example.sanchita.mobilecontrol/.List: task=TaskRecord{427c9870 #2244 A com.example.sanchita.mobilecontrol U 0}
V/ActivityManager(  486): com.example.sanchita.mobilecontrol/.MobileControl: task=TaskRecord{427c9870 #2244 A com.example.sanchita.mobilecontrol U 0}
V/ActivityManager(  486): We have pending thumbnails: null
V/ActivityManager(  486): getTasks: max=1, flags=0, receiver=null
V/ActivityManager(  486): com.example.sanchita.mobilecontrol/.List: task=TaskRecord{427c9870 #2244 A com.example.sanchita.mobilecontrol U 0}
V/ActivityManager(  486): com.example.sanchita.mobilecontrol/.MobileControl: task=TaskRecord{427c9870 #2244 A com.example.sanchita.mobilecontrol U 0}
V/ActivityManager(  486): We have pending thumbnails: null
V/ActivityManager(  486): getTasks: max=1, flags=0, receiver=null
V/ActivityManager(  486): com.example.sanchita.mobilecontrol/.List: task=TaskRecord{427c9870 #2244 A com.example.sanchita.mobilecontrol U 0}
V/ActivityManager(  486): com.example.sanchita.mobilecontrol/.MobileControl: task=TaskRecord{427c9870 #2244 A com.example.sanchita.mobilecontrol U 0}
V/ActivityManager(  486): We have pending thumbnails: null
V/ActivityManager(  486): getTasks: max=1, flags=0, receiver=null
V/ActivityManager(  486): com.example.sanchita.mobilecontrol/.List: task=TaskRecord{427c9870 #2244 A com.example.sanchita.mobilecontrol U 0}
D/ADB_SERVICES(10721): adb socket read list (15) 
D/ADB_SERVICES(10721): read_data=72464
D/ADB_SERVICES(10721): max_read_time=0.000147 max_send_time=0.000138 
V/ActivityManager(  486): com.example.sanchita.mobilecontrol/.MobileControl: task=TaskRecord{427c9870 #2244 A com.example.sanchita.mobilecontrol U 0}
V/ActivityManager(  486): We have pending thumbnails: null
D/ADB_SERVICES(10721): adb local_socket_ready list (15) 
V/ActivityManager(  486): getTasks: max=1, flags=0, receiver=null
V/ActivityManager(  486): com.example.sanchita.mobilecontrol/.List: task=TaskRecord{427c9870 #2244 A com.example.sanchita.mobilecontrol U 0}
V/ActivityManager(  486): com.example.sanchita.mobilecontrol/.MobileControl: task=TaskRecord{427c9870 #2244 A com.example.sanchita.mobilecontrol U 0}
V/ActivityManager(  486): We have pending thumbnails: null
V/ActivityManager(  486): getTasks: max=1, flags=0, receiver=null
V/ActivityManager(  486): com.example.sanchita.mobilecontrol/.List: task=TaskRecord{427c9870 #2244 A com.example.sanchita.mobilecontrol U 0}
V/ActivityManager(  486): com.example.sanchita.mobilecontrol/.MobileControl: task=TaskRecord{427c9870 #2244 A com.example.sanchita.mobilecontrol U 0}
V/ActivityManager(  486): We have pending thumbnails: null
D/ConnectivityService(  486): getActiveNetworkInfo:NetworkInfo: type: WIFI[], state: CONNECTED/CONNECTED, reason: (unspecified), extra: "RabilalAsylum", roaming: false, failover: false, isAvailable: true, simId: 0/10032
D/ConnectivityService(  486): getActiveNetworkInfo:NetworkInfo: type: WIFI[], state: CONNECTED/CONNECTED, reason: (unspecified), extra: "RabilalAsylum", roaming: false, failover: false, isAvailable: true, simId: 0/10032
V/ActivityManager(  486): getTasks: max=1, flags=0, receiver=null
V/ActivityManager(  486): com.example.sanchita.mobilecontrol/.List: task=TaskRecord{427c9870 #2244 A com.example.sanchita.mobilecontrol U 0}
V/ActivityManager(  486): com.example.sanchita.mobilecontrol/.MobileControl: task=TaskRecord{427c9870 #2244 A com.example.sanchita.mobilecontrol U 0}
V/ActivityManager(  486): We have pending thumbnails: null
V/ActivityManager(  486): getTasks: max=1, flags=0, receiver=null
V/ActivityManager(  486): com.example.sanchita.mobilecontrol/.List: task=TaskRecord{427c9870 #2244 A com.example.sanchita.mobilecontrol U 0}
V/ActivityManager(  486): com.example.sanchita.mobilecontrol/.MobileControl: task=TaskRecord{427c9870 #2244 A com.example.sanchita.mobilecontrol U 0}
V/ActivityManager(  486): We have pending thumbnails: null
I/SurfaceFlinger(  135): [SurfaceFlinger] fps:2.020713,dur:1484.62,max:811.30,min:178.22
I/SurfaceTextureClient(  135): [STC::queueBuffer] (this:0x41449630) fps:2.02, dur:1483.90, max:810.55, min:178.19
I/BufferQueue(  135): [FramebufferSurface](this:0x4148a008,api:1) [release] fps:2.02, dur:1483.87, max:810.47, min:178.19
I/BufferQueue(  135): [FramebufferSurface](this:0x4148a008,api:1) [queue] fps:2.02, dur:1485.53, max:812.03, min:178.23
V/ActivityManager(  486): getTasks: max=1, flags=0, receiver=null
V/ActivityManager(  486): com.example.sanchita.mobilecontrol/.List: task=TaskRecord{427c9870 #2244 A com.example.sanchita.mobilecontrol U 0}
V/ActivityManager(  486): com.example.sanchita.mobilecontrol/.MobileControl: task=TaskRecord{427c9870 #2244 A com.example.sanchita.mobilecontrol U 0}
V/ActivityManager(  486): We have pending thumbnails: null
V/ActivityManager(  486): getTasks: max=1, flags=0, receiver=null
V/ActivityManager(  486): com.example.sanchita.mobilecontrol/.List: task=TaskRecord{427c9870 #2244 A com.example.sanchita.mobilecontrol U 0}
V/ActivityManager(  486): com.example.sanchita.mobilecontrol/.MobileControl: task=TaskRecord{427c9870 #2244 A com.example.sanchita.mobilecontrol U 0}
V/ActivityManager(  486): We have pending thumbnails: null
D/NetworkControllerGemini(  574): refreshViews(0), DataConnected=false
D/NetworkControllerGemini(  574): refreshViews(0), set parameters to signal cluster view.
D/SignalClusterViewGemini(  574): setWifiIndicators, visible=true, strengthIcon=2130838057, activityIcon=2130838051, contentDescription=Wifi two bars.
D/NetworkControllerGemini(  574): refreshViews(0), tempPhoneSignalIconId.0 = 2130837990  tempPhoneSignalIconId.1 = 0  tempMobileActivityIconId= 0  tempDataTypeIconId= 2130837939
D/SignalClusterViewGemini(  574): setMobileDataIndicators(0), visible=true, strengthIcon[0] ~ [1] 2130837990 ~ 0
D/SignalClusterViewGemini(  574): setIsAirplaneMode=false
D/SignalClusterViewGemini(  574): setRoamingFlagandResource(0), roaming=true, roamingId=2130837968
D/SignalClusterViewGemini(  574): setRoamingFlagandResource(1), roaming=false, roamingId=0
D/SignalClusterViewGemini(  574): setShowSimIndicator(0), showSimIndicator=false simIndicatorResource = 2130838089
D/SignalClusterViewGemini(  574): setDataNetType3G(0), dataNetType=Type_G
D/SignalClusterViewGemini(  574): apply(), mWifiVisible is true
D/SIMHelper(  574): isSimInserted(0), SimInserted=true
D/SignalClusterViewGemini(  574): apply(), slotId=0, mMobileVisible=true, mShouldMobileGroupVisible=true
D/SignalClusterViewGemini(  574): apply(), slotId=0, mRoaming=true mMobileActivityId=0 mMobileTypeId=2130837939 mMobileStrengthId[0] = 2130837990 mMobileStrengthId[1] = 0
V/ActivityManager(  486): getTasks: max=1, flags=0, receiver=null
V/ActivityManager(  486): com.example.sanchita.mobilecontrol/.List: task=TaskRecord{427c9870 #2244 A com.example.sanchita.mobilecontrol U 0}
V/ActivityManager(  486): com.example.sanchita.mobilecontrol/.MobileControl: task=TaskRecord{427c9870 #2244 A com.example.sanchita.mobilecontrol U 0}
V/ActivityManager(  486): We have pending thumbnails: null
D/SIMHelper(  574): isSimInserted(0), SimInserted=true
D/SIMHelper(  574): isSimInserted(0), SimInserted=true
D/SignalClusterViewGemini(  574): apply(), slot=0, mDataNetType=Type_G resId= 0 simColorId = 0
D/SignalClusterViewGemini(  574): apply(). mIsAirplaneMode is false
D/SIMHelper(  574): isSimInserted(1), SimInserted=true
D/SignalClusterViewGemini(  574): apply(), slotId=1, mMobileVisible=true, mShouldMobileGroupVisible=true
D/SignalClusterViewGemini(  574): apply(), slotId=1, mRoaming=false mMobileActivityId=0 mMobileTypeId=2130837942 mMobileStrengthId[0] = 2130837992 mMobileStrengthId[1] = 0
D/SIMHelper(  574): isSimInserted(1), SimInserted=true
D/SIMHelper(  574): isSimInserted(1), SimInserted=true
D/SignalClusterViewGemini(  574): apply(), slot=1, mDataNetType=Type_G resId= 0 simColorId = 1
D/SignalClusterViewGemini(  574): apply(). mIsAirplaneMode is false
D/NetworkControllerGemini(  574): refreshViews(1), DataConnected=false
D/SignalClusterViewGemini(  574): setRoamingFlagandResource(0), roaming=true, roamingId=2130837968
D/SignalClusterViewGemini(  574): setRoamingFlagandResource(1), roaming=false, roamingId=0
D/SignalClusterViewGemini(  574): setShowSimIndicator(1), showSimIndicator=false simIndicatorResource = 0
D/SignalClusterViewGemini(  574): setDataNetType3G(1), dataNetType=Type_G
D/SignalClusterViewGemini(  574): apply(), mWifiVisible is true
D/SIMHelper(  574): isSimInserted(0), SimInserted=true
D/SignalClusterViewGemini(  574): apply(), slotId=0, mMobileVisible=true, mShouldMobileGroupVisible=true
D/SignalClusterViewGemini(  574): apply(), slotId=0, mRoaming=true mMobileActivityId=0 mMobileTypeId=2130837939 mMobileStrengthId[0] = 2130837990 mMobileStrengthId[1] = 0
D/SIMHelper(  574): isSimInserted(0), SimInserted=true
D/SIMHelper(  574): isSimInserted(0), SimInserted=true
D/SignalClusterViewGemini(  574): apply(), slot=0, mDataNetType=Type_G resId= 0 simColorId = 0
D/SignalClusterViewGemini(  574): apply(). mIsAirplaneMode is false
D/SIMHelper(  574): isSimInserted(1), SimInserted=true
D/SignalClusterViewGemini(  574): apply(), slotId=1, mMobileVisible=true, mShouldMobileGroupVisible=true
D/SignalClusterViewGemini(  574): apply(), slotId=1, mRoaming=false mMobileActivityId=0 mMobileTypeId=2130837942 mMobileStrengthId[0] = 2130837992 mMobileStrengthId[1] = 0
D/SIMHelper(  574): isSimInserted(1), SimInserted=true
D/SIMHelper(  574): isSimInserted(1), SimInserted=true
D/SignalClusterViewGemini(  574): apply(), slot=1, mDataNetType=Type_G resId= 0 simColorId = 1
D/SignalClusterViewGemini(  574): apply(). mIsAirplaneMode is false
D/StateMachine(  486): handleMessage: E msg.what=131155
D/StateMachine(  486): processMsg: ConnectedState
D/WifiStateMachine(  486): ConnectedState{ what=131155 when=-3ms arg1=964 target=Handler (com.android.internal.util.StateMachine$SmHandler) {42339cd8} }
D/StateMachine(  486): processMsg: L2ConnectedState
D/WifiStateMachine(  486): L2ConnectedState{ what=131155 when=-4ms arg1=964 target=Handler (com.android.internal.util.StateMachine$SmHandler) {42339cd8} }
D/WifiNative-wlan0(  486): doString: SIGNAL_POLL
D/WifiCommon(  486): [wlan0] SET "SIGNAL_POLL"
D/wpa_supplicant(22171): RX ctrl_iface - hexdump(len=11): 53 49 47 4e 41 4c 5f 50 4f 4c 4c
D/wpa_supplicant(22171): wlan0: Control interface command 'SIGNAL_POLL'
D/wpa_supplicant(22171): nl80211: survey data missing!
I/WifiStateMachine(  486): fetchRssiAndLinkSpeedNative, newRssi:-66, newLinkSpeed:135
V/ActivityManager(  486): Broadcast sticky: Intent { act=android.net.wifi.RSSI_CHANGED flg=0x8000010 (has extras) } ordered=false userid=-1 callerApp=ProcessRecord{42111858 486:system/1000}
D/WifiWatchdogStateMachine(  486): RSSI current: 2 new: -66, 3
D/StateMachine(  486): handleMessage: X
I/SurfaceTextureClient(  574): [STC::queueBuffer] (this:0x516265c8) fps:2.95, dur:1015.45, max:494.48, min:175.98
I/BufferQueue(  135): [StatusBar](this:0x41d9ce28,api:1) [queue] fps:2.95, dur:1015.60, max:494.47, min:175.87
D/NetworkControllerGemini(  574): onReceive, intent action is android.net.wifi.RSSI_CHANGED
D/NetworkControllerGemini(  574): updateWifiState: mWifiLevel = 3  mWifiRssi=-66 mWifiConnected is true
D/NetworkControllerGemini(  574): refreshViews(0), DataConnected=false
D/NetworkControllerGemini(  574): refreshViews(0), set parameters to signal cluster view.
D/SignalClusterViewGemini(  574): setWifiIndicators, visible=true, strengthIcon=2130838059, activityIcon=2130838051, contentDescription=Wifi three bars.
D/NetworkControllerGemini(  574): refreshViews(0), tempPhoneSignalIconId.0 = 2130837990  tempPhoneSignalIconId.1 = 0  tempMobileActivityIconId= 0  tempDataTypeIconId= 2130837939
D/SignalClusterViewGemini(  574): setMobileDataIndicators(0), visible=true, strengthIcon[0] ~ [1] 2130837990 ~ 0
D/SignalClusterViewGemini(  574): setIsAirplaneMode=false
D/SignalClusterViewGemini(  574): setRoamingFlagandResource(0), roaming=true, roamingId=2130837968
D/SignalClusterViewGemini(  574): setRoamingFlagandResource(1), roaming=false, roamingId=0
D/SignalClusterViewGemini(  574): setShowSimIndicator(0), showSimIndicator=false simIndicatorResource = 2130838089
D/SignalClusterViewGemini(  574): setDataNetType3G(0), dataNetType=Type_G
D/SignalClusterViewGemini(  574): apply(), mWifiVisible is true
D/SIMHelper(  574): isSimInserted(0), SimInserted=true
D/SignalClusterViewGemini(  574): apply(), slotId=0, mMobileVisible=true, mShouldMobileGroupVisible=true
D/SignalClusterViewGemini(  574): apply(), slotId=0, mRoaming=true mMobileActivityId=0 mMobileTypeId=2130837939 mMobileStrengthId[0] = 2130837990 mMobileStrengthId[1] = 0
D/SIMHelper(  574): isSimInserted(0), SimInserted=true
I/BufferQueue(  135): [StatusBar](this:0x41d9ce28,api:1) [release] fps:2.97, dur:1010.28, max:495.11, min:178.30
D/SIMHelper(  574): isSimInserted(0), SimInserted=true
D/SignalClusterViewGemini(  574): apply(), slot=0, mDataNetType=Type_G resId= 0 simColorId = 0
D/SignalClusterViewGemini(  574): apply(). mIsAirplaneMode is false
D/SIMHelper(  574): isSimInserted(1), SimInserted=true
D/SignalClusterViewGemini(  574): apply(), slotId=1, mMobileVisible=true, mShouldMobileGroupVisible=true
D/SignalClusterViewGemini(  574): apply(), slotId=1, mRoaming=false mMobileActivityId=0 mMobileTypeId=2130837942 mMobileStrengthId[0] = 2130837992 mMobileStrengthId[1] = 0
D/SIMHelper(  574): isSimInserted(1), SimInserted=true
D/SIMHelper(  574): isSimInserted(1), SimInserted=true
D/SignalClusterViewGemini(  574): apply(), slot=1, mDataNetType=Type_G resId= 0 simColorId = 1
D/SignalClusterViewGemini(  574): apply(). mIsAirplaneMode is false
D/NetworkControllerGemini(  574): refreshViews(1), DataConnected=false
D/SignalClusterViewGemini(  574): setRoamingFlagandResource(0), roaming=true, roamingId=2130837968
D/SignalClusterViewGemini(  574): setRoamingFlagandResource(1), roaming=false, roamingId=0
