I/AP_PROF (  486): unable to open /proc/mtprof/status entry
D/PowerManagerService(  486): userActivityFromNative
D/PowerManagerService(  486): userActivityNoUpdateLocked: eventTime=344458359, event=2, flags=0x0, uid=1000
D/PowerManagerNotifier(  486): onUserActivity: event=2, uid=1000
V/Provider/Settings(  486):  from settings cache , name = display_keylight_timeout , value = 0
D/PowerManagerService(  486): updateUserActivitySummaryLocked: mWakefulness=Awake, mUserActivitySummary=0x1, nextTimeout=345051359 (in 592997 ms)
D/PowerManagerService(  486): newScreenState = 2
D/PowerManagerDisplayController(  486): requestPowerState: screenState=2, useProximitySensor=false, screenBrightness=30, screenAutoBrightnessAdjustment=0.0, useAutoBrightness=false, useEcoBrightness=false, blockScreenOn=false, waitForNegativeProximity=false
I/PowerManagerService(  486): setBrightness mButtonLight 0.
D/PowerManagerService(  486): updateScreenStateLocked: mDisplayReady=true, newScreenState=2, mWakefulness=1, mWakeLockSummary=0x0, mUserActivitySummary=0x1, mBootCompleted=true
D/PowerManagerService(  486): handleSandman: canDream=false, mWakefulness=Awake
V/ActivityManager(  486): getTasks: max=1, flags=0, receiver=null
V/ActivityManager(  486): com.example.sanchita.mobilecontrol/.MobileControl: task=TaskRecord{427c9870 #2244 A com.example.sanchita.mobilecontrol U 0}
V/ActivityManager(  486): We have pending thumbnails: null
I/SurfaceFlinger(  135): [SurfaceFlinger] fps:6.411706,dur:1247.72,max:356.57,min:39.56
I/SurfaceTextureClient(  135): [STC::queueBuffer] (this:0x41449630) fps:6.41, dur:1247.57, max:356.89, min:39.66
I/BufferQueue(  135): [FramebufferSurface](this:0x4148a008,api:1) [release] fps:6.41, dur:1247.57, max:356.89, min:39.66
I/BufferQueue(  135): [FramebufferSurface](this:0x4148a008,api:1) [queue] fps:6.41, dur:1247.66, max:356.56, min:39.45
D/InputReader(  486): AP_PROF:AppLaunch_dispatchPtr:Up:344458471
D/HarfbuzzNgShaper(31180): Created hb_face_t 0x4f4c1160 from memoryBase = 0x53240000
V/ActivityManager(  486): getTasks: max=1, flags=0, receiver=null
V/ActivityManager(  486): com.example.sanchita.mobilecontrol/.MobileControl: task=TaskRecord{427c9870 #2244 A com.example.sanchita.mobilecontrol U 0}
V/ActivityManager(  486): We have pending thumbnails: null
D/ConnectivityService(  486): getActiveNetworkInfo:NetworkInfo: type: WIFI[], state: CONNECTED/CONNECTED, reason: (unspecified), extra: "RabilalAsylum", roaming: false, failover: false, isAvailable: true, simId: 0/10032
D/ConnectivityService(  486): getActiveNetworkInfo:NetworkInfo: type: WIFI[], state: CONNECTED/CONNECTED, reason: (unspecified), extra: "RabilalAsylum", roaming: false, failover: false, isAvailable: true, simId: 0/10032
V/ActivityManager(  486): getTasks: max=1, flags=0, receiver=null
V/ActivityManager(  486): com.example.sanchita.mobilecontrol/.MobileControl: task=TaskRecord{427c9870 #2244 A com.example.sanchita.mobilecontrol U 0}
V/ActivityManager(  486): We have pending thumbnails: null
D/InputReader(  486): AP_PROF:AppLaunch_dispatchPtr:Down:344458622
I/AP_PROF (  486): unable to open /proc/mtprof/status entry
V/ActivityManager(  486): getTasks: max=1, flags=0, receiver=null
V/ActivityManager(  486): com.example.sanchita.mobilecontrol/.MobileControl: task=TaskRecord{427c9870 #2244 A com.example.sanchita.mobilecontrol U 0}
V/ActivityManager(  486): We have pending thumbnails: null
D/InputReader(  486): AP_PROF:AppLaunch_dispatchPtr:Up:344458757
V/ActivityManager(  486): getTasks: max=1, flags=0, receiver=null
V/ActivityManager(  486): com.example.sanchita.mobilecontrol/.MobileControl: task=TaskRecord{427c9870 #2244 A com.example.sanchita.mobilecontrol U 0}
V/ActivityManager(  486): We have pending thumbnails: null
D/BatteryService(  486): mBatteryVoltage=3873
V/ActivityManager(  486): Broadcast sticky: Intent { act=android.intent.action.BATTERY_CHANGED flg=0x60000010 (has extras) } ordered=false userid=-1 callerApp=null
D/KeyguardUpdateMonitor(  486): received broadcast android.intent.action.BATTERY_CHANGED
D/KeyguardUpdateMonitor(  486): handleBatteryUpdate
D/UsbDeviceManager(  486): onReceive - BATTERY_CHANGED - mPlugType: 2, mSettingUsbCharging: false, mConnected: true, mSettingUsbBicr: false
D/PowerManagerService(  486): updateIsPoweredLocked: wasPowered=true, mIsPowered=true, oldPlugType=2, mPlugType=2, mBatteryLevel=65
D/PowerManagerService(  486): handleSandman: canDream=false, mWakefulness=Awake
D/StatusBar.BatteryController(  574): BatteryController onReceive action is android.intent.action.BATTERY_CHANGED
D/StatusBar.BatteryController(  574): status_protection = 2
D/StatusBar.BatteryController(  574): plugged is true fulled is false mBatteryProtection = false  R.drawable.stat_sys_battery_charge is 2130837863 R.drawable.stat_sys_battery is 2130837854  icon is 2130837863
D/Bluetooth HS/HF(  639): [BT][HFG] [API] mStateReceiver.onReceive(android.intent.action.BATTERY_CHANGED)
D/Bluetooth HS/HF(  639): [BT][HFG] [API] mHandler.handleMessage(9)
D/Bluetooth HS/HF(  639): [BT][HFG] [API] updateBatteryState
D/StatusBar.BatteryController(  574): mBatteryPercentage is 65% mShouldShowBatteryPercentage is true mLabelViews.size() 1
D/PowerUI (  574): action = android.intent.action.BATTERY_CHANGED
D/PowerUI (  574): Intent start() ret = false mHideLowBDialog= true
D/PowerUI (  574): oldBatteryLevel = 65mBatteryLevel = 65
D/PowerUI (  574): dismissLowBatteryWarning
D/WifiService(  486): onReceive, action:android.intent.action.BATTERY_CHANGED
V/Provider/Settings(  486):  from settings cache , name = wifi_idle_ms , value = null
V/Provider/Settings(  486):  from settings cache , name = stay_on_while_plugged_in , value = 0
D/WifiService(  486): ACTION_BATTERY_CHANGED pluggedType: 2
V/Provider/Settings(  486):  from settings cache , name = location_providers_allowed , value = network
D/InputReader(  486): AP_PROF:AppLaunch_dispatchPtr:Down:344458874
I/AP_PROF (  486): unable to open /proc/mtprof/status entry
D/PowerManagerService(  486): userActivityFromNative
D/PowerManagerService(  486): userActivityNoUpdateLocked: eventTime=344458874, event=2, flags=0x0, uid=1000
D/PowerManagerNotifier(  486): onUserActivity: event=2, uid=1000
V/Provider/Settings(  486):  from settings cache , name = display_keylight_timeout , value = 0
D/PowerManagerService(  486): updateUserActivitySummaryLocked: mWakefulness=Awake, mUserActivitySummary=0x1, nextTimeout=345051874 (in 592998 ms)
D/PowerManagerService(  486): newScreenState = 2
D/PowerManagerDisplayController(  486): requestPowerState: screenState=2, useProximitySensor=false, screenBrightness=30, screenAutoBrightnessAdjustment=0.0, useAutoBrightness=false, useEcoBrightness=false, blockScreenOn=false, waitForNegativeProximity=false
I/PowerManagerService(  486): setBrightness mButtonLight 0.
D/PowerManagerService(  486): updateScreenStateLocked: mDisplayReady=true, newScreenState=2, mWakefulness=1, mWakeLockSummary=0x0, mUserActivitySummary=0x1, mBootCompleted=true
D/PowerManagerService(  486): handleSandman: canDream=false, mWakefulness=Awake
V/ActivityManager(  486): getTasks: max=1, flags=0, receiver=null
V/ActivityManager(  486): com.example.sanchita.mobilecontrol/.MobileControl: task=TaskRecord{427c9870 #2244 A com.example.sanchita.mobilecontrol U 0}
V/ActivityManager(  486): We have pending thumbnails: null
I/SurfaceTextureClient(11864): [STC::queueBuffer] (this:0x541a9cc0) fps:6.29, dur:1113.43, max:527.13, min:36.07
I/BufferQueue(  135): [InputMethod](this:0x432e9728,api:1) [queue] fps:6.29, dur:1112.90, max:527.04, min:35.70
I/BufferQueue(  135): [InputMethod](this:0x432e9728,api:1) [release] fps:5.61, dur:1069.64, max:534.54, min:39.76
D/InputReader(  486): AP_PROF:AppLaunch_dispatchPtr:Up:344458962
V/ActivityManager(  486): getTasks: max=1, flags=0, receiver=null
V/ActivityManager(  486): com.example.sanchita.mobilecontrol/.MobileControl: task=TaskRecord{427c9870 #2244 A com.example.sanchita.mobilecontrol U 0}
V/ActivityManager(  486): We have pending thumbnails: null
V/ActivityManager(  486): getTasks: max=1, flags=0, receiver=null
V/ActivityManager(  486): com.example.sanchita.mobilecontrol/.MobileControl: task=TaskRecord{427c9870 #2244 A com.example.sanchita.mobilecontrol U 0}
V/ActivityManager(  486): We have pending thumbnails: null
V/ActivityManager(  486): getTasks: max=1, flags=0, receiver=null
V/ActivityManager(  486): com.example.sanchita.mobilecontrol/.MobileControl: task=TaskRecord{427c9870 #2244 A com.example.sanchita.mobilecontrol U 0}
V/ActivityManager(  486): We have pending thumbnails: null
V/ActivityManager(  486): getTasks: max=1, flags=0, receiver=null
V/ActivityManager(  486): com.example.sanchita.mobilecontrol/.MobileControl: task=TaskRecord{427c9870 #2244 A com.example.sanchita.mobilecontrol U 0}
V/ActivityManager(  486): We have pending thumbnails: null
V/ActivityManager(  486): getTasks: max=1, flags=0, receiver=null
V/ActivityManager(  486): com.example.sanchita.mobilecontrol/.MobileControl: task=TaskRecord{427c9870 #2244 A com.example.sanchita.mobilecontrol U 0}
V/ActivityManager(  486): We have pending thumbnails: null
V/ActivityManager(  486): getTasks: max=1, flags=0, receiver=null
V/ActivityManager(  486): com.example.sanchita.mobilecontrol/.MobileControl: task=TaskRecord{427c9870 #2244 A com.example.sanchita.mobilecontrol U 0}
V/ActivityManager(  486): We have pending thumbnails: null
I/SurfaceTextureClient(31180): [STC::queueBuffer] (this:0x533ec9a0) fps:2.86, dur:1401.00, max:489.03, min:174.31
I/BufferQueue(  135): [com.example.sanchita.mobilecontrol/com.example.sanchita.mobilecontrol.MobileControl](this:0x432ea160,api:1) [queue] fps:2.86, dur:1400.96, max:489.06, min:174.38
V/ActivityManager(  486): getTasks: max=1, flags=0, receiver=null
V/ActivityManager(  486): com.example.sanchita.mobilecontrol/.MobileControl: task=TaskRecord{427c9870 #2244 A com.example.sanchita.mobilecontrol U 0}
V/ActivityManager(  486): We have pending thumbnails: null
I/BufferQueue(  135): [com.example.sanchita.mobilecontrol/com.example.sanchita.mobilecontrol.MobileControl](this:0x432ea160,api:1) [release] fps:2.84, dur:1406.33, max:495.15, min:178.24
I/SurfaceFlinger(  135): [SurfaceFlinger] fps:9.179311,dur:1089.41,max:356.55,min:19.56
I/SurfaceTextureClient(  135): [STC::queueBuffer] (this:0x41449630) fps:9.18, dur:1089.31, max:356.66, min:18.94
I/BufferQueue(  135): [FramebufferSurface](this:0x4148a008,api:1) [release] fps:9.18, dur:1089.31, max:356.72, min:18.89
I/BufferQueue(  135): [FramebufferSurface](this:0x4148a008,api:1) [queue] fps:9.18, dur:1089.44, max:356.50, min:19.80
V/ActivityManager(  486): getTasks: max=1, flags=0, receiver=null
V/ActivityManager(  486): com.example.sanchita.mobilecontrol/.MobileControl: task=TaskRecord{427c9870 #2244 A com.example.sanchita.mobilecontrol U 0}
V/ActivityManager(  486): We have pending thumbnails: null
V/ActivityManager(  486): getTasks: max=1, flags=0, receiver=null
V/ActivityManager(  486): com.example.sanchita.mobilecontrol/.MobileControl: task=TaskRecord{427c9870 #2244 A com.example.sanchita.mobilecontrol U 0}
D/ADB_SERVICES(10721): adb fdevent_process list (16) (15) 
V/ActivityManager(  486): We have pending thumbnails: null
D/InputReader(  486): AP_PROF:AppLaunch_dispatchPtr:Down:344459712
I/AP_PROF (  486): unable to open /proc/mtprof/status entry
D/PowerManagerService(  486): userActivityFromNative
D/PowerManagerService(  486): userActivityNoUpdateLocked: eventTime=344459712, event=2, flags=0x0, uid=1000
D/PowerManagerNotifier(  486): onUserActivity: event=2, uid=1000
V/Provider/Settings(  486):  from settings cache , name = display_keylight_timeout , value = 0
D/PowerManagerService(  486): updateUserActivitySummaryLocked: mWakefulness=Awake, mUserActivitySummary=0x1, nextTimeout=345052712 (in 592998 ms)
D/PowerManagerService(  486): newScreenState = 2
D/PowerManagerDisplayController(  486): requestPowerState: screenState=2, useProximitySensor=false, screenBrightness=30, screenAutoBrightnessAdjustment=0.0, useAutoBrightness=false, useEcoBrightness=false, blockScreenOn=false, waitForNegativeProximity=false
I/PowerManagerService(  486): setBrightness mButtonLight 0.
D/PowerManagerService(  486): updateScreenStateLocked: mDisplayReady=true, newScreenState=2, mWakefulness=1, mWakeLockSummary=0x0, mUserActivitySummary=0x1, mBootCompleted=true
D/PowerManagerService(  486): handleSandman: canDream=false, mWakefulness=Awake
V/ActivityManager(  486): getTasks: max=1, flags=0, receiver=null
V/ActivityManager(  486): com.example.sanchita.mobilecontrol/.MobileControl: task=TaskRecord{427c9870 #2244 A com.example.sanchita.mobilecontrol U 0}
V/ActivityManager(  486): We have pending thumbnails: null
D/InputReader(  486): AP_PROF:AppLaunch_dispatchPtr:Up:344459823
V/ActivityManager(  486): getTasks: max=1, flags=0, receiver=null
V/ActivityManager(  486): com.example.sanchita.mobilecontrol/.MobileControl: task=TaskRecord{427c9870 #2244 A com.example.sanchita.mobilecontrol U 0}
V/ActivityManager(  486): We have pending thumbnails: null
D/NetworkControllerGemini(  574): refreshViews(0), DataConnected=false
D/NetworkControllerGemini(  574): refreshViews(0), set parameters to signal cluster view.
D/SignalClusterViewGemini(  574): setWifiIndicators, visible=true, strengthIcon=2130838059, activityIcon=2130838051, contentDescription=Wifi three bars.
D/NetworkControllerGemini(  574): refreshViews(0), tempPhoneSignalIconId.0 = 2130837990  tempPhoneSignalIconId.1 = 0  tempMobileActivityIconId= 0  tempDataTypeIconId= 2130837939
D/SignalClusterViewGemini(  574): setMobileDataIndicators(0), visible=true, strengthIcon[0] ~ [1] 2130837990 ~ 0
D/SignalClusterViewGemini(  574): setIsAirplaneMode=false
D/SignalClusterViewGemini(  574): setRoamingFlagandResource(0), roaming=true, roamingId=2130837968
D/SignalClusterViewGemini(  574): setRoamingFlagandResource(1), roaming=false, roamingId=0
D/SignalClusterViewGemini(  574): setShowSimIndicator(0), showSimIndicator=false simIndicatorResource = 2130838089
D/SignalClusterViewGemini(  574): setDataNetType3G(0), dataNetType=Type_G
D/SignalClusterViewGemini(  574): apply(), mWifiVisible is true
D/SIMHelper(  574): isSimInserted(0), SimInserted=true
D/SignalClusterViewGemini(  574): apply(), slotId=0, mMobileVisible=true, mShouldMobileGroupVisible=true
D/SignalClusterViewGemini(  574): apply(), slotId=0, mRoaming=true mMobileActivityId=0 mMobileTypeId=2130837939 mMobileStrengthId[0] = 2130837990 mMobileStrengthId[1] = 0
D/SIMHelper(  574): isSimInserted(0), SimInserted=true
D/SIMHelper(  574): isSimInserted(0), SimInserted=true
D/SignalClusterViewGemini(  574): apply(), slot=0, mDataNetType=Type_G resId= 0 simColorId = 0
D/SignalClusterViewGemini(  574): apply(). mIsAirplaneMode is false
D/SIMHelper(  574): isSimInserted(1), SimInserted=true
D/SignalClusterViewGemini(  574): apply(), slotId=1, mMobileVisible=true, mShouldMobileGroupVisible=true
D/SignalClusterViewGemini(  574): apply(), slotId=1, mRoaming=false mMobileActivityId=0 mMobileTypeId=2130837942 mMobileStrengthId[0] = 2130837992 mMobileStrengthId[1] = 0
D/SIMHelper(  574): isSimInserted(1), SimInserted=true
D/SIMHelper(  574): isSimInserted(1), SimInserted=true
D/SignalClusterViewGemini(  574): apply(), slot=1, mDataNetType=Type_G resId= 0 simColorId = 1
D/SignalClusterViewGemini(  574): apply(). mIsAirplaneMode is false
D/NetworkControllerGemini(  574): refreshViews(1), DataConnected=false
D/SignalClusterViewGemini(  574): setRoamingFlagandResource(0), roaming=true, roamingId=2130837968
D/SignalClusterViewGemini(  574): setRoamingFlagandResource(1), roaming=false, roamingId=0
D/SignalClusterViewGemini(  574): setShowSimIndicator(1), showSimIndicator=false simIndicatorResource = 0
D/SignalClusterViewGemini(  574): setDataNetType3G(1), dataNetType=Type_G
D/SignalClusterViewGemini(  574): apply(), mWifiVisible is true
D/SIMHelper(  574): isSimInserted(0), SimInserted=true
D/SignalClusterViewGemini(  574): apply(), slotId=0, mMobileVisible=true, mShouldMobileGroupVisible=true
D/SignalClusterViewGemini(  574): apply(), slotId=0, mRoaming=true mMobileActivityId=0 mMobileTypeId=2130837939 mMobileStrengthId[0] = 2130837990 mMobileStrengthId[1] = 0
D/SIMHelper(  574): isSimInserted(0), SimInserted=true
D/SIMHelper(  574): isSimInserted(0), SimInserted=true
D/SignalClusterViewGemini(  574): apply(), slot=0, mDataNetType=Type_G resId= 0 simColorId = 0
D/SignalClusterViewGemini(  574): apply(). mIsAirplaneMode is false
D/SIMHelper(  574): isSimInserted(1), SimInserted=true
D/SignalClusterViewGemini(  574): apply(), slotId=1, mMobileVisible=true, mShouldMobileGroupVisible=true
D/SignalClusterViewGemini(  574): apply(), slotId=1, mRoaming=false mMobileActivityId=0 mMobileTypeId=2130837942 mMobileStrengthId[0] = 2130837992 mMobileStrengthId[1] = 0
D/SIMHelper(  574): isSimInserted(1), SimInserted=true
D/SIMHelper(  574): isSimInserted(1), SimInserted=true
D/SignalClusterViewGemini(  574): apply(), slot=1, mDataNetType=Type_G resId= 0 simColorId = 1
D/SignalClusterViewGemini(  574): apply(). mIsAirplaneMode is false
I/SurfaceTextureClient(  574): [STC::queueBuffer] (this:0x516265c8) fps:2.20, dur:1819.65, max:829.08, min:181.09
I/BufferQueue(  135): [StatusBar](this:0x41d9ce28,api:1) [queue] fps:2.20, dur:1819.82, max:829.31, min:181.77
D/InputReader(  486): AP_PROF:AppLaunch_dispatchPtr:Down:344459973
I/AP_PROF (  486): unable to open /proc/mtprof/status entry
I/BufferQueue(  135): [StatusBar](this:0x41d9ce28,api:1) [release] fps:2.19, dur:1822.48, max:832.07, min:178.36
I/SurfaceTextureClient(11864): [STC::queueBuffer] (this:0x541a9cc0) fps:3.66, dur:1092.14, max:751.23, min:79.92
I/BufferQueue(  135): [InputMethod](this:0x432e9728,api:1) [queue] fps:3.66, dur:1092.24, max:750.98, min:80.14
V/ActivityManager(  486): getTasks: max=1, flags=0, receiver=null
V/ActivityManager(  486): com.example.sanchita.mobilecontrol/.MobileControl: task=TaskRecord{427c9870 #2244 A com.example.sanchita.mobilecontrol U 0}
V/ActivityManager(  486): We have pending thumbnails: null
I/BufferQueue(  135): [InputMethod](this:0x432e9728,api:1) [release] fps:3.61, dur:1109.08, max:752.51, min:79.27
D/InputReader(  486): AP_PROF:AppLaunch_dispatchPtr:Up:344460038
V/ActivityManager(  486): getTasks: max=1, flags=0, receiver=null
V/ActivityManager(  486): com.example.sanchita.mobilecontrol/.MobileControl: task=TaskRecord{427c9870 #2244 A com.example.sanchita.mobilecontrol U 0}
V/ActivityManager(  486): We have pending thumbnails: null
V/ActivityManager(  486): getTasks: max=1, flags=0, receiver=null
V/ActivityManager(  486): com.example.sanchita.mobilecontrol/.MobileControl: task=TaskRecord{427c9870 #2244 A com.example.sanchita.mobilecontrol U 0}
V/ActivityManager(  486): We have pending thumbnails: null
V/ActivityManager(  486): getTasks: max=1, flags=0, receiver=null
V/ActivityManager(  486): com.example.sanchita.mobilecontrol/.MobileControl: task=TaskRecord{427c9870 #2244 A com.example.sanchita.mobilecontrol U 0}
V/ActivityManager(  486): We have pending thumbnails: null
D/InputReader(  486): AP_PROF:AppLaunch_dispatchPtr:Down:344460211
I/AP_PROF (  486): unable to open /proc/mtprof/status entry
D/PowerManagerService(  486): userActivityFromNative
D/PowerManagerService(  486): userActivityNoUpdateLocked: eventTime=344460213, event=2, flags=0x0, uid=1000
D/PowerManagerNotifier(  486): onUserActivity: event=2, uid=1000
V/Provider/Settings(  486):  from settings cache , name = display_keylight_timeout , value = 0
D/PowerManagerService(  486): updateUserActivitySummaryLocked: mWakefulness=Awake, mUserActivitySummary=0x1, nextTimeout=345053213 (in 592997 ms)
D/PowerManagerService(  486): newScreenState = 2
D/PowerManagerDisplayController(  486): requestPowerState: screenState=2, useProximitySensor=false, screenBrightness=30, screenAutoBrightnessAdjustment=0.0, useAutoBrightness=false, useEcoBrightness=false, blockScreenOn=false, waitForNegativeProximity=false
I/PowerManagerService(  486): setBrightness mButtonLight 0.
D/PowerManagerService(  486): updateScreenStateLocked: mDisplayReady=true, newScreenState=2, mWakefulness=1, mWakeLockSummary=0x0, mUserActivitySummary=0x1, mBootCompleted=true
D/PowerManagerService(  486): handleSandman: canDream=false, mWakefulness=Awake
V/ActivityManager(  486): getTasks: max=1, flags=0, receiver=null
V/ActivityManager(  486): com.example.sanchita.mobilecontrol/.MobileControl: task=TaskRecord{427c9870 #2244 A com.example.sanchita.mobilecontrol U 0}
V/ActivityManager(  486): We have pending thumbnails: null
D/InputReader(  486): AP_PROF:AppLaunch_dispatchPtr:Up:344460335
V/ActivityManager(  486): getTasks: max=1, flags=0, receiver=null
V/ActivityManager(  486): com.example.sanchita.mobilecontrol/.MobileControl: task=TaskRecord{427c9870 #2244 A com.example.sanchita.mobilecontrol U 0}
V/ActivityManager(  486): We have pending thumbnails: null
V/ActivityManager(  486): getTasks: max=1, flags=0, receiver=null
V/ActivityManager(  486): com.example.sanchita.mobilecontrol/.MobileControl: task=TaskRecord{427c9870 #2244 A com.example.sanchita.mobilecontrol U 0}
V/ActivityManager(  486): We have pending thumbnails: null
V/ActivityManager(  486): getTasks: max=1, flags=0, receiver=null
V/ActivityManager(  486): com.example.sanchita.mobilecontrol/.MobileControl: task=TaskRecord{427c9870 #2244 A com.example.sanchita.mobilecontrol U 0}
V/ActivityManager(  486): We have pending thumbnails: null
I/SurfaceFlinger(  135): [SurfaceFlinger] fps:9.576172,dur:1148.68,max:237.62,min:19.90
I/SurfaceTextureClient(  135): [STC::queueBuffer] (this:0x41449630) fps:9.57, dur:1148.95, max:237.86, min:19.69
I/BufferQueue(  135): [FramebufferSurface](this:0x4148a008,api:1) [release] fps:9.57, dur:1148.99, max:237.95, min:19.69
I/BufferQueue(  135): [FramebufferSurface](this:0x4148a008,api:1) [queue] fps:9.58, dur:1148.82, max:237.77, min:19.79
D/DupSmsFilterExt(  639): clear dup sms list
D/DupSmsFilterExt(  639): call sendClearMessage
D/DupSmsFilterExt(  639): clear dup sms list
D/DupSmsFilterExt(  639): call sendClearMessage
V/ActivityManager(  486): getTasks: max=1, flags=0, receiver=null
V/ActivityManager(  486): com.example.sanchita.mobilecontrol/.MobileControl: task=TaskRecord{427c9870 #2244 A com.example.sanchita.mobilecontrol U 0}
V/ActivityManager(  486): We have pending thumbnails: null
V/ActivityManager(  486): getTasks: max=1, flags=0, receiver=null
V/ActivityManager(  486): com.example.sanchita.mobilecontrol/.MobileControl: task=TaskRecord{427c9870 #2244 A com.example.sanchita.mobilecontrol U 0}
V/ActivityManager(  486): We have pending thumbnails: null
I/SurfaceTextureClient(31180): [STC::queueBuffer] (this:0x533ec9a0) fps:2.84, dur:1406.29, max:490.27, min:202.75
I/BufferQueue(  135): [com.example.sanchita.mobilecontrol/com.example.sanchita.mobilecontrol.MobileControl](this:0x432ea160,api:1) [queue] fps:2.84, dur:1406.38, max:490.36, min:202.65
D/InputReader(  486): AP_PROF:AppLaunch_dispatchPtr:Down:344460904
I/AP_PROF (  486): unable to open /proc/mtprof/status entry
D/PowerManagerService(  486): userActivityFromNative
D/PowerManagerService(  486): userActivityNoUpdateLocked: eventTime=344460904, event=2, flags=0x0, uid=1000
D/PowerManagerNotifier(  486): onUserActivity: event=2, uid=1000
V/Provider/Settings(  486):  from settings cache , name = display_keylight_timeout , value = 0
D/PowerManagerService(  486): updateUserActivitySummaryLocked: mWakefulness=Awake, mUserActivitySummary=0x1, nextTimeout=345053904 (in 592997 ms)
D/PowerManagerService(  486): newScreenState = 2
D/PowerManagerDisplayController(  486): requestPowerState: screenState=2, useProximitySensor=false, screenBrightness=30, screenAutoBrightnessAdjustment=0.0, useAutoBrightness=false, useEcoBrightness=false, blockScreenOn=false, waitForNegativeProximity=false
I/PowerManagerService(  486): setBrightness mButtonLight 0.
D/PowerManagerService(  486): updateScreenStateLocked: mDisplayReady=true, newScreenState=2, mWakefulness=1, mWakeLockSummary=0x0, mUserActivitySummary=0x1, mBootCompleted=true
D/PowerManagerService(  486): handleSandman: canDream=false, mWakefulness=Awake
I/BufferQueue(  135): [com.example.sanchita.mobilecontrol/com.example.sanchita.mobilecontrol.MobileControl](this:0x432ea160,api:1) [release] fps:2.84, dur:1406.48, max:495.24, min:197.94
V/ActivityManager(  486): getTasks: max=1, flags=0, receiver=null
V/ActivityManager(  486): com.example.sanchita.mobilecontrol/.MobileControl: task=TaskRecord{427c9870 #2244 A com.example.sanchita.mobilecontrol U 0}
V/ActivityManager(  486): We have pending thumbnails: null
D/StateMachine(  486): handleMessage: E msg.what=131155
D/StateMachine(  486): processMsg: ConnectedState
D/WifiStateMachine(  486): ConnectedState{ what=131155 when=-3ms arg1=964 target=Handler (com.android.internal.util.StateMachine$SmHandler) {42339cd8} }
D/StateMachine(  486): processMsg: L2ConnectedState
D/WifiStateMachine(  486): L2ConnectedState{ what=131155 when=-4ms arg1=964 target=Handler (com.android.internal.util.StateMachine$SmHandler) {42339cd8} }
D/WifiNative-wlan0(  486): doString: SIGNAL_POLL
D/WifiCommon(  486): [wlan0] SET "SIGNAL_POLL"
D/wpa_supplicant(22171): RX ctrl_iface - hexdump(len=11): 53 49 47 4e 41 4c 5f 50 4f 4c 4c
D/wpa_supplicant(22171): wlan0: Control interface command 'SIGNAL_POLL'
D/wpa_supplicant(22171): nl80211: survey data missing!
I/WifiStateMachine(  486): fetchRssiAndLinkSpeedNative, newRssi:-69, newLinkSpeed:135
V/ActivityManager(  486): Broadcast sticky: Intent { act=android.net.wifi.RSSI_CHANGED flg=0x8000010 (has extras) } ordered=false userid=-1 callerApp=ProcessRecord{42111858 486:system/1000}
D/WifiWatchdogStateMachine(  486): RSSI current: 3 new: -69, 2
D/NetworkControllerGemini(  574): onReceive, intent action is android.net.wifi.RSSI_CHANGED
D/NetworkControllerGemini(  574): updateWifiState: mWifiLevel = 2  mWifiRssi=-69 mWifiConnected is true
D/NetworkControllerGemini(  574): refreshViews(0), DataConnected=false
D/NetworkControllerGemini(  574): refreshViews(0), set parameters to signal cluster view.
D/SignalClusterViewGemini(  574): setWifiIndicators, visible=true, strengthIcon=2130838057, activityIcon=2130838051, contentDescription=Wifi two bars.
D/NetworkControllerGemini(  574): refreshViews(0), tempPhoneSignalIconId.0 = 2130837990  tempPhoneSignalIconId.1 = 0  tempMobileActivityIconId= 0  tempDataTypeIconId= 2130837939
D/SignalClusterViewGemini(  574): setMobileDataIndicators(0), visible=true, strengthIcon[0] ~ [1] 2130837990 ~ 0
D/SignalClusterViewGemini(  574): setIsAirplaneMode=false
D/SignalClusterViewGemini(  574): setRoamingFlagandResource(0), roaming=true, roamingId=2130837968
D/SignalClusterViewGemini(  574): setRoamingFlagandResource(1), roaming=false, roamingId=0
D/SignalClusterViewGemini(  574): setShowSimIndicator(0), showSimIndicator=false simIndicatorResource = 2130838089
D/SignalClusterViewGemini(  574): setDataNetType3G(0), dataNetType=Type_G
D/SignalClusterViewGemini(  574): apply(), mWifiVisible is true
D/SIMHelper(  574): isSimInserted(0), SimInserted=true
D/SignalClusterViewGemini(  574): apply(), slotId=0, mMobileVisible=true, mShouldMobileGroupVisible=true
D/SignalClusterViewGemini(  574): apply(), slotId=0, mRoaming=true mMobileActivityId=0 mMobileTypeId=2130837939 mMobileStrengthId[0] = 2130837990 mMobileStrengthId[1] = 0
D/SIMHelper(  574): isSimInserted(0), SimInserted=true
D/SIMHelper(  574): isSimInserted(0), SimInserted=true
D/SignalClusterViewGemini(  574): apply(), slot=0, mDataNetType=Type_G resId= 0 simColorId = 0
D/SignalClusterViewGemini(  574): apply(). mIsAirplaneMode is false
D/SIMHelper(  574): isSimInserted(1), SimInserted=true
D/SignalClusterViewGemini(  574): apply(), slotId=1, mMobileVisible=true, mShouldMobileGroupVisible=true
D/StateMachine(  486): handleMessage: X
D/SignalClusterViewGemini(  574): apply(), slotId=1, mRoaming=false mMobileActivityId=0 mMobileTypeId=2130837942 mMobileStrengthId[0] = 2130837992 mMobileStrengthId[1] = 0
D/SIMHelper(  574): isSimInserted(1), SimInserted=true
D/SIMHelper(  574): isSimInserted(1), SimInserted=true
D/SignalClusterViewGemini(  574): apply(), slot=1, mDataNetType=Type_G resId= 0 simColorId = 1
D/SignalClusterViewGemini(  574): apply(). mIsAirplaneMode is false
D/NetworkControllerGemini(  574): refreshViews(1), DataConnected=false
D/SignalClusterViewGemini(  574): setRoamingFlagandResource(0), roaming=true, roamingId=2130837968
D/SignalClusterViewGemini(  574): setRoamingFlagandResource(1), roaming=false, roamingId=0
D/SignalClusterViewGemini(  574): setShowSimIndicator(1), showSimIndicator=false simIndicatorResource = 0
D/SignalClusterViewGemini(  574): setDataNetType3G(1), dataNetType=Type_G
D/SignalClusterViewGemini(  574): apply(), mWifiVisible is true
D/SIMHelper(  574): isSimInserted(0), SimInserted=true
D/SignalClusterViewGemini(  574): apply(), slotId=0, mMobileVisible=true, mShouldMobileGroupVisible=true
D/SignalClusterViewGemini(  574): apply(), slotId=0, mRoaming=true mMobileActivityId=0 mMobileTypeId=2130837939 mMobileStrengthId[0] = 2130837990 mMobileStrengthId[1] = 0
D/SIMHelper(  574): isSimInserted(0), SimInserted=true
D/SIMHelper(  574): isSimInserted(0), SimInserted=true
D/SignalClusterViewGemini(  574): apply(), slot=0, mDataNetType=Type_G resId= 0 simColorId = 0
D/SignalClusterViewGemini(  574): apply(). mIsAirplaneMode is false
D/SIMHelper(  574): isSimInserted(1), SimInserted=true
D/SignalClusterViewGemini(  574): apply(), slotId=1, mMobileVisible=true, mShouldMobileGroupVisible=true
D/SignalClusterViewGemini(  574): apply(), slotId=1, mRoaming=false mMobileActivityId=0 mMobileTypeId=2130837942 mMobileStrengthId[0] = 2130837992 mMobileStrengthId[1] = 0
D/SIMHelper(  574): isSimInserted(1), SimInserted=true
D/SIMHelper(  574): isSimInserted(1), SimInserted=true
D/SignalClusterViewGemini(  574): apply(), slot=1, mDataNetType=Type_G resId= 0 simColorId = 1
D/SignalClusterViewGemini(  574): apply(). mIsAirplaneMode is false
I/SurfaceTextureClient(  574): [STC::queueBuffer] (this:0x516265c8) fps:2.95, dur:1018.61, max:494.33, min:181.77
I/BufferQueue(  135): [StatusBar](this:0x41d9ce28,api:1) [queue] fps:2.95, dur:1018.64, max:494.40, min:181.56
I/BufferQueue(  135): [StatusBar](this:0x41d9ce28,api:1) [release] fps:2.97, dur:1010.01, max:495.14, min:178.03
V/ActivityManager(  486): getTasks: max=1, flags=0, receiver=null
V/ActivityManager(  486): com.example.sanchita.mobilecontrol/.MobileControl: task=TaskRecord{427c9870 #2244 A com.example.sanchita.mobilecontrol U 0}
V/ActivityManager(  486): We have pending thumbnails: null
D/InputReader(  486): AP_PROF:AppLaunch_dispatchPtr:Up:344461039
V/Provider/Settings(31180):  from settings cache , name = sound_effects_enabled , value = 0
D/ConnectivityService(  486): getActiveNetworkInfo:NetworkInfo: type: WIFI[], state: CONNECTED/CONNECTED, reason: (unspecified), extra: "RabilalAsylum", roaming: false, failover: false, isAvailable: true, simId: 0/10096
I/System.out(31180): initHttpEngine: implies a POST method
D/FrameworkListener(  131): dispatchCommand data = (getaddrinfo mymobilecontrol.orgfree.com ^ 1024 0 1 0)
D/libc-netbsd(  131): getaddrinfo: mymobilecontrol.orgfree.com NO result from proxy 
D/libc-netbsd(  131): res_queryN name = mymobilecontrol.orgfree.com, class = 1, type = 1
D/libc-netbsd(  131): res_queryN name = mymobilecontrol.orgfree.com succeed
D/SocketClient(  131): SocketClient sendDatalocked done: 222
D/SocketClient(  131): SocketClient sendDatalocked done: 
D/SocketClient(  131): SocketClient sendDatalocked done: 
D/SocketClient(  131): SocketClient sendDatalocked done: 
D/SocketClient(  131): SocketClient sendDatalocked done: 
D/SocketClient(  131): SocketClient sendDatalocked done: 
D/libc-netbsd(31180): getaddrinfo: mymobilecontrol.orgfree.com get result from proxy >>
I/System.out(31180): propertyValue:true
I/System.out(31180): [socket][0] connection mymobilecontrol.orgfree.com/144.76.99.221:80;LocalPort=54778(0)
I/System.out(31180): [CDS]connect[mymobilecontrol.orgfree.com/144.76.99.221:80] tm:90
D/Posix   (31180): [Posix_connect Debug]Process com.example.sanchita.mobilecontrol :80 
D/SocketClient(  131): SocketClient sendDatalocked done: 
V/ActivityManager(  486): getTasks: max=1, flags=0, receiver=null
V/ActivityManager(  486): com.example.sanchita.mobilecontrol/.MobileControl: task=TaskRecord{427c9870 #2244 A com.example.sanchita.mobilecontrol U 0}
V/ActivityManager(  486): We have pending thumbnails: null
V/ActivityManager(  486): getTasks: max=1, flags=0, receiver=null
V/ActivityManager(  486): com.example.sanchita.mobilecontrol/.MobileControl: task=TaskRecord{427c9870 #2244 A com.example.sanchita.mobilecontrol U 0}
V/ActivityManager(  486): We have pending thumbnails: null
V/ActivityManager(  486): getTasks: max=1, flags=0, receiver=null
V/ActivityManager(  486): com.example.sanchita.mobilecontrol/.MobileControl: task=TaskRecord{427c9870 #2244 A com.example.sanchita.mobilecontrol U 0}
D/ADB_SERVICES(10721): adb socket read list (15) 
D/ADB_SERVICES(10721): read_data=76493
D/ADB_SERVICES(10721): max_read_time=0.000147 max_send_time=0.000127 
V/ActivityManager(  486): We have pending thumbnails: null
D/ADB_SERVICES(10721): adb local_socket_ready list (15) 
V/ActivityManager(  486): getTasks: max=1, flags=0, receiver=null
V/ActivityManager(  486): com.example.sanchita.mobilecontrol/.MobileControl: task=TaskRecord{427c9870 #2244 A com.example.sanchita.mobilecontrol U 0}
V/ActivityManager(  486): We have pending thumbnails: null
V/ActivityManager(  486): Broadcast sticky: Intent { act=android.intent.action.SIG_STR flg=0x10 (has extras) } ordered=false userid=-1 callerApp=ProcessRecord{42111858 486:system/1000}
D/NetworkControllerGemini(  574): PhoneStateListener:onSignalStrengthsChanged, sim1 before.
D/NetworkControllerGemini(  574): PhoneStateListener:onSignalStrengthsChanged, signalStrength=4
D/NetworkControllerGemini(  574): updateDataNetType(1), DataNetType=1.
D/SIMHelper(  574): isSimInserted(1), SimInserted=true
D/NetworkControllerGemini(  574): updateDataNetType(1), simColorId=1
D/PhoneInterfaceManager(  639): isNetworkRoaming simId=1
D/SIMHelper(  574): isSimInserted(1), SimInserted=true
D/NetworkControllerGemini(  574): updateDataNetType(1), DataNetType3G=Type_G tempDataTypeIconId= 2130837942.
D/SIMHelper(  574): isSimInserted(1), SimInserted=true
D/NetworkControllerGemini(  574): updateTelephonySignalStrength(1), regState=1
D/NetworkControllerGemini(  574): updateTelephonySignalStrength(1), hasService=true
D/PhoneInterfaceManager(  639): isNetworkRoaming simId=1
D/Bluetooth HS/HF(  639): [BT][HFG] [API] mStateReceiver.onReceive(android.intent.action.SIG_STR)
D/NetworkControllerGemini(  574): updateTelephonySignalStrength(1), isRoaming=false, mInetCondition=1
D/Bluetooth HS/HF(  639): [BT][HFG] [API] mHandler.handleMessage(10)
D/SIMHelper(  574): isSimInserted(1), SimInserted=true
D/NetworkControllerGemini(  574): updateTelephonySignalStrength(1), simColorId=1
D/NetworkControllerGemini(  574): updateTelephonySignalStrength(1), tempDataNetType = Type_G , simColorId=1  tempPhoneSignalIconId[0] = 2130837992  tempPhoneSignalIconId[1] = 0
D/NetworkControllerGemini(  574):  updateTelephonySignalStrength(1) tempSIMCUSignVisible= true
D/NetworkControllerGemini(  574): refreshViews(1), DataConnected=false
D/SignalClusterViewGemini(  574): setRoamingFlagandResource(0), roaming=true, roamingId=2130837968
D/SignalClusterViewGemini(  574): setRoamingFlagandResource(1), roaming=false, roamingId=0
D/SignalClusterViewGemini(  574): setShowSimIndicator(1), showSimIndicator=false simIndicatorResource = 0
D/SignalClusterViewGemini(  574): setDataNetType3G(1), dataNetType=Type_G
D/SignalClusterViewGemini(  574): apply(), mWifiVisible is true
D/SIMHelper(  574): isSimInserted(0), SimInserted=true
D/SignalClusterViewGemini(  574): apply(), slotId=0, mMobileVisible=true, mShouldMobileGroupVisible=true
D/SignalClusterViewGemini(  574): apply(), slotId=0, mRoaming=true mMobileActivityId=0 mMobileTypeId=2130837939 mMobileStrengthId[0] = 2130837990 mMobileStrengthId[1] = 0
D/SIMHelper(  574): isSimInserted(0), SimInserted=true
D/SIMHelper(  574): isSimInserted(0), SimInserted=true
D/SignalClusterViewGemini(  574): apply(), slot=0, mDataNetType=Type_G resId= 0 simColorId = 0
D/SignalClusterViewGemini(  574): apply(). mIsAirplaneMode is false
D/SIMHelper(  574): isSimInserted(1), SimInserted=true
D/SignalClusterViewGemini(  574): apply(), slotId=1, mMobileVisible=true, mShouldMobileGroupVisible=true
D/SignalClusterViewGemini(  574): apply(), slotId=1, mRoaming=false mMobileActivityId=0 mMobileTypeId=2130837942 mMobileStrengthId[0] = 2130837992 mMobileStrengthId[1] = 0
D/SIMHelper(  574): isSimInserted(1), SimInserted=true
D/SIMHelper(  574): isSimInserted(1), SimInserted=true
D/SignalClusterViewGemini(  574): apply(), slot=1, mDataNetType=Type_G resId= 0 simColorId = 1
D/SignalClusterViewGemini(  574): apply(). mIsAirplaneMode is false
D/NetworkControllerGemini(  574): PhoneStateListener:onSignalStrengthsChanged, sim1 after.
V/ActivityManager(  486): getTasks: max=1, flags=0, receiver=null
V/ActivityManager(  486): com.example.sanchita.mobilecontrol/.MobileControl: task=TaskRecord{427c9870 #2244 A com.example.sanchita.mobilecontrol U 0}
V/ActivityManager(  486): We have pending thumbnails: null
V/ActivityManager(  486): getTasks: max=1, flags=0, receiver=null
V/ActivityManager(  486): com.example.sanchita.mobilecontrol/.MobileControl: task=TaskRecord{427c9870 #2244 A com.example.sanchita.mobilecontrol U 0}
V/ActivityManager(  486): We have pending thumbnails: null
V/ActivityManager(  486): getTasks: max=1, flags=0, receiver=null
V/ActivityManager(  486): com.example.sanchita.mobilecontrol/.MobileControl: task=TaskRecord{427c9870 #2244 A com.example.sanchita.mobilecontrol U 0}
V/ActivityManager(  486): We have pending thumbnails: null
V/ActivityManager(  486): getTasks: max=1, flags=0, receiver=null
V/ActivityManager(  486): com.example.sanchita.mobilecontrol/.MobileControl: task=TaskRecord{427c9870 #2244 A com.example.sanchita.mobilecontrol U 0}
V/ActivityManager(  486): We have pending thumbnails: null
V/ActivityManager(  486): getTasks: max=1, flags=0, receiver=null
V/ActivityManager(  486): com.example.sanchita.mobilecontrol/.MobileControl: task=TaskRecord{427c9870 #2244 A com.example.sanchita.mobilecontrol U 0}
V/ActivityManager(  486): We have pending thumbnails: null
I/SurfaceFlinger(  135): [SurfaceFlinger] fps:5.699967,dur:1228.08,max:475.36,min:19.54
I/SurfaceTextureClient(  135): [STC::queueBuffer] (this:0x41449630) fps:5.70, dur:1228.80, max:476.48, min:19.18
I/BufferQueue(  135): [FramebufferSurface](this:0x4148a008,api:1) [release] fps:5.70, dur:1228.81, max:476.59, min:19.18
I/BufferQueue(  135): [FramebufferSurface](this:0x4148a008,api:1) [queue] fps:5.70, dur:1228.08, max:475.35, min:19.70
D/NetworkControllerGemini(  574): refreshViews(0), DataConnected=false
D/NetworkControllerGemini(  574): refreshViews(0), set parameters to signal cluster view.
D/SignalClusterViewGemini(  574): setWifiIndicators, visible=true, strengthIcon=2130838057, activityIcon=2130838052, contentDescription=Wifi two bars.
D/NetworkControllerGemini(  574): refreshViews(0), tempPhoneSignalIconId.0 = 2130837990  tempPhoneSignalIconId.1 = 0  tempMobileActivityIconId= 0  tempDataTypeIconId= 2130837939
D/SignalClusterViewGemini(  574): setMobileDataIndicators(0), visible=true, strengthIcon[0] ~ [1] 2130837990 ~ 0
D/SignalClusterViewGemini(  574): setIsAirplaneMode=false
D/SignalClusterViewGemini(  574): setRoamingFlagandResource(0), roaming=true, roamingId=2130837968
D/SignalClusterViewGemini(  574): setRoamingFlagandResource(1), roaming=false, roamingId=0
D/SignalClusterViewGemini(  574): setShowSimIndicator(0), showSimIndicator=false simIndicatorResource = 2130838089
D/SignalClusterViewGemini(  574): setDataNetType3G(0), dataNetType=Type_G
D/SignalClusterViewGemini(  574): apply(), mWifiVisible is true
D/SIMHelper(  574): isSimInserted(0), SimInserted=true
D/SignalClusterViewGemini(  574): apply(), slotId=0, mMobileVisible=true, mShouldMobileGroupVisible=true
D/SignalClusterViewGemini(  574): apply(), slotId=0, mRoaming=true mMobileActivityId=0 mMobileTypeId=2130837939 mMobileStrengthId[0] = 2130837990 mMobileStrengthId[1] = 0
D/SIMHelper(  574): isSimInserted(0), SimInserted=true
V/ActivityManager(  486): getTasks: max=1, flags=0, receiver=null
V/ActivityManager(  486): com.example.sanchita.mobilecontrol/.MobileControl: task=TaskRecord{427c9870 #2244 A com.example.sanchita.mobilecontrol U 0}
V/ActivityManager(  486): We have pending thumbnails: null
D/SIMHelper(  574): isSimInserted(0), SimInserted=true
D/SignalClusterViewGemini(  574): apply(), slot=0, mDataNetType=Type_G resId= 0 simColorId = 0
D/SignalClusterViewGemini(  574): apply(). mIsAirplaneMode is false
D/SIMHelper(  574): isSimInserted(1), SimInserted=true
D/SignalClusterViewGemini(  574): apply(), slotId=1, mMobileVisible=true, mShouldMobileGroupVisible=true
D/SignalClusterViewGemini(  574): apply(), slotId=1, mRoaming=false mMobileActivityId=0 mMobileTypeId=2130837942 mMobileStrengthId[0] = 2130837992 mMobileStrengthId[1] = 0
D/SIMHelper(  574): isSimInserted(1), SimInserted=true
D/SIMHelper(  574): isSimInserted(1), SimInserted=true
D/SignalClusterViewGemini(  574): apply(), slot=1, mDataNetType=Type_G resId= 0 simColorId = 1
D/SignalClusterViewGemini(  574): apply(). mIsAirplaneMode is false
D/NetworkControllerGemini(  574): refreshViews(1), DataConnected=false
D/SignalClusterViewGemini(  574): setRoamingFlagandResource(0), roaming=true, roamingId=2130837968
D/SignalClusterViewGemini(  574): setRoamingFlagandResource(1), roaming=false, roamingId=0
D/SignalClusterViewGemini(  574): setShowSimIndicator(1), showSimIndicator=false simIndicatorResource = 0
D/SignalClusterViewGemini(  574): setDataNetType3G(1), dataNetType=Type_G
D/SignalClusterViewGemini(  574): apply(), mWifiVisible is true
D/SIMHelper(  574): isSimInserted(0), SimInserted=true
D/SignalClusterViewGemini(  574): apply(), slotId=0, mMobileVisible=true, mShouldMobileGroupVisible=true
D/SignalClusterViewGemini(  574): apply(), slotId=0, mRoaming=true mMobileActivityId=0 mMobileTypeId=2130837939 mMobileStrengthId[0] = 2130837990 mMobileStrengthId[1] = 0
D/SIMHelper(  574): isSimInserted(0), SimInserted=true
D/SIMHelper(  574): isSimInserted(0), SimInserted=true
D/SignalClusterViewGemini(  574): apply(), slot=0, mDataNetType=Type_G resId= 0 simColorId = 0
D/SignalClusterViewGemini(  574): apply(). mIsAirplaneMode is false
D/SIMHelper(  574): isSimInserted(1), SimInserted=true
D/SignalClusterViewGemini(  574): apply(), slotId=1, mMobileVisible=true, mShouldMobileGroupVisible=true
D/SignalClusterViewGemini(  574): apply(), slotId=1, mRoaming=false mMobileActivityId=0 mMobileTypeId=2130837942 mMobileStrengthId[0] = 2130837992 mMobileStrengthId[1] = 0
D/SIMHelper(  574): isSimInserted(1), SimInserted=true
D/SIMHelper(  574): isSimInserted(1), SimInserted=true
D/SignalClusterViewGemini(  574): apply(), slot=1, mDataNetType=Type_G resId= 0 simColorId = 1
D/SignalClusterViewGemini(  574): apply(). mIsAirplaneMode is false
V/ActivityManager(  486): getTasks: max=1, flags=0, receiver=null
V/ActivityManager(  486): com.example.sanchita.mobilecontrol/.MobileControl: task=TaskRecord{427c9870 #2244 A com.example.sanchita.mobilecontrol U 0}
V/ActivityManager(  486): We have pending thumbnails: null
V/ActivityManager(  486): getTasks: max=1, flags=0, receiver=null
V/ActivityManager(  486): com.example.sanchita.mobilecontrol/.MobileControl: task=TaskRecord{427c9870 #2244 A com.example.sanchita.mobilecontrol U 0}
V/ActivityManager(  486): We have pending thumbnails: null
I/SurfaceTextureClient(  574): [STC::queueBuffer] (this:0x516265c8) fps:2.58, dur:1163.39, max:832.29, min:154.96
I/BufferQueue(  135): [StatusBar](this:0x41d9ce28,api:1) [queue] fps:2.58, dur:1163.30, max:832.33, min:154.74
V/ActivityManager(  486): getTasks: max=1, flags=0, receiver=null
V/ActivityManager(  486): com.example.sanchita.mobilecontrol/.MobileControl: task=TaskRecord{427c9870 #2244 A com.example.sanchita.mobilecontrol U 0}
V/ActivityManager(  486): We have pending thumbnails: null
I/BufferQueue(  135): [StatusBar](this:0x41d9ce28,api:1) [release] fps:2.57, dur:1168.54, max:831.82, min:158.44
V/ActivityManager(  486): getTasks: max=1, flags=0, receiver=null
V/ActivityManager(  486): com.example.sanchita.mobilecontrol/.MobileControl: task=TaskRecord{427c9870 #2244 A com.example.sanchita.mobilecontrol U 0}
V/ActivityManager(  486): We have pending thumbnails: null
V/ActivityManager(  486): getTasks: max=1, flags=0, receiver=null
V/ActivityManager(  486): com.example.sanchita.mobilecontrol/.MobileControl: task=TaskRecord{427c9870 #2244 A com.example.sanchita.mobilecontrol U 0}
V/ActivityManager(  486): We have pending thumbnails: null
I/SurfaceTextureClient(31180): [STC::queueBuffer] (this:0x533ec9a0) fps:3.99, dur:1505.13, max:510.28, min:22.20
I/BufferQueue(  135): [com.example.sanchita.mobilecontrol/com.example.sanchita.mobilecontrol.MobileControl](this:0x432ea160,api:1) [queue] fps:3.99, dur:1505.18, max:510.42, min:22.24
I/BufferQueue(  135): [com.example.sanchita.mobilecontrol/com.example.sanchita.mobilecontrol.MobileControl](this:0x432ea160,api:1) [release] fps:3.99, dur:1505.08, max:514.69, min:19.99
V/ActivityManager(  486): getTasks: max=1, flags=0, receiver=null
V/ActivityManager(  486): com.example.sanchita.mobilecontrol/.MobileControl: task=TaskRecord{427c9870 #2244 A com.example.sanchita.mobilecontrol U 0}
V/ActivityManager(  486): We have pending thumbnails: null
D/ConnectivityService(  486): getActiveNetworkInfo:NetworkInfo: type: WIFI[], state: CONNECTED/CONNECTED, reason: (unspecified), extra: "RabilalAsylum", roaming: false, failover: false, isAvailable: true, simId: 0/10032
D/ConnectivityService(  486): getActiveNetworkInfo:NetworkInfo: type: WIFI[], state: CONNECTED/CONNECTED, reason: (unspecified), extra: "RabilalAsylum", roaming: false, failover: false, isAvailable: true, simId: 0/10032
V/ActivityManager(  486): getTasks: max=1, flags=0, receiver=null
V/ActivityManager(  486): com.example.sanchita.mobilecontrol/.MobileControl: task=TaskRecord{427c9870 #2244 A com.example.sanchita.mobilecontrol U 0}
V/ActivityManager(  486): We have pending thumbnails: null
V/ActivityManager(  486): getTasks: max=1, flags=0, receiver=null
V/ActivityManager(  486): com.example.sanchita.mobilecontrol/.MobileControl: task=TaskRecord{427c9870 #2244 A com.example.sanchita.mobilecontrol U 0}
V/ActivityManager(  486): We have pending thumbnails: null
V/ActivityManager(  486): getTasks: max=1, flags=0, receiver=null
V/ActivityManager(  486): com.example.sanchita.mobilecontrol/.MobileControl: task=TaskRecord{427c9870 #2244 A com.example.sanchita.mobilecontrol U 0}
V/ActivityManager(  486): We have pending thumbnails: null
D/IPCThreadState(11864): [DN #5] BR_CLEAR_DEATH_NOTIFICATION_DONE cookie 0x52df4518
V/ActivityManager(  486): getTasks: max=1, flags=0, receiver=null
V/ActivityManager(  486): com.example.sanchita.mobilecontrol/.MobileControl: task=TaskRecord{427c9870 #2244 A com.example.sanchita.mobilecontrol U 0}
V/ActivityManager(  486): We have pending thumbnails: null
D/IPCThreadState(11652): [DN #5] BR_CLEAR_DEATH_NOTIFICATION_DONE cookie 0x5da86080
I/SurfaceFlinger(  135): [SurfaceFlinger] fps:5.825270,dur:1030.00,max:257.51,min:20.03
I/SurfaceTextureClient(  135): [STC::queueBuffer] (this:0x41449630) fps:5.83, dur:1029.21, max:257.73, min:19.00
I/BufferQueue(  135): [FramebufferSurface](this:0x4148a008,api:1) [release] fps:5.83, dur:1029.15, max:257.78, min:18.89
I/BufferQueue(  135): [FramebufferSurface](this:0x4148a008,api:1) [queue] fps:5.83, dur:1030.01, max:257.59, min:19.79
D/NetworkControllerGemini(  574): refreshViews(0), DataConnected=false
D/NetworkControllerGemini(  574): refreshViews(0), set parameters to signal cluster view.
D/SignalClusterViewGemini(  574): setWifiIndicators, visible=true, strengthIcon=2130838057, activityIcon=2130838051, contentDescription=Wifi two bars.
D/NetworkControllerGemini(  574): refreshViews(0), tempPhoneSignalIconId.0 = 2130837990  tempPhoneSignalIconId.1 = 0  tempMobileActivityIconId= 0  tempDataTypeIconId= 2130837939
D/SignalClusterViewGemini(  574): setMobileDataIndicators(0), visible=true, strengthIcon[0] ~ [1] 2130837990 ~ 0
D/SignalClusterViewGemini(  574): setIsAirplaneMode=false
D/SignalClusterViewGemini(  574): setRoamingFlagandResource(0), roaming=true, roamingId=2130837968
D/SignalClusterViewGemini(  574): setRoamingFlagandResource(1), roaming=false, roamingId=0
D/SignalClusterViewGemini(  574): setShowSimIndicator(0), showSimIndicator=false simIndicatorResource = 2130838089
D/SignalClusterViewGemini(  574): setDataNetType3G(0), dataNetType=Type_G
D/SignalClusterViewGemini(  574): apply(), mWifiVisible is true
D/SIMHelper(  574): isSimInserted(0), SimInserted=true
D/SignalClusterViewGemini(  574): apply(), slotId=0, mMobileVisible=true, mShouldMobileGroupVisible=true
D/SignalClusterViewGemini(  574): apply(), slotId=0, mRoaming=true mMobileActivityId=0 mMobileTypeId=2130837939 mMobileStrengthId[0] = 2130837990 mMobileStrengthId[1] = 0
D/SIMHelper(  574): isSimInserted(0), SimInserted=true
D/SIMHelper(  574): isSimInserted(0), SimInserted=true
D/SignalClusterViewGemini(  574): apply(), slot=0, mDataNetType=Type_G resId= 0 simColorId = 0
D/SignalClusterViewGemini(  574): apply(). mIsAirplaneMode is false
D/SIMHelper(  574): isSimInserted(1), SimInserted=true
D/SignalClusterViewGemini(  574): apply(), slotId=1, mMobileVisible=true, mShouldMobileGroupVisible=true
D/SignalClusterViewGemini(  574): apply(), slotId=1, mRoaming=false mMobileActivityId=0 mMobileTypeId=2130837942 mMobileStrengthId[0] = 2130837992 mMobileStrengthId[1] = 0
D/SIMHelper(  574): isSimInserted(1), SimInserted=true
D/SIMHelper(  574): isSimInserted(1), SimInserted=true
